

==================================================================================
=== CALIBRE::ERC-H SUMMARY REPORT
===
Execution Date/Time:          Sun Jan  2 10:55:01 2022
Calibre Version:              v2013.2_18.13    Thu May 16 13:39:43 PDT 2013
Rule File Pathname:           /js1/baixf/teaching/PCD2021/example/check/lvs/run/_LVS_RC_Calibre_018um_gen3_1P5M_v1.3b_
Rule File Title:              
Layout System:                GDSII
Layout Path(s):               clefia_128.calibre.db
Layout Primary Cell:          clefia_128
Current Directory:            /js1/baixf/teaching/PCD2021/example/check/lvs/run
User Name:                    baixf
Maximum Results/ERC Check:    1000
Maximum ERC Result Vertices:  4096
ERC Results Database:         clefia_128.erc.results (ASCII)
Layout Depth:                 ALL
Text Depth:                   PRIMARY
Summary Report File:          clefia_128.erc.summary (REPLACE)
Geometry Flagging:            ACUTE = NO  SKEW = YES  ANGLED = NO  OFFGRID = YES
                              NONSIMPLE POLYGON = NO  NONSIMPLE PATH = NO
Excluded Cells:              
CheckText Mapping:            COMMENT TEXT + RULE FILE INFORMATION
Layers:                       MEMORY-BASED
Keep Empty Checks:            YES
----------------------------------------------------------------------------------
--- RUNTIME WARNINGS
---
Layer 3 contains unmapped objects and is the source layer of LAYER MAP == 3 DATATYPE == 7.
Layer 3 contains unmapped objects and is the source layer of LAYER MAP == 3 DATATYPE == 1.
Layer 13 contains unmapped objects and is the source layer of LAYER MAP == 13 DATATYPE == 1.
Layer 13 contains unmapped objects and is the source layer of LAYER MAP == 13 DATATYPE == 4.
Layer 15 contains unmapped objects and is the source layer of LAYER MAP == 15 DATATYPE == 2.
Layer 16 contains unmapped objects and is the source layer of LAYER MAP == 16 DATATYPE == 1.
Layer 16 contains unmapped objects and is the source layer of LAYER MAP == 16 DATATYPE == 2.
Layer 18 contains unmapped objects and is the source layer of LAYER MAP == 18 DATATYPE == 1.
Layer 18 contains unmapped objects and is the source layer of LAYER MAP == 18 DATATYPE == 2.
Layer 28 contains unmapped objects and is the source layer of LAYER MAP == 28 DATATYPE == 1.
Layer 28 contains unmapped objects and is the source layer of LAYER MAP == 28 DATATYPE == 2.
Layer 31 contains unmapped objects and is the source layer of LAYER MAP == 31 DATATYPE == 1.
Layer 31 contains unmapped objects and is the source layer of LAYER MAP == 31 DATATYPE == 2.
Layer 56 contains unmapped objects and is the source layer of LAYER MAP == 56 DATATYPE == 1.
Layer 56 contains unmapped objects and is the source layer of LAYER MAP == 56 DATATYPE == 2.
TEXT PRINT MAXIMUM limit of 1000 exceeded. 482 object(s) not printed.
TEXT PRINT MAXIMUM limit of 1000 exceeded. 482 object(s) not printed.
There is no data for layout net name AVD33B.
There is no data for layout net name AVD33G.
There is no data for layout net name AVD33R.
There is no data for layout net name AVDD.
There is no data for layout net name AVDDB.
There is no data for layout net name AVDDBG.
There is no data for layout net name AVDDG.
There is no data for layout net name AVDDR.
There is no data for layout net name AVDWELL.
There is no data for layout net name DVDD.
There is no data for layout net name TAVD33.
There is no data for layout net name TAVD33PST.
There is no data for layout net name TAVDD.
There is no data for layout net name TAVDDPST.
There is no data for layout net name VD33.
There is no data for layout net name VD33APST.
There is no data for layout net name VD33PST.
There is no data for layout net name VD33REF.
There is no data for layout net name VDD5V.
There is no data for layout net name VDDESD.
There is no data for layout net name VDDG.
There is no data for layout net name VDDM.
There is no data for layout net name VDDPST.
There is no data for layout net name VDDSA.
There is no data for layout net name VDWELL.
There is no data for layout net name AGND.
There is no data for layout net name AVS33B.
There is no data for layout net name AVS33G.
There is no data for layout net name AVS33R.
There is no data for layout net name AVSS.
There is no data for layout net name AVSSB.
There is no data for layout net name AVSSBG.
There is no data for layout net name AVSSG.
There is no data for layout net name AVSSR.
There is no data for layout net name AVSSUB.
There is no data for layout net name DVSS.
There is no data for layout net name GND.
There is no data for layout net name TACVSS.
There is no data for layout net name TAVSS.
There is no data for layout net name TAVSSPST.
There is no data for layout net name VS33APST.
There is no data for layout net name VSSAPST.
There is no data for layout net name VSSESD.
There is no data for layout net name VSSG.
There is no data for layout net name VSSM.
There is no data for layout net name VSSPST.
There is no data for layout net name VSSREF.
There is no data for layout net name VSSUB.
There is no data for layout net name AVD33B.
There is no data for layout net name AVD33G.
There is no data for layout net name AVD33R.
There is no data for layout net name AVDD.
There is no data for layout net name AVDDB.
There is no data for layout net name AVDDBG.
There is no data for layout net name AVDDG.
There is no data for layout net name AVDDR.
There is no data for layout net name AVDWELL.
There is no data for layout net name DVDD.
There is no data for layout net name TAVD33.
There is no data for layout net name TAVD33PST.
There is no data for layout net name TAVDD.
There is no data for layout net name TAVDDPST.
There is no data for layout net name VD33.
There is no data for layout net name VD33APST.
There is no data for layout net name VD33PST.
There is no data for layout net name VD33REF.
There is no data for layout net name VDD5V.
There is no data for layout net name VDDESD.
There is no data for layout net name VDDG.
There is no data for layout net name VDDM.
There is no data for layout net name VDDPST.
There is no data for layout net name VDDSA.
There is no data for layout net name VDWELL.
There is no data for layout net name AGND.
There is no data for layout net name AVS33B.
There is no data for layout net name AVS33G.
There is no data for layout net name AVS33R.
There is no data for layout net name AVSS.
There is no data for layout net name AVSSB.
There is no data for layout net name AVSSBG.
There is no data for layout net name AVSSG.
There is no data for layout net name AVSSR.
There is no data for layout net name AVSSUB.
There is no data for layout net name DVSS.
There is no data for layout net name GND.
There is no data for layout net name TACVSS.
There is no data for layout net name TAVSS.
There is no data for layout net name TAVSSPST.
There is no data for layout net name VS33APST.
There is no data for layout net name VSSAPST.
There is no data for layout net name VSSESD.
There is no data for layout net name VSSG.
There is no data for layout net name VSSM.
There is no data for layout net name VSSPST.
There is no data for layout net name VSSREF.
There is no data for layout net name VSSUB.
There is no data for layout net name AVD33B.
There is no data for layout net name AVD33G.
There is no data for layout net name AVD33R.
There is no data for layout net name AVDD.
There is no data for layout net name AVDDB.
There is no data for layout net name AVDDBG.
There is no data for layout net name AVDDG.
There is no data for layout net name AVDDR.
There is no data for layout net name AVDWELL.
There is no data for layout net name DVDD.
There is no data for layout net name TAVD33.
There is no data for layout net name TAVD33PST.
There is no data for layout net name TAVDD.
There is no data for layout net name TAVDDPST.
There is no data for layout net name VD33.
There is no data for layout net name VD33APST.
There is no data for layout net name VD33PST.
There is no data for layout net name VD33REF.
There is no data for layout net name VDD5V.
There is no data for layout net name VDDESD.
There is no data for layout net name VDDG.
There is no data for layout net name VDDM.
There is no data for layout net name VDDPST.
There is no data for layout net name VDDSA.
There is no data for layout net name VDWELL.
There is no data for layout net name AGND.
There is no data for layout net name AVS33B.
There is no data for layout net name AVS33G.
There is no data for layout net name AVS33R.
There is no data for layout net name AVSS.
There is no data for layout net name AVSSB.
There is no data for layout net name AVSSBG.
There is no data for layout net name AVSSG.
There is no data for layout net name AVSSR.
There is no data for layout net name AVSSUB.
There is no data for layout net name DVSS.
There is no data for layout net name GND.
There is no data for layout net name TACVSS.
There is no data for layout net name TAVSS.
There is no data for layout net name TAVSSPST.
There is no data for layout net name VS33APST.
There is no data for layout net name VSSAPST.
There is no data for layout net name VSSESD.
There is no data for layout net name VSSG.
There is no data for layout net name VSSM.
There is no data for layout net name VSSPST.
There is no data for layout net name VSSREF.
There is no data for layout net name VSSUB.
There is no data for layout net name AGND.
There is no data for layout net name AVS33B.
There is no data for layout net name AVS33G.
There is no data for layout net name AVS33R.
There is no data for layout net name AVSS.
There is no data for layout net name AVSSB.
There is no data for layout net name AVSSBG.
There is no data for layout net name AVSSG.
There is no data for layout net name AVSSR.
There is no data for layout net name AVSSUB.
There is no data for layout net name DVSS.
There is no data for layout net name GND.
There is no data for layout net name TACVSS.
There is no data for layout net name TAVSS.
There is no data for layout net name TAVSSPST.
There is no data for layout net name VS33APST.
There is no data for layout net name VSSAPST.
There is no data for layout net name VSSESD.
There is no data for layout net name VSSG.
There is no data for layout net name VSSM.
There is no data for layout net name VSSPST.
There is no data for layout net name VSSREF.
There is no data for layout net name VSSUB.
There is no data for layout net name AVD33B.
There is no data for layout net name AVD33G.
There is no data for layout net name AVD33R.
There is no data for layout net name AVDD.
There is no data for layout net name AVDDB.
There is no data for layout net name AVDDBG.
There is no data for layout net name AVDDG.
There is no data for layout net name AVDDR.
There is no data for layout net name AVDWELL.
There is no data for layout net name DVDD.
There is no data for layout net name TAVD33.
There is no data for layout net name TAVD33PST.
There is no data for layout net name TAVDD.
There is no data for layout net name TAVDDPST.
There is no data for layout net name VD33.
There is no data for layout net name VD33APST.
There is no data for layout net name VD33PST.
There is no data for layout net name VD33REF.
There is no data for layout net name VDD5V.
There is no data for layout net name VDDESD.
There is no data for layout net name VDDG.
There is no data for layout net name VDDM.
There is no data for layout net name VDDPST.
There is no data for layout net name VDDSA.
There is no data for layout net name VDWELL.
There is no data for layout net name AVD33B.
There is no data for layout net name AVD33G.
There is no data for layout net name AVD33R.
There is no data for layout net name AVDD.
There is no data for layout net name AVDDB.
There is no data for layout net name AVDDBG.
There is no data for layout net name AVDDG.
There is no data for layout net name AVDDR.
There is no data for layout net name AVDWELL.
There is no data for layout net name DVDD.
There is no data for layout net name TAVD33.
There is no data for layout net name TAVD33PST.
There is no data for layout net name TAVDD.
There is no data for layout net name TAVDDPST.
There is no data for layout net name VD33.
There is no data for layout net name VD33APST.
There is no data for layout net name VD33PST.
There is no data for layout net name VD33REF.
There is no data for layout net name VDD5V.
There is no data for layout net name VDDESD.
There is no data for layout net name VDDG.
There is no data for layout net name VDDM.
There is no data for layout net name VDDPST.
There is no data for layout net name VDDSA.
There is no data for layout net name VDWELL.
There is no data for layout net name AGND.
There is no data for layout net name AVS33B.
There is no data for layout net name AVS33G.
There is no data for layout net name AVS33R.
There is no data for layout net name AVSS.
There is no data for layout net name AVSSB.
There is no data for layout net name AVSSBG.
There is no data for layout net name AVSSG.
There is no data for layout net name AVSSR.
There is no data for layout net name AVSSUB.
There is no data for layout net name DVSS.
There is no data for layout net name GND.
There is no data for layout net name TACVSS.
There is no data for layout net name TAVSS.
There is no data for layout net name TAVSSPST.
There is no data for layout net name VS33APST.
There is no data for layout net name VSSAPST.
There is no data for layout net name VSSESD.
There is no data for layout net name VSSG.
There is no data for layout net name VSSM.
There is no data for layout net name VSSPST.
There is no data for layout net name VSSREF.
There is no data for layout net name VSSUB.
There is no data for layout net name AGND.
There is no data for layout net name AVS33B.
There is no data for layout net name AVS33G.
There is no data for layout net name AVS33R.
There is no data for layout net name AVSS.
There is no data for layout net name AVSSB.
There is no data for layout net name AVSSBG.
There is no data for layout net name AVSSG.
There is no data for layout net name AVSSR.
There is no data for layout net name AVSSUB.
There is no data for layout net name DVSS.
There is no data for layout net name GND.
There is no data for layout net name TACVSS.
There is no data for layout net name TAVSS.
There is no data for layout net name TAVSSPST.
There is no data for layout net name VS33APST.
There is no data for layout net name VSSAPST.
There is no data for layout net name VSSESD.
There is no data for layout net name VSSG.
There is no data for layout net name VSSM.
There is no data for layout net name VSSPST.
There is no data for layout net name VSSREF.
There is no data for layout net name VSSUB.
There is no data for layout net name AVD33B.
There is no data for layout net name AVD33G.
There is no data for layout net name AVD33R.
There is no data for layout net name AVDD.
There is no data for layout net name AVDDB.
There is no data for layout net name AVDDBG.
There is no data for layout net name AVDDG.
There is no data for layout net name AVDDR.
There is no data for layout net name AVDWELL.
There is no data for layout net name DVDD.
There is no data for layout net name TAVD33.
There is no data for layout net name TAVD33PST.
There is no data for layout net name TAVDD.
There is no data for layout net name TAVDDPST.
There is no data for layout net name VD33.
There is no data for layout net name VD33APST.
There is no data for layout net name VD33PST.
There is no data for layout net name VD33REF.
There is no data for layout net name VDD5V.
There is no data for layout net name VDDESD.
There is no data for layout net name VDDG.
There is no data for layout net name VDDM.
There is no data for layout net name VDDPST.
There is no data for layout net name VDDSA.
There is no data for layout net name VDWELL.
There is no data for layout net name AGND.
There is no data for layout net name AVS33B.
There is no data for layout net name AVS33G.
There is no data for layout net name AVS33R.
There is no data for layout net name AVSS.
There is no data for layout net name AVSSB.
There is no data for layout net name AVSSBG.
There is no data for layout net name AVSSG.
There is no data for layout net name AVSSR.
There is no data for layout net name AVSSUB.
There is no data for layout net name DVSS.
There is no data for layout net name GND.
There is no data for layout net name TACVSS.
There is no data for layout net name TAVSS.
There is no data for layout net name TAVSSPST.
There is no data for layout net name VS33APST.
There is no data for layout net name VSSAPST.
There is no data for layout net name VSSESD.
There is no data for layout net name VSSG.
There is no data for layout net name VSSM.
There is no data for layout net name VSSPST.
There is no data for layout net name VSSREF.
There is no data for layout net name VSSUB.
There is no data for layout net name AGND.
There is no data for layout net name AVS33B.
There is no data for layout net name AVS33G.
There is no data for layout net name AVS33R.
There is no data for layout net name AVSS.
There is no data for layout net name AVSSB.
There is no data for layout net name AVSSBG.
There is no data for layout net name AVSSG.
There is no data for layout net name AVSSR.
There is no data for layout net name AVSSUB.
There is no data for layout net name DVSS.
There is no data for layout net name GND.
There is no data for layout net name TACVSS.
There is no data for layout net name TAVSS.
There is no data for layout net name TAVSSPST.
There is no data for layout net name VS33APST.
There is no data for layout net name VSSAPST.
There is no data for layout net name VSSESD.
There is no data for layout net name VSSG.
There is no data for layout net name VSSM.
There is no data for layout net name VSSPST.
There is no data for layout net name VSSREF.
There is no data for layout net name VSSUB.
There is no data for layout net name AVD33B.
There is no data for layout net name AVD33G.
There is no data for layout net name AVD33R.
There is no data for layout net name AVDD.
There is no data for layout net name AVDDB.
There is no data for layout net name AVDDBG.
There is no data for layout net name AVDDG.
There is no data for layout net name AVDDR.
There is no data for layout net name AVDWELL.
There is no data for layout net name DVDD.
There is no data for layout net name TAVD33.
There is no data for layout net name TAVD33PST.
There is no data for layout net name TAVDD.
There is no data for layout net name TAVDDPST.
There is no data for layout net name VD33.
There is no data for layout net name VD33APST.
There is no data for layout net name VD33PST.
There is no data for layout net name VD33REF.
There is no data for layout net name VDD5V.
There is no data for layout net name VDDESD.
There is no data for layout net name VDDG.
There is no data for layout net name VDDM.
There is no data for layout net name VDDPST.
There is no data for layout net name VDDSA.
There is no data for layout net name VDWELL.
There is no data for layout net name AGND.
There is no data for layout net name AVS33B.
There is no data for layout net name AVS33G.
There is no data for layout net name AVS33R.
There is no data for layout net name AVSS.
There is no data for layout net name AVSSB.
There is no data for layout net name AVSSBG.
There is no data for layout net name AVSSG.
There is no data for layout net name AVSSR.
There is no data for layout net name AVSSUB.
There is no data for layout net name DVSS.
There is no data for layout net name GND.
There is no data for layout net name TACVSS.
There is no data for layout net name TAVSS.
There is no data for layout net name TAVSSPST.
There is no data for layout net name VS33APST.
There is no data for layout net name VSSAPST.
There is no data for layout net name VSSESD.
There is no data for layout net name VSSG.
There is no data for layout net name VSSM.
There is no data for layout net name VSSPST.
There is no data for layout net name VSSREF.
There is no data for layout net name VSSUB.
There is no data for layout net name AVD33B.
There is no data for layout net name AVD33G.
There is no data for layout net name AVD33R.
There is no data for layout net name AVDD.
There is no data for layout net name AVDDB.
There is no data for layout net name AVDDBG.
There is no data for layout net name AVDDG.
There is no data for layout net name AVDDR.
There is no data for layout net name AVDWELL.
There is no data for layout net name DVDD.
There is no data for layout net name TAVD33.
There is no data for layout net name TAVD33PST.
There is no data for layout net name TAVDD.
There is no data for layout net name TAVDDPST.
There is no data for layout net name VD33.
There is no data for layout net name VD33APST.
There is no data for layout net name VD33PST.
There is no data for layout net name VD33REF.
There is no data for layout net name VDD5V.
There is no data for layout net name VDDESD.
There is no data for layout net name VDDG.
There is no data for layout net name VDDM.
There is no data for layout net name VDDPST.
There is no data for layout net name VDDSA.
There is no data for layout net name VDWELL.
----------------------------------------------------------------------------------
--- ORIGINAL LAYER STATISTICS
---
LAYER DPO ........... TOTAL Original Geometry Count = 0     (0)
LAYER POLY1i ........ TOTAL Original Geometry Count = 960   (39366)
LAYER HVFPO ......... TOTAL Original Geometry Count = 0     (0)
LAYER RPDMY1 ........ TOTAL Original Geometry Count = 0     (0)
LAYER RPDMYX ........ TOTAL Original Geometry Count = 0     (0)
LAYER RPDMY2 ........ TOTAL Original Geometry Count = 0     (0)
LAYER DOD ........... TOTAL Original Geometry Count = 0     (0)
LAYER OD ............ TOTAL Original Geometry Count = 637   (40150)
LAYER RODMY ......... TOTAL Original Geometry Count = 0     (0)
LAYER POFUSE ........ TOTAL Original Geometry Count = 0     (0)
LAYER RWDMY1 ........ TOTAL Original Geometry Count = 0     (0)
LAYER RWDMYX ........ TOTAL Original Geometry Count = 0     (0)
LAYER RWDMY2 ........ TOTAL Original Geometry Count = 0     (0)
LAYER SH_Pi ......... TOTAL Original Geometry Count = 0     (0)
LAYER HVPBi2 ........ TOTAL Original Geometry Count = 0     (0)
LAYER PDDi .......... TOTAL Original Geometry Count = 0     (0)
LAYER NDDi .......... TOTAL Original Geometry Count = 0     (0)
LAYER RPO ........... TOTAL Original Geometry Count = 0     (0)
LAYER DIO4TDMY ...... TOTAL Original Geometry Count = 0     (0)
LAYER DIODMY ........ TOTAL Original Geometry Count = 8     (275)
LAYER DIO3TDMY ...... TOTAL Original Geometry Count = 0     (0)
LAYER BJTDMY_4t ..... TOTAL Original Geometry Count = 0     (0)
LAYER BJTDMY ........ TOTAL Original Geometry Count = 0     (0)
LAYER BJTDMY_5t ..... TOTAL Original Geometry Count = 0     (0)
LAYER BJTDMY_7t ..... TOTAL Original Geometry Count = 0     (0)
LAYER MOMDMY100 ..... TOTAL Original Geometry Count = 0     (0)
LAYER MOMDMY0 ....... TOTAL Original Geometry Count = 0     (0)
LAYER MOMDMYBB ...... TOTAL Original Geometry Count = 0     (0)
LAYER HV40DMY ....... TOTAL Original Geometry Count = 0     (0)
LAYER HV45DMY ....... TOTAL Original Geometry Count = 0     (0)
LAYER FGDDMY ........ TOTAL Original Geometry Count = 0     (0)
LAYER NIMP .......... TOTAL Original Geometry Count = 225   (20058)
LAYER PSUB2 ......... TOTAL Original Geometry Count = 0     (0)
LAYER HVNWi ......... TOTAL Original Geometry Count = 0     (0)
LAYER NWELL ......... TOTAL Original Geometry Count = 224   (18550)
LAYER SH_N .......... TOTAL Original Geometry Count = 0     (0)
LAYER OD2 ........... TOTAL Original Geometry Count = 0     (0)
LAYER NTN ........... TOTAL Original Geometry Count = 0     (0)
LAYER H18VNWDMY ..... TOTAL Original Geometry Count = 0     (0)
LAYER NLVT .......... TOTAL Original Geometry Count = 0     (0)
LAYER VTDN .......... TOTAL Original Geometry Count = 0     (0)
LAYER SLITDMY ....... TOTAL Original Geometry Count = 0     (0)
LAYER LVPWRDMY ...... TOTAL Original Geometry Count = 0     (0)
LAYER PIMP .......... TOTAL Original Geometry Count = 225   (20058)
LAYER NTNDMY ........ TOTAL Original Geometry Count = 0     (0)
LAYER NT_N2i ........ TOTAL Original Geometry Count = 0     (0)
LAYER HVLOWR ........ TOTAL Original Geometry Count = 0     (0)
LAYER Bias25VNDMY ... TOTAL Original Geometry Count = 0     (0)
LAYER MTP_2T2C ...... TOTAL Original Geometry Count = 0     (0)
LAYER NBLi .......... TOTAL Original Geometry Count = 0     (0)
LAYER HVGA .......... TOTAL Original Geometry Count = 0     (0)
LAYER DPW ........... TOTAL Original Geometry Count = 0     (0)
LAYER LVSDMY ........ TOTAL Original Geometry Count = 0     (0)
LAYER SBDUMMY ....... TOTAL Original Geometry Count = 0     (0)
LAYER RFDUMMY1 ...... TOTAL Original Geometry Count = 0     (0)
LAYER DNW ........... TOTAL Original Geometry Count = 0     (0)
LAYER DMP2V ......... TOTAL Original Geometry Count = 0     (0)
LAYER RPDMY5 ........ TOTAL Original Geometry Count = 0     (0)
LAYER SERPDMY ....... TOTAL Original Geometry Count = 0     (0)
LAYER DMN2V ......... TOTAL Original Geometry Count = 0     (0)
LAYER RWDMY5 ........ TOTAL Original Geometry Count = 0     (0)
LAYER VARDMY ........ TOTAL Original Geometry Count = 0     (0)
LAYER M4 ............ TOTAL Original Geometry Count = 23135 (23135)
LAYER CTM4 .......... TOTAL Original Geometry Count = 0     (0)
LAYER VIA4i ......... TOTAL Original Geometry Count = 0     (0)
LAYER RFDUMMYUD ..... TOTAL Original Geometry Count = 0     (0)
LAYER CTMDMY ........ TOTAL Original Geometry Count = 0     (0)
LAYER CTMDMYUD ...... TOTAL Original Geometry Count = 0     (0)
LAYER MIM_3T ........ TOTAL Original Geometry Count = 0     (0)
LAYER MIM_10F ....... TOTAL Original Geometry Count = 0     (0)
LAYER DUM3 .......... TOTAL Original Geometry Count = 0     (0)
LAYER M3 ............ TOTAL Original Geometry Count = 74646 (74646)
LAYER M3SLOT ........ TOTAL Original Geometry Count = 0     (0)
LAYER RMDMY ......... TOTAL Original Geometry Count = 0     (0)
LAYER RMDMY3i ....... TOTAL Original Geometry Count = 0     (0)
LAYER DUM4 .......... TOTAL Original Geometry Count = 0     (0)
LAYER M4SLOT ........ TOTAL Original Geometry Count = 0     (0)
LAYER RMDMY4i ....... TOTAL Original Geometry Count = 0     (0)
LAYER DUM5 .......... TOTAL Original Geometry Count = 0     (0)
LAYER M5 ............ TOTAL Original Geometry Count = 0     (0)
LAYER M5SLOT ........ TOTAL Original Geometry Count = 0     (0)
LAYER RMDMY5i ....... TOTAL Original Geometry Count = 0     (0)
LAYER CTM3 .......... TOTAL Original Geometry Count = 0     (0)
LAYER VIA3i ......... TOTAL Original Geometry Count = 26926 (26926)
LAYER MIM_20F ....... TOTAL Original Geometry Count = 0     (0)
LAYER DUM1 .......... TOTAL Original Geometry Count = 0     (0)
LAYER M1 ............ TOTAL Original Geometry Count = 31988 (104901)
LAYER M1SLOT ........ TOTAL Original Geometry Count = 0     (0)
LAYER RMDMY1i ....... TOTAL Original Geometry Count = 0     (0)
LAYER DUM2 .......... TOTAL Original Geometry Count = 0     (0)
LAYER M2 ............ TOTAL Original Geometry Count = 94938 (94938)
LAYER M2SLOT ........ TOTAL Original Geometry Count = 0     (0)
LAYER RMDMY2i ....... TOTAL Original Geometry Count = 0     (0)
LAYER HV5DMY ........ TOTAL Original Geometry Count = 0     (0)
LAYER MACRODMY ...... TOTAL Original Geometry Count = 0     (0)
LAYER NONLDDi ....... TOTAL Original Geometry Count = 0     (0)
LAYER HV6DMY ........ TOTAL Original Geometry Count = 0     (0)
LAYER NOPW .......... TOTAL Original Geometry Count = 0     (0)
LAYER SDI ........... TOTAL Original Geometry Count = 0     (0)
LAYER EMRDMY ........ TOTAL Original Geometry Count = 0     (0)
LAYER HV12DMY ....... TOTAL Original Geometry Count = 0     (0)
LAYER HVESD1DMY ..... TOTAL Original Geometry Count = 0     (0)
LAYER HV20DMY ....... TOTAL Original Geometry Count = 0     (0)
LAYER HVESD2DMY ..... TOTAL Original Geometry Count = 0     (0)
LAYER HV9DMY ........ TOTAL Original Geometry Count = 0     (0)
LAYER CFP ........... TOTAL Original Geometry Count = 0     (0)
LAYER HV16DMY ....... TOTAL Original Geometry Count = 0     (0)
LAYER EOD ........... TOTAL Original Geometry Count = 0     (0)
LAYER HV24DMY ....... TOTAL Original Geometry Count = 0     (0)
LAYER NBLSLOTi ...... TOTAL Original Geometry Count = 0     (0)
LAYER HV29DMY ....... TOTAL Original Geometry Count = 0     (0)
LAYER HVGB .......... TOTAL Original Geometry Count = 0     (0)
LAYER HVPWi ......... TOTAL Original Geometry Count = 0     (0)
LAYER HV36DMY ....... TOTAL Original Geometry Count = 0     (0)
LAYER BJTMEDMY ...... TOTAL Original Geometry Count = 0     (0)
LAYER BJTMDDMY ...... TOTAL Original Geometry Count = 0     (0)
LAYER BJTSNDMY ...... TOTAL Original Geometry Count = 0     (0)
LAYER SBDDMY_3T ..... TOTAL Original Geometry Count = 0     (0)
LAYER DTI ........... TOTAL Original Geometry Count = 0     (0)
LAYER SDI_V2 ........ TOTAL Original Geometry Count = 0     (0)
LAYER RLPPDMY ....... TOTAL Original Geometry Count = 0     (0)
LAYER HRI3D3KDMY .... TOTAL Original Geometry Count = 0     (0)
LAYER HRI ........... TOTAL Original Geometry Count = 0     (0)
LAYER RSEPDUMMY ..... TOTAL Original Geometry Count = 0     (0)
LAYER CK3DMY ........ TOTAL Original Geometry Count = 0     (0)
LAYER CONT .......... TOTAL Original Geometry Count = 5168  (167156)
LAYER POLY2 ......... TOTAL Original Geometry Count = 0     (0)
LAYER MSi ........... TOTAL Original Geometry Count = 0     (0)
LAYER M0 ............ TOTAL Original Geometry Count = 0     (0)
LAYER MOMDMY23 ...... TOTAL Original Geometry Count = 0     (0)
LAYER MOMDMY25 ...... TOTAL Original Geometry Count = 0     (0)
LAYER CTM1 .......... TOTAL Original Geometry Count = 0     (0)
LAYER VIA1i ......... TOTAL Original Geometry Count = 52372 (52372)
LAYER HOTWL ......... TOTAL Original Geometry Count = 0     (0)
LAYER CTM2 .......... TOTAL Original Geometry Count = 0     (0)
LAYER VIA2i ......... TOTAL Original Geometry Count = 51972 (51972)
LAYER MOMDMY24 ...... TOTAL Original Geometry Count = 0     (0)
LAYER RFDUMMY ....... TOTAL Original Geometry Count = 0     (0)
LAYER MOMDMY4 ....... TOTAL Original Geometry Count = 0     (0)
LAYER MOMDMY3 ....... TOTAL Original Geometry Count = 0     (0)
LAYER MOMDMY2 ....... TOTAL Original Geometry Count = 0     (0)
LAYER MOMDMY1 ....... TOTAL Original Geometry Count = 0     (0)
LAYER HVOX .......... TOTAL Original Geometry Count = 0     (0)
LAYER MOMDMY34 ...... TOTAL Original Geometry Count = 0     (0)
LAYER MOMDMY35 ...... TOTAL Original Geometry Count = 0     (0)
LAYER MOMDMY36 ...... TOTAL Original Geometry Count = 0     (0)
LAYER MOMDMY37 ...... TOTAL Original Geometry Count = 0     (0)
LAYER MOMDMY22 ...... TOTAL Original Geometry Count = 0     (0)
LAYER SICR_V1 ....... TOTAL Original Geometry Count = 0     (0)
----------------------------------------------------------------------------------
--- RULECHECK RESULTS STATISTICS
---
RULECHECK mnpg .................... TOTAL Result Count = 0 (0)
RULECHECK mppg .................... TOTAL Result Count = 0 (0)
RULECHECK mnpg_ldd ................ TOTAL Result Count = 0 (0)
RULECHECK mppg_ldd ................ TOTAL Result Count = 0 (0)
RULECHECK floating ................ TOTAL Result Count = 0 (0)
RULECHECK floating.HVNW_float ..... TOTAL Result Count = 0 (0)
RULECHECK floating.nxwell_float ... TOTAL Result Count = 0 (0)
RULECHECK floating.psub_float ..... TOTAL Result Count = 0 (0)
RULECHECK npvss49 ................. TOTAL Result Count = 0 (0)
RULECHECK ppvdd49 ................. TOTAL Result Count = 0 (0)
----------------------------------------------------------------------------------
--- ERC RULECHECK RESULTS STATISTICS (BY CELL)
---
----------------------------------------------------------------------------------
--- SUMMARY
---
TOTAL CPU Time:                              28
TOTAL REAL Time:                             29
TOTAL Original Layer Geometries:             363424 (734503)
TOTAL ERC RuleChecks Executed:               10
TOTAL ERC RuleCheck Results Generated:       0 (0)
