 
****************************************
Report : timing
        -path full_clock
        -delay max
        -physical
        -derate
        -input_pins
        -nets
        -max_paths 1
        -transition_time
        -crosstalk_delta
        -capacitance
Design : clefia_128
Version: L-2016.03-SP5
Date   : Sun Jan  2 03:01:42 2022
****************************************

 * Some/all delay information is back-annotated.

Operating Conditions: WCCOM   Library: tcb018gbwp7twc_ccs
Wire Load Model Mode: Inactive.

  Startpoint: k[4] (input port clocked by clk)
  Endpoint: c[11] (output port clocked by clk)
  Path Group: FEEDTHROUGH
  Path Type: max

Attributes:
    d - dont_touch
    u - dont_use
   mo - map_only
   so - size_only
    i - ideal_net or ideal_network
  inf - infeasible path

  Point                                       Fanout       Cap     DTran     Trans     Delta     Derate      Incr       Path      Location / Load        Attributes
  --------------------------------------------------------------------------------------------------------------------------------------------------------------------
  clock clk (rise edge)                                                                                     0.000      0.000
  clock network delay (ideal)                                                                               0.000      0.000
  input external delay                                                                                     12.000     12.000 f
  k[4] (in)                                                                  0.196                          0.116     12.116 f    (216.44,352.66)
  k[4] (net)                                    3        0.041                                              0.000     12.116 f    [0.03,0.04]
  U1695/I (INVD0BWP7T)                                             0.000     0.196     0.000                0.001 *   12.117 f    (215.69,208.80)
  U1695/ZN (INVD0BWP7T)                                                      0.234                          0.197     12.314 r    (216.49,208.71)
  n1329 (net)                                   2        0.011                                              0.000     12.314 r    [0.00,0.01]
  U1978/A2 (XNR2D1BWP7T)                                           0.000     0.234     0.000                0.000 *   12.314 r    (212.59,211.29)
  U1978/ZN (XNR2D1BWP7T)                                                     0.099                          0.383     12.697 f    (213.70,211.33)
  n1330 (net)                                   1        0.005                                              0.000     12.697 f    [0.00,0.00]
  U1979/B2 (AOI22D0BWP7T)                                          0.000     0.099     0.000                0.000 *   12.697 f    (206.91,210.47)
  U1979/ZN (AOI22D0BWP7T)                                                    0.347                          0.295     12.993 r    (207.66,209.96)
  n1332 (net)                                   1        0.004                                              0.000     12.993 r    [0.00,0.00]
  U1980/C (OAI211D0BWP7T)                                          0.000     0.347     0.000                0.000 *   12.993 r    (210.33,208.27)
  U1980/ZN (OAI211D0BWP7T)                                                   0.341                          0.297     13.290 f    (212.23,208.26)
  rk1[4] (net)                                  1        0.011                                              0.000     13.290 f    [0.01,0.01]
  u_clefia_round/rk1[4] (clefia_round)                                                                      0.000     13.290 f    (netlink)
  u_clefia_round/rk1[4] (net)                            0.011                                              0.000     13.290 f    [0.01,0.01]
  u_clefia_round/U2470/I (DEL1BWP7T)                               0.000     0.341     0.000                0.000 *   13.290 f    (243.89,212.02)
  u_clefia_round/U2470/Z (DEL1BWP7T)                                         0.143                          0.986     14.276 f    (248.31,211.84)
  u_clefia_round/n2590 (net)                    1        0.008                                              0.000     14.276 f    [0.00,0.01]
  u_clefia_round/U1277/A2 (XNR2D1BWP7T)                            0.000     0.143     0.000                0.000 *   14.276 f    (253.87,208.16)
  u_clefia_round/U1277/ZN (XNR2D1BWP7T)                                      0.300                          0.411     14.687 f    (254.99,208.20)
  u_clefia_round/n1245 (net)                    3        0.057                                              0.000     14.687 f    [0.05,0.06]
  u_clefia_round/U1296/I (INVD0BWP7T)                              0.000     0.300     0.000                0.002 *   14.689 f    (256.70,24.57)
  u_clefia_round/U1296/ZN (INVD0BWP7T)                                       0.500                          0.383     15.072 r    (257.49,24.47)
  u_clefia_round/n1038 (net)                    3        0.027                                              0.000     15.072 r    [0.00,0.03]
  u_clefia_round/U1297/A2 (NR2XD1BWP7T)                            0.000     0.500     0.000                0.001 *   15.073 r    (260.94,17.22)
  u_clefia_round/U1297/ZN (NR2XD1BWP7T)                                      0.288                          0.284     15.357 f    (262.04,17.11)
  u_clefia_round/n1055 (net)                    4        0.043                                              0.000     15.357 f    [0.02,0.04]
  u_clefia_round/U1359/A1 (ND2D1BWP7T)                             0.000     0.288     0.000                0.001 *   15.358 f    (323.20,22.09)
  u_clefia_round/U1359/ZN (ND2D1BWP7T)                                       0.320                          0.265     15.623 r    (322.60,22.16)
  u_clefia_round/n1562 (net)                    5        0.031                                              0.000     15.623 r    [0.01,0.03]
  u_clefia_round/U1372/I (CKND1BWP7T)                              0.000     0.320     0.000                0.001 *   15.624 r    (338.90,18.14)
  u_clefia_round/U1372/ZN (CKND1BWP7T)                                       0.442                          0.358     15.982 f    (339.92,18.35)
  u_clefia_round/n1829 (net)                    7        0.053                                              0.000     15.982 f    [0.02,0.05]
  u_clefia_round/U1405/A1 (ND2D1BWP7T)                             0.000     0.442     0.000                0.002 *   15.984 f    (291.56,24.90)
  u_clefia_round/U1405/ZN (ND2D1BWP7T)                                       0.363                          0.311     16.295 r    (290.96,24.98)
  u_clefia_round/n1457 (net)                    5        0.031                                              0.000     16.295 r    [0.02,0.03]
  u_clefia_round/U1406/I (INVD0BWP7T)                              0.000     0.363     0.000                0.001 *   16.296 r    (341.80,31.05)
  u_clefia_round/U1406/ZN (INVD0BWP7T)                                       0.182                          0.166     16.463 f    (342.60,30.95)
  u_clefia_round/n1474 (net)                    2        0.013                                              0.000     16.463 f    [0.00,0.01]
  u_clefia_round/U1407/A2 (NR2D1BWP7T)                             0.000     0.182     0.000                0.000 *   16.463 f    (347.48,33.13)
  u_clefia_round/U1407/ZN (NR2D1BWP7T)                                       0.378                          0.273     16.736 r    (348.27,32.94)
  u_clefia_round/n1067 (net)                    2        0.017                                              0.000     16.736 r    [0.01,0.02]
  u_clefia_round/U1458/A1 (ND4D0BWP7T)                             0.000     0.378     0.000                0.000 *   16.736 r    (302.90,31.04)
  u_clefia_round/U1458/ZN (ND4D0BWP7T)                                       0.477                          0.368     17.104 f    (303.07,30.98)
  u_clefia_round/n1846 (net)                    2        0.014                                              0.000     17.104 f    [0.01,0.01]
  u_clefia_round/U1459/A4 (NR4D0BWP7T)                             0.000     0.477     0.000                0.000 *   17.105 f    (304.81,55.59)
  u_clefia_round/U1459/ZN (NR4D0BWP7T)                                       0.463                          0.438     17.543 r    (306.05,55.93)
  u_clefia_round/n1069 (net)                    1        0.007                                              0.000     17.543 r    [0.00,0.01]
  u_clefia_round/U1461/A3 (ND4D0BWP7T)                             0.000     0.463     0.000                0.000 *   17.543 r    (322.12,53.37)
  u_clefia_round/U1461/ZN (ND4D0BWP7T)                                       0.511                          0.392     17.935 f    (323.43,53.31)
  u_clefia_round/n1553 (net)                    2        0.015                                              0.000     17.935 f    [0.00,0.02]
  u_clefia_round/U2006/B2 (INR4D1BWP7T)                            0.000     0.511     0.000                0.000 *   17.935 f    (327.36,63.47)
  u_clefia_round/U2006/ZN (INR4D1BWP7T)                                      0.367                          0.387     18.322 r    (328.88,63.12)
  u_clefia_round/n1556 (net)                    1        0.012                                              0.000     18.322 r    [0.01,0.01]
  u_clefia_round/U2007/A2 (AOI21D0BWP7T)                           0.000     0.367     0.000                0.000 *   18.323 r    (290.04,66.17)
  u_clefia_round/U2007/ZN (AOI21D0BWP7T)                                     0.202                          0.154     18.476 f    (290.78,66.15)
  u_clefia_round/n1590 (net)                    1        0.006                                              0.000     18.476 f    [0.00,0.01]
  u_clefia_round/U2017/A2 (NR4D0BWP7T)                             0.000     0.202     0.000                0.000 *   18.477 f    (286.21,70.91)
  u_clefia_round/U2017/ZN (NR4D0BWP7T)                                       0.847                          0.569     19.045 r    (285.76,71.37)
  u_clefia_round/n2001 (net)                    1        0.019                                              0.000     19.045 r    [0.02,0.02]
  u_clefia_round/U2498/I (DEL1BWP7T)                               0.000     0.847     0.000                0.000 *   19.046 r    (259.49,120.42)
  u_clefia_round/U2498/Z (DEL1BWP7T)                                         0.427                          1.209     20.255 r    (263.91,120.24)
  u_clefia_round/n2618 (net)                    4        0.046                                              0.000     20.255 r    [0.03,0.05]
  u_clefia_round/U2018/A3 (XNR3D0BWP7T)                            0.000     0.427     0.000                0.001 *   20.255 r    (255.08,134.13)
  u_clefia_round/U2018/ZN (XNR3D0BWP7T)                                      0.413                          0.569     20.824 r    (256.19,134.03)
  u_clefia_round/n1788 (net)                    2        0.023                                              0.000     20.824 r    [0.01,0.02]
  u_clefia_round/U2118/A4 (XNR4D0BWP7T)                            0.000     0.413     0.000                0.000 *   20.825 r    (235.14,144.62)
  u_clefia_round/U2118/ZN (XNR4D0BWP7T)                                      0.308                          0.634     21.458 r    (242.43,144.58)
  u_clefia_round/rout[43] (net)                 1        0.015                                              0.000     21.458 r    [0.01,0.01]
  u_clefia_round/rout[43] (clefia_round)                                                                    0.000     21.458 r    (netlink)
  rout[43] (net)                                         0.015                                              0.000     21.458 r    [0.01,0.01]
  U3333/I (INVD1BWP7T)                                             0.000     0.308     0.000                0.000 *   21.459 r    (210.14,161.98)
  U3333/ZN (INVD1BWP7T)                                                      0.217                          0.200     21.658 f    (211.14,162.05)
  n2985 (net)                                   1        0.040                                              0.000     21.658 f    [0.04,0.04]
  U3332/I (INVD0BWP7T)                                             0.000     0.217     0.000                0.001 *   21.660 f    (89.58,215.09)
  U3332/ZN (INVD0BWP7T)                                                      0.361                          0.279     21.939 r    (90.38,215.00)
  n2984 (net)                                   3        0.019                                              0.000     21.939 r    [0.01,0.02]
  U2993/I (INVD0BWP7T)                                             0.000     0.361     0.000                0.001 *   21.939 r    (73.64,236.64)
  U2993/ZN (INVD0BWP7T)                                                      0.177                          0.162     22.101 f    (74.44,236.54)
  n2729 (net)                                   2        0.013                                              0.000     22.101 f    [0.01,0.01]
  U1637/B2 (AO221D0BWP7T)                                          0.000     0.177     0.000                0.000 *   22.102 f    (75.07,234.72)
  U1637/Z (AO221D0BWP7T)                                                     0.154                          0.589     22.691 f    (79.52,235.20)
  n3539 (net)                                   1        0.005                                              0.000     22.691 f    [0.00,0.00]
  U3167/I (INVD0BWP7T)                                             0.000     0.154     0.000                0.000 *   22.691 f    (83.29,240.62)
  U3167/ZN (INVD0BWP7T)                                                      2.067                          1.212     23.903 r    (84.09,240.52)
  c[11] (net)                                   1        0.127                                              0.000     23.903 r    [0.02,0.13]
  c[11] (out)                                                      0.000     2.067     0.000                0.008 *   23.911 r    (84.28,352.66)
  data arrival time                                                                                                   23.911

  clock clk (rise edge)                                                                                    40.000     40.000
  clock network delay (ideal)                                                                               0.000     40.000
  clock uncertainty                                                                                        -0.500     39.500
  output external delay                                                                                   -12.000     27.500
  data required time                                                                                                  27.500
  --------------------------------------------------------------------------------------------------------------------------------------------------------------------
  data required time                                                                                                  27.500
  data arrival time                                                                                                  -23.911
  --------------------------------------------------------------------------------------------------------------------------------------------------------------------
  slack (MET)                                                                                                          3.589


  Startpoint: p[11] (input port clocked by clk)
  Endpoint: rin_reg_11_
            (rising edge-triggered flip-flop clocked by clk)
  Path Group: REGIN
  Path Type: max

Attributes:
    d - dont_touch
    u - dont_use
   mo - map_only
   so - size_only
    i - ideal_net or ideal_network
  inf - infeasible path

  Point                        Fanout       Cap     DTran     Trans     Delta     Derate      Incr       Path      Location / Load        Attributes
  -----------------------------------------------------------------------------------------------------------------------------------------------------
  clock clk (rise edge)                                                                      0.000      0.000
  clock network delay (ideal)                                                                0.000      0.000
  input external delay                                                                      24.000     24.000 f
  p[11] (in)                                                  0.148                          0.082     24.082 f    (63.56,352.66)
  p[11] (net)                    2        0.028                                              0.000     24.082 f    [0.02,0.03]
  U2683/B2 (MAOI22D0BWP7T)                          0.000     0.148     0.000                0.001 *   24.083 f    (62.37,241.98)
  U2683/ZN (MAOI22D0BWP7T)                                    0.207                          0.331     24.414 f    (64.38,241.89)
  n2015 (net)                    1        0.011                                              0.000     24.414 f    [0.01,0.01]
  U2685/A2 (OAI21D0BWP7T)                           0.000     0.207     0.000                0.000 *   24.415 f    (93.66,236.52)
  U2685/ZN (OAI21D0BWP7T)                                     1.600                          0.981     25.396 r    (94.40,236.39)
  N108 (net)                     1        0.046                                              0.000     25.396 r    [0.04,0.05]
  rin_reg_11_/D (DFCNQD1BWP7T)                      0.000     1.600     0.000                0.002 *   25.398 r    (230.82,192.18)
  data arrival time                                                                                    25.398

  clock clk (rise edge)                                                                     40.000     40.000
  clock network delay (ideal)                                                                0.000     40.000
  clock uncertainty                                                                         -0.500     39.500
  rin_reg_11_/CP (DFCNQD1BWP7T)                                                              0.000     39.500 r
  library setup time                                                                        -0.185     39.315
  data required time                                                                                   39.315
  -----------------------------------------------------------------------------------------------------------------------------------------------------
  data required time                                                                                   39.315
  data arrival time                                                                                   -25.398
  -----------------------------------------------------------------------------------------------------------------------------------------------------
  slack (MET)                                                                                          13.918


  Startpoint: round_reg_1_
              (rising edge-triggered flip-flop clocked by clk)
  Endpoint: c[12] (output port clocked by clk)
  Path Group: REGOUT
  Path Type: max

Attributes:
    d - dont_touch
    u - dont_use
   mo - map_only
   so - size_only
    i - ideal_net or ideal_network
  inf - infeasible path

  Point                                       Fanout       Cap     DTran     Trans     Delta     Derate      Incr       Path      Location / Load        Attributes
  --------------------------------------------------------------------------------------------------------------------------------------------------------------------
  clock clk (rise edge)                                                                                     0.000      0.000
  clock network delay (ideal)                                                                               0.000      0.000
  round_reg_1_/CP (EDFCND2BWP7T)                                   0.000     0.000     0.000                0.000      0.000 r    (171.57,350.29)        i 
  round_reg_1_/Q (EDFCND2BWP7T)                                              0.457                          0.737      0.737 r    (185.16,350.23)
  n2313 (net)                                  16        0.107                                              0.000      0.737 r    [0.04,0.11]
  U3104/I (DEL1BWP7T)                                              0.000     0.457     0.000                0.004 *    0.741 r    (162.52,351.14)
  U3104/Z (DEL1BWP7T)                                                        0.362                          1.129      1.870 r    (166.94,350.95)
  n2766 (net)                                   7        0.037                                              0.000      1.870 r    [0.01,0.04]
  U1867/A2 (NR2D1BWP7T)                                            0.000     0.362     0.000                0.002 *    1.872 r    (152.32,329.64)
  U1867/ZN (NR2D1BWP7T)                                                      0.217                          0.170      2.042 f    (153.11,329.46)
  n1528 (net)                                   4        0.024                                              0.000      2.042 f    [0.01,0.02]
  U1724/I (INVD0BWP7T)                                             0.000     0.217     0.000                0.001 *    2.042 f    (139.04,315.17)
  U1724/ZN (INVD0BWP7T)                                                      1.362                          0.849      2.891 r    (139.84,315.07)
  n2527 (net)                                  12        0.082                                              0.000      2.891 r    [0.03,0.08]
  U2243/B2 (AOI22D0BWP7T)                                          0.000     1.362     0.000                0.003 *    2.894 r    (134.39,321.74)
  U2243/ZN (AOI22D0BWP7T)                                                    0.333                          0.252      3.146 f    (135.14,321.22)
  n1529 (net)                                   1        0.004                                              0.000      3.146 f    [0.00,0.00]
  U2922/C (AO211D0BWP7T)                                           0.000     0.333     0.000                0.000 *    3.146 f    (132.27,325.39)
  U2922/Z (AO211D0BWP7T)                                                     0.134                          0.550      3.696 f    (133.09,324.64)
  n3628 (net)                                   1        0.004                                              0.000      3.696 f    [0.00,0.00]
  U2917/I (INVD0BWP7T)                                             0.000     0.134     0.000                0.000 *    3.696 f    (129.92,323.40)
  U2917/ZN (INVD0BWP7T)                                                      0.511                          0.344      4.039 r    (130.72,323.30)
  n1531 (net)                                   3        0.029                                              0.000      4.039 r    [0.02,0.03]
  U3694/B (OAI211D0BWP7T)                                          0.000     0.511     0.000                0.000 *    4.040 r    (133.35,315.37)
  U3694/ZN (OAI211D0BWP7T)                                                   0.391                          0.300      4.340 f    (134.44,315.63)
  n3362 (net)                                   1        0.008                                              0.000      4.340 f    [0.00,0.01]
  U3471/I (DEL1BWP7T)                                              0.000     0.391     0.000                0.000 *    4.340 f    (118.21,310.44)
  U3471/Z (DEL1BWP7T)                                                        0.290                          1.137      5.477 f    (122.64,310.25)
  n3120 (net)                                   1        0.040                                              0.000      5.477 f    [0.03,0.04]
  U2251/A2 (XNR2D1BWP7T)                                           0.000     0.290     0.000                0.001 *    5.479 f    (47.06,230.20)
  U2251/ZN (XNR2D1BWP7T)                                                     0.307                          0.458      5.937 r    (48.17,230.24)
  n1532 (net)                                   2        0.034                                              0.000      5.937 r    [0.02,0.03]
  U2252/A1 (CKXOR2D1BWP7T)                                         0.000     0.307     0.000                0.002 *    5.939 r    (34.65,138.44)
  U2252/Z (CKXOR2D1BWP7T)                                                    0.110                          0.356      6.295 r    (38.54,138.79)
  n1533 (net)                                   1        0.006                                              0.000      6.295 r    [0.00,0.01]
  U2253/A1 (OAI22D1BWP7T)                                          0.000     0.110     0.000                0.000 *    6.295 r    (40.85,142.71)
  U2253/ZN (OAI22D1BWP7T)                                                    0.330                          0.141      6.436 f    (40.66,142.62)
  n1534 (net)                                   1        0.012                                              0.000      6.436 f    [0.01,0.01]
  U2254/C (AOI211D1BWP7T)                                          0.000     0.330     0.000                0.000 *    6.436 f    (40.10,106.42)
  U2254/ZN (AOI211D1BWP7T)                                                   0.374                          0.364      6.800 r    (41.76,105.77)
  n1536 (net)                                   1        0.004                                              0.000      6.800 r    [0.00,0.00]
  U2255/B (OAI21D0BWP7T)                                           0.000     0.374     0.000                0.000 *    6.800 r    (37.68,102.99)
  U2255/ZN (OAI21D0BWP7T)                                                    0.242                          0.227      7.027 f    (36.21,103.43)
  rk1[25] (net)                                 1        0.010                                              0.000      7.027 f    [0.00,0.01]
  u_clefia_round/rk1[25] (clefia_round)                                                                     0.000      7.027 f    (netlink)
  u_clefia_round/rk1[25] (net)                           0.010                                              0.000      7.027 f    [0.00,0.01]
  u_clefia_round/U79/A1 (CKXOR2D1BWP7T)                            0.000     0.242     0.000                0.000 *    7.027 f    (39.94,92.07)
  u_clefia_round/U79/Z (CKXOR2D1BWP7T)                                       0.433                          0.537      7.564 r    (43.83,92.42)
  u_clefia_round/sin1[25] (net)                 5        0.050                                              0.000      7.564 r    [0.03,0.05]
  u_clefia_round/x_sbox10/sin[1] (clefia_sbox1_1)                                                           0.000      7.564 r    (netlink)
  u_clefia_round/x_sbox10/sin[1] (net)                   0.050                                              0.000      7.564 r    [0.03,0.05]
  u_clefia_round/x_sbox10/U6/I (INVD0BWP7T)                        0.000     0.433     0.000                0.001 *    7.565 r    (80.28,55.26)
  u_clefia_round/x_sbox10/U6/ZN (INVD0BWP7T)                                 0.251                          0.227      7.792 f    (81.08,55.16)
  u_clefia_round/x_sbox10/n19 (net)             3        0.021                                              0.000      7.792 f    [0.00,0.02]
  u_clefia_round/x_sbox10/U33/A2 (ND2D2BWP7T)                      0.000     0.251     0.000                0.001 *    7.792 f    (83.86,53.47)
  u_clefia_round/x_sbox10/U33/ZN (ND2D2BWP7T)                                0.270                          0.236      8.028 r    (84.19,52.60)
  u_clefia_round/x_sbox10/n297 (net)            7        0.049                                              0.000      8.028 r    [0.02,0.05]
  u_clefia_round/x_sbox10/U55/I (INVD0BWP7T)                       0.000     0.270     0.000                0.001 *    8.030 r    (100.71,55.17)
  u_clefia_round/x_sbox10/U55/ZN (INVD0BWP7T)                                0.355                          0.289      8.319 f    (101.50,55.08)
  u_clefia_round/x_sbox10/n370 (net)            6        0.040                                              0.000      8.319 f    [0.01,0.04]
  u_clefia_round/x_sbox10/U172/A2 (ND2D1BWP7T)                     0.000     0.355     0.000                0.001 *    8.320 f    (97.97,34.70)
  u_clefia_round/x_sbox10/U172/ZN (ND2D1BWP7T)                               0.479                          0.387      8.707 r    (99.02,34.77)
  u_clefia_round/x_sbox10/n202 (net)            5        0.049                                              0.000      8.707 r    [0.02,0.05]
  u_clefia_round/x_sbox10/U173/B (OAI21D2BWP7T)                    0.000     0.479     0.000                0.001 *    8.708 r    (74.14,36.62)
  u_clefia_round/x_sbox10/U173/ZN (OAI21D2BWP7T)                             0.201                          0.201      8.908 f    (76.78,36.71)
  u_clefia_round/x_sbox10/n90 (net)             3        0.030                                              0.000      8.908 f    [0.02,0.03]
  u_clefia_round/x_sbox10/U174/B (AOI31D0BWP7T)                    0.000     0.201     0.000                0.000 *    8.909 f    (83.04,36.85)
  u_clefia_round/x_sbox10/U174/ZN (AOI31D0BWP7T)                             0.991                          0.701      9.610 r    (82.08,36.83)
  u_clefia_round/x_sbox10/n276 (net)            2        0.023                                              0.000      9.610 r    [0.02,0.02]
  u_clefia_round/x_sbox10/U176/A1 (ND4D0BWP7T)                     0.000     0.991     0.000                0.001 *    9.610 r    (141.13,22.81)
  u_clefia_round/x_sbox10/U176/ZN (ND4D0BWP7T)                               0.483                          0.410     10.021 f    (141.29,22.75)
  u_clefia_round/x_sbox10/n32 (net)             1        0.010                                              0.000     10.021 f    [0.01,0.01]
  u_clefia_round/x_sbox10/U177/A4 (NR4D0BWP7T)                     0.000     0.483     0.000                0.000 *   10.021 f    (154.44, 8.85)
  u_clefia_round/x_sbox10/U177/ZN (NR4D0BWP7T)                               0.515                          0.468     10.489 r    (155.68, 9.19)
  u_clefia_round/x_sbox10/n237 (net)            2        0.008                                              0.000     10.489 r    [0.00,0.01]
  u_clefia_round/x_sbox10/U337/A1 (AOI31D0BWP7T)                   0.000     0.515     0.000                0.000 *   10.489 r    (155.40,17.36)
  u_clefia_round/x_sbox10/U337/ZN (AOI31D0BWP7T)                             0.270                          0.240     10.730 f    (155.54,17.35)
  u_clefia_round/x_sbox10/n251 (net)            1        0.006                                              0.000     10.730 f    [0.00,0.01]
  u_clefia_round/x_sbox10/U242/B (AO211D0BWP7T)                    0.000     0.270     0.000                0.000 *   10.730 f    (155.87,33.87)
  u_clefia_round/x_sbox10/U242/Z (AO211D0BWP7T)                              0.132                          0.536     11.265 f    (157.25,33.69)
  u_clefia_round/x_sbox10/n432 (net)            1        0.004                                              0.000     11.265 f    [0.00,0.00]
  u_clefia_round/x_sbox10/U240/I (INVD0BWP7T)                      0.000     0.132     0.000                0.000 *   11.265 f    (154.00,33.32)
  u_clefia_round/x_sbox10/U240/ZN (INVD0BWP7T)                               0.229                          0.179     11.444 r    (154.80,33.22)
  u_clefia_round/x_sbox10/n257 (net)            2        0.011                                              0.000     11.444 r    [0.01,0.01]
  u_clefia_round/x_sbox10/U342/B2 (AOI32D0BWP7T)                   0.000     0.229     0.000                0.000 *   11.445 r    (165.36,49.19)
  u_clefia_round/x_sbox10/U342/ZN (AOI32D0BWP7T)                             0.295                          0.211     11.656 f    (163.00,49.62)
  u_clefia_round/x_sbox10/sout[3] (net)         1        0.007                                              0.000     11.656 f    [0.00,0.01]
  u_clefia_round/x_sbox10/sout[3] (clefia_sbox1_1)                                                          0.000     11.656 f    (netlink)
  u_clefia_round/sout1[27] (net)                         0.007                                              0.000     11.656 f    [0.00,0.01]
  u_clefia_round/U2370/I (DEL1BWP7T)                               0.000     0.295     0.000                0.000 *   11.656 f    (166.42,67.69)
  u_clefia_round/U2370/Z (DEL1BWP7T)                                         0.322                          1.137     12.792 f    (170.84,67.50)
  u_clefia_round/n2490 (net)                    4        0.048                                              0.000     12.792 f    [0.03,0.05]
  u_clefia_round/U2112/A1 (AOI22D0BWP7T)                           0.000     0.322     0.000                0.002 *   12.794 f    (229.61,142.54)
  u_clefia_round/U2112/ZN (AOI22D0BWP7T)                                     0.934                          0.629     13.423 r    (228.98,142.30)
  u_clefia_round/n1872 (net)                    2        0.023                                              0.000     13.423 r    [0.01,0.02]
  u_clefia_round/U2113/A3 (XNR4D0BWP7T)                            0.000     0.934     0.000                0.001 *   13.424 r    (251.93,184.64)
  u_clefia_round/U2113/ZN (XNR4D0BWP7T)                                      0.214                          0.801     14.225 f    (256.38,184.60)
  u_clefia_round/n1782 (net)                    1        0.008                                              0.000     14.225 f    [0.00,0.01]
  u_clefia_round/U2114/A4 (XNR4D0BWP7T)                            0.000     0.214     0.000                0.000 *   14.225 f    (255.61,189.13)
  u_clefia_round/U2114/ZN (XNR4D0BWP7T)                                      0.269                          0.560     14.785 r    (262.91,189.10)
  u_clefia_round/rout[44] (net)                 1        0.013                                              0.000     14.785 r    [0.01,0.01]
  u_clefia_round/rout[44] (clefia_round)                                                                    0.000     14.785 r    (netlink)
  rout[44] (net)                                         0.013                                              0.000     14.785 r    [0.01,0.01]
  U3356/I (INVD1BWP7T)                                             0.000     0.269     0.000                0.000 *   14.785 r    (258.78,225.57)
  U3356/ZN (INVD1BWP7T)                                                      0.240                          0.212     14.998 f    (259.78,225.63)
  n3012 (net)                                   1        0.048                                              0.000     14.998 f    [0.05,0.05]
  U3355/I (INVD0BWP7T)                                             0.000     0.240     0.000                0.002 *   15.000 f    (123.64,296.59)
  U3355/ZN (INVD0BWP7T)                                                      0.331                          0.266     15.266 r    (124.43,296.50)
  n3011 (net)                                   3        0.017                                              0.000     15.266 r    [0.01,0.02]
  U2947/I (INVD0BWP7T)                                             0.000     0.331     0.000                0.000 *   15.266 r    (106.82,303.82)
  U2947/ZN (INVD0BWP7T)                                                      0.134                          0.122     15.388 f    (107.62,303.72)
  n2716 (net)                                   2        0.008                                              0.000     15.388 f    [0.00,0.01]
  U1662/B2 (AO221D0BWP7T)                                          0.000     0.134     0.000                0.000 *   15.389 f    (102.51,305.28)
  U1662/Z (AO221D0BWP7T)                                                     0.149                          0.575     15.963 f    (106.96,305.76)
  n3550 (net)                                   1        0.004                                              0.000     15.963 f    [0.00,0.00]
  U3169/I (INVD0BWP7T)                                             0.000     0.149     0.000                0.000 *   15.963 f    (109.50,310.45)
  U3169/ZN (INVD0BWP7T)                                                      1.821                          1.075     17.038 r    (110.30,310.35)
  c[12] (net)                                   1        0.111                                              0.000     17.038 r    [0.01,0.11]
  c[12] (out)                                                      0.000     1.821     0.000                0.004 *   17.043 r    (110.04,352.66)
  data arrival time                                                                                                   17.043

  clock clk (rise edge)                                                                                    40.000     40.000
  clock network delay (ideal)                                                                               0.000     40.000
  clock uncertainty                                                                                        -0.500     39.500
  output external delay                                                                                   -12.000     27.500
  data required time                                                                                                  27.500
  --------------------------------------------------------------------------------------------------------------------------------------------------------------------
  data required time                                                                                                  27.500
  data arrival time                                                                                                  -17.043
  --------------------------------------------------------------------------------------------------------------------------------------------------------------------
  slack (MET)                                                                                                         10.457


  Startpoint: round_reg_1_
              (rising edge-triggered flip-flop clocked by clk)
  Endpoint: l_reg_22_ (rising edge-triggered flip-flop clocked by clk)
  Path Group: clk
  Path Type: max

Attributes:
    d - dont_touch
    u - dont_use
   mo - map_only
   so - size_only
    i - ideal_net or ideal_network
  inf - infeasible path

  Point                                       Fanout       Cap     DTran     Trans     Delta     Derate      Incr       Path      Location / Load        Attributes
  --------------------------------------------------------------------------------------------------------------------------------------------------------------------
  clock clk (rise edge)                                                                                     0.000      0.000
  clock network delay (ideal)                                                                               0.000      0.000
  round_reg_1_/CP (EDFCND2BWP7T)                                   0.000     0.000     0.000                0.000      0.000 r    (171.57,350.29)        i 
  round_reg_1_/Q (EDFCND2BWP7T)                                              0.457                          0.737      0.737 r    (185.16,350.23)
  n2313 (net)                                  16        0.107                                              0.000      0.737 r    [0.04,0.11]
  U3104/I (DEL1BWP7T)                                              0.000     0.457     0.000                0.004 *    0.741 r    (162.52,351.14)
  U3104/Z (DEL1BWP7T)                                                        0.362                          1.129      1.870 r    (166.94,350.95)
  n2766 (net)                                   7        0.037                                              0.000      1.870 r    [0.01,0.04]
  U1867/A2 (NR2D1BWP7T)                                            0.000     0.362     0.000                0.002 *    1.872 r    (152.32,329.64)
  U1867/ZN (NR2D1BWP7T)                                                      0.217                          0.170      2.042 f    (153.11,329.46)
  n1528 (net)                                   4        0.024                                              0.000      2.042 f    [0.01,0.02]
  U1724/I (INVD0BWP7T)                                             0.000     0.217     0.000                0.001 *    2.042 f    (139.04,315.17)
  U1724/ZN (INVD0BWP7T)                                                      1.362                          0.849      2.891 r    (139.84,315.07)
  n2527 (net)                                  12        0.082                                              0.000      2.891 r    [0.03,0.08]
  U2243/B2 (AOI22D0BWP7T)                                          0.000     1.362     0.000                0.003 *    2.894 r    (134.39,321.74)
  U2243/ZN (AOI22D0BWP7T)                                                    0.333                          0.252      3.146 f    (135.14,321.22)
  n1529 (net)                                   1        0.004                                              0.000      3.146 f    [0.00,0.00]
  U2922/C (AO211D0BWP7T)                                           0.000     0.333     0.000                0.000 *    3.146 f    (132.27,325.39)
  U2922/Z (AO211D0BWP7T)                                                     0.134                          0.550      3.696 f    (133.09,324.64)
  n3628 (net)                                   1        0.004                                              0.000      3.696 f    [0.00,0.00]
  U2917/I (INVD0BWP7T)                                             0.000     0.134     0.000                0.000 *    3.696 f    (129.92,323.40)
  U2917/ZN (INVD0BWP7T)                                                      0.511                          0.344      4.039 r    (130.72,323.30)
  n1531 (net)                                   3        0.029                                              0.000      4.039 r    [0.02,0.03]
  U3694/B (OAI211D0BWP7T)                                          0.000     0.511     0.000                0.000 *    4.040 r    (133.35,315.37)
  U3694/ZN (OAI211D0BWP7T)                                                   0.391                          0.300      4.340 f    (134.44,315.63)
  n3362 (net)                                   1        0.008                                              0.000      4.340 f    [0.00,0.01]
  U3471/I (DEL1BWP7T)                                              0.000     0.391     0.000                0.000 *    4.340 f    (118.21,310.44)
  U3471/Z (DEL1BWP7T)                                                        0.290                          1.137      5.477 f    (122.64,310.25)
  n3120 (net)                                   1        0.040                                              0.000      5.477 f    [0.03,0.04]
  U2251/A2 (XNR2D1BWP7T)                                           0.000     0.290     0.000                0.001 *    5.479 f    (47.06,230.20)
  U2251/ZN (XNR2D1BWP7T)                                                     0.307                          0.458      5.937 r    (48.17,230.24)
  n1532 (net)                                   2        0.034                                              0.000      5.937 r    [0.02,0.03]
  U2252/A1 (CKXOR2D1BWP7T)                                         0.000     0.307     0.000                0.002 *    5.939 r    (34.65,138.44)
  U2252/Z (CKXOR2D1BWP7T)                                                    0.110                          0.356      6.295 r    (38.54,138.79)
  n1533 (net)                                   1        0.006                                              0.000      6.295 r    [0.00,0.01]
  U2253/A1 (OAI22D1BWP7T)                                          0.000     0.110     0.000                0.000 *    6.295 r    (40.85,142.71)
  U2253/ZN (OAI22D1BWP7T)                                                    0.330                          0.141      6.436 f    (40.66,142.62)
  n1534 (net)                                   1        0.012                                              0.000      6.436 f    [0.01,0.01]
  U2254/C (AOI211D1BWP7T)                                          0.000     0.330     0.000                0.000 *    6.436 f    (40.10,106.42)
  U2254/ZN (AOI211D1BWP7T)                                                   0.374                          0.364      6.800 r    (41.76,105.77)
  n1536 (net)                                   1        0.004                                              0.000      6.800 r    [0.00,0.00]
  U2255/B (OAI21D0BWP7T)                                           0.000     0.374     0.000                0.000 *    6.800 r    (37.68,102.99)
  U2255/ZN (OAI21D0BWP7T)                                                    0.242                          0.227      7.027 f    (36.21,103.43)
  rk1[25] (net)                                 1        0.010                                              0.000      7.027 f    [0.00,0.01]
  u_clefia_round/rk1[25] (clefia_round)                                                                     0.000      7.027 f    (netlink)
  u_clefia_round/rk1[25] (net)                           0.010                                              0.000      7.027 f    [0.00,0.01]
  u_clefia_round/U79/A1 (CKXOR2D1BWP7T)                            0.000     0.242     0.000                0.000 *    7.027 f    (39.94,92.07)
  u_clefia_round/U79/Z (CKXOR2D1BWP7T)                                       0.433                          0.537      7.564 r    (43.83,92.42)
  u_clefia_round/sin1[25] (net)                 5        0.050                                              0.000      7.564 r    [0.03,0.05]
  u_clefia_round/x_sbox10/sin[1] (clefia_sbox1_1)                                                           0.000      7.564 r    (netlink)
  u_clefia_round/x_sbox10/sin[1] (net)                   0.050                                              0.000      7.564 r    [0.03,0.05]
  u_clefia_round/x_sbox10/U6/I (INVD0BWP7T)                        0.000     0.433     0.000                0.001 *    7.565 r    (80.28,55.26)
  u_clefia_round/x_sbox10/U6/ZN (INVD0BWP7T)                                 0.251                          0.227      7.792 f    (81.08,55.16)
  u_clefia_round/x_sbox10/n19 (net)             3        0.021                                              0.000      7.792 f    [0.00,0.02]
  u_clefia_round/x_sbox10/U33/A2 (ND2D2BWP7T)                      0.000     0.251     0.000                0.001 *    7.792 f    (83.86,53.47)
  u_clefia_round/x_sbox10/U33/ZN (ND2D2BWP7T)                                0.270                          0.236      8.028 r    (84.19,52.60)
  u_clefia_round/x_sbox10/n297 (net)            7        0.049                                              0.000      8.028 r    [0.02,0.05]
  u_clefia_round/x_sbox10/U55/I (INVD0BWP7T)                       0.000     0.270     0.000                0.001 *    8.030 r    (100.71,55.17)
  u_clefia_round/x_sbox10/U55/ZN (INVD0BWP7T)                                0.355                          0.289      8.319 f    (101.50,55.08)
  u_clefia_round/x_sbox10/n370 (net)            6        0.040                                              0.000      8.319 f    [0.01,0.04]
  u_clefia_round/x_sbox10/U172/A2 (ND2D1BWP7T)                     0.000     0.355     0.000                0.001 *    8.320 f    (97.97,34.70)
  u_clefia_round/x_sbox10/U172/ZN (ND2D1BWP7T)                               0.479                          0.387      8.707 r    (99.02,34.77)
  u_clefia_round/x_sbox10/n202 (net)            5        0.049                                              0.000      8.707 r    [0.02,0.05]
  u_clefia_round/x_sbox10/U173/B (OAI21D2BWP7T)                    0.000     0.479     0.000                0.001 *    8.708 r    (74.14,36.62)
  u_clefia_round/x_sbox10/U173/ZN (OAI21D2BWP7T)                             0.201                          0.201      8.908 f    (76.78,36.71)
  u_clefia_round/x_sbox10/n90 (net)             3        0.030                                              0.000      8.908 f    [0.02,0.03]
  u_clefia_round/x_sbox10/U174/B (AOI31D0BWP7T)                    0.000     0.201     0.000                0.000 *    8.909 f    (83.04,36.85)
  u_clefia_round/x_sbox10/U174/ZN (AOI31D0BWP7T)                             0.991                          0.701      9.610 r    (82.08,36.83)
  u_clefia_round/x_sbox10/n276 (net)            2        0.023                                              0.000      9.610 r    [0.02,0.02]
  u_clefia_round/x_sbox10/U176/A1 (ND4D0BWP7T)                     0.000     0.991     0.000                0.001 *    9.610 r    (141.13,22.81)
  u_clefia_round/x_sbox10/U176/ZN (ND4D0BWP7T)                               0.483                          0.410     10.021 f    (141.29,22.75)
  u_clefia_round/x_sbox10/n32 (net)             1        0.010                                              0.000     10.021 f    [0.01,0.01]
  u_clefia_round/x_sbox10/U177/A4 (NR4D0BWP7T)                     0.000     0.483     0.000                0.000 *   10.021 f    (154.44, 8.85)
  u_clefia_round/x_sbox10/U177/ZN (NR4D0BWP7T)                               0.515                          0.468     10.489 r    (155.68, 9.19)
  u_clefia_round/x_sbox10/n237 (net)            2        0.008                                              0.000     10.489 r    [0.00,0.01]
  u_clefia_round/x_sbox10/U337/A1 (AOI31D0BWP7T)                   0.000     0.515     0.000                0.000 *   10.489 r    (155.40,17.36)
  u_clefia_round/x_sbox10/U337/ZN (AOI31D0BWP7T)                             0.270                          0.240     10.730 f    (155.54,17.35)
  u_clefia_round/x_sbox10/n251 (net)            1        0.006                                              0.000     10.730 f    [0.00,0.01]
  u_clefia_round/x_sbox10/U242/B (AO211D0BWP7T)                    0.000     0.270     0.000                0.000 *   10.730 f    (155.87,33.87)
  u_clefia_round/x_sbox10/U242/Z (AO211D0BWP7T)                              0.132                          0.536     11.265 f    (157.25,33.69)
  u_clefia_round/x_sbox10/n432 (net)            1        0.004                                              0.000     11.265 f    [0.00,0.00]
  u_clefia_round/x_sbox10/U240/I (INVD0BWP7T)                      0.000     0.132     0.000                0.000 *   11.265 f    (154.00,33.32)
  u_clefia_round/x_sbox10/U240/ZN (INVD0BWP7T)                               0.229                          0.179     11.444 r    (154.80,33.22)
  u_clefia_round/x_sbox10/n257 (net)            2        0.011                                              0.000     11.444 r    [0.01,0.01]
  u_clefia_round/x_sbox10/U342/B2 (AOI32D0BWP7T)                   0.000     0.229     0.000                0.000 *   11.445 r    (165.36,49.19)
  u_clefia_round/x_sbox10/U342/ZN (AOI32D0BWP7T)                             0.295                          0.211     11.656 f    (163.00,49.62)
  u_clefia_round/x_sbox10/sout[3] (net)         1        0.007                                              0.000     11.656 f    [0.00,0.01]
  u_clefia_round/x_sbox10/sout[3] (clefia_sbox1_1)                                                          0.000     11.656 f    (netlink)
  u_clefia_round/sout1[27] (net)                         0.007                                              0.000     11.656 f    [0.00,0.01]
  u_clefia_round/U2370/I (DEL1BWP7T)                               0.000     0.295     0.000                0.000 *   11.656 f    (166.42,67.69)
  u_clefia_round/U2370/Z (DEL1BWP7T)                                         0.322                          1.137     12.792 f    (170.84,67.50)
  u_clefia_round/n2490 (net)                    4        0.048                                              0.000     12.792 f    [0.03,0.05]
  u_clefia_round/U2112/A1 (AOI22D0BWP7T)                           0.000     0.322     0.000                0.002 *   12.794 f    (229.61,142.54)
  u_clefia_round/U2112/ZN (AOI22D0BWP7T)                                     0.934                          0.629     13.423 r    (228.98,142.30)
  u_clefia_round/n1872 (net)                    2        0.023                                              0.000     13.423 r    [0.01,0.02]
  u_clefia_round/U2151/A2 (XNR2D1BWP7T)                            0.000     0.934     0.000                0.000 *   13.423 r    (250.27,146.57)
  u_clefia_round/U2151/ZN (XNR2D1BWP7T)                                      0.269                          0.527     13.951 r    (251.38,146.61)
  u_clefia_round/n1881 (net)                    2        0.029                                              0.000     13.951 r    [0.02,0.03]
  u_clefia_round/U2160/A4 (XNR4D0BWP7T)                            0.000     0.269     0.000                0.001 *   13.951 r    (215.17,177.66)
  u_clefia_round/U2160/ZN (XNR4D0BWP7T)                                      0.190                          0.556     14.507 r    (222.46,177.63)
  u_clefia_round/rout[54] (net)                 1        0.007                                              0.000     14.507 r    [0.00,0.01]
  u_clefia_round/rout[54] (clefia_round)                                                                    0.000     14.507 r    (netlink)
  rout[54] (net)                                         0.007                                              0.000     14.507 r    [0.00,0.01]
  U3380/I (INVD1BWP7T)                                             0.000     0.190     0.000                0.000 *   14.507 r    (213.25,175.03)
  U3380/ZN (INVD1BWP7T)                                                      0.229                          0.191     14.698 f    (214.26,175.10)
  n3041 (net)                                   3        0.049                                              0.000     14.698 f    [0.04,0.05]
  U3038/C1 (OAI222D0BWP7T)                                         0.000     0.229     0.000                0.002 *   14.700 f    (96.36,184.83)
  U3038/ZN (OAI222D0BWP7T)                                                   0.693                          0.462     15.162 r    (98.27,184.49)
  n1086 (net)                                   1        0.005                                              0.000     15.162 r    [0.00,0.01]
  U3341/I (DEL1BWP7T)                                              0.000     0.693     0.000                0.000 *   15.162 r    (92.20,187.54)
  U3341/Z (DEL1BWP7T)                                                        0.146                          1.004     16.166 r    (96.63,187.36)
  n2998 (net)                                   1        0.008                                              0.000     16.166 r    [0.00,0.01]
  l_reg_22_/D (DFCND0BWP7T)                                        0.000     0.146     0.000                0.000 *   16.166 r    (90.66,191.75)
  data arrival time                                                                                                   16.166

  clock clk (rise edge)                                                                                    40.000     40.000
  clock network delay (ideal)                                                                               0.000     40.000
  clock uncertainty                                                                                        -0.500     39.500
  l_reg_22_/CP (DFCND0BWP7T)                                                                                0.000     39.500 r
  library setup time                                                                                       -0.109     39.391
  data required time                                                                                                  39.391
  --------------------------------------------------------------------------------------------------------------------------------------------------------------------
  data required time                                                                                                  39.391
  data arrival time                                                                                                  -16.166
  --------------------------------------------------------------------------------------------------------------------------------------------------------------------
  slack (MET)                                                                                                         23.225


1
