 
****************************************
Report : timing
        -path full_clock
        -delay max
        -physical
        -derate
        -input_pins
        -nets
        -max_paths 1
        -transition_time
        -crosstalk_delta
        -capacitance
Design : systolic_array
Version: L-2016.03-SP5
Date   : Wed Dec 21 12:24:55 2022
****************************************

 * Some/all delay information is back-annotated.

Operating Conditions: WCCOM   Library: tcb018gbwp7twc_ccs
Wire Load Model Mode: Inactive.

  Startpoint: rstn_p (input port clocked by clk_p)
  Endpoint: SA_B_0_shift_reg_reg_5__4_
            (rising edge-triggered flip-flop clocked by clk_p)
  Path Group: REGIN
  Path Type: max

Attributes:
    d - dont_touch
    u - dont_use
   mo - map_only
   so - size_only
    i - ideal_net or ideal_network
  inf - infeasible path

  Point                                       Fanout       Cap     DTran     Trans     Delta     Derate      Incr       Path      Location / Load        Attributes
  --------------------------------------------------------------------------------------------------------------------------------------------------------------------
  clock clk_p (rise edge)                                                                                   0.000      0.000
  clock network delay (ideal)                                                                               0.000      0.000
  input external delay                                                                                     12.000     12.000 r
  rstn_p (in)                                                                0.000                          9.902     21.902 r    (489.96,238.28)        i 
  rstn_p (net)                                  1        2.301                                              0.000     21.902 r    [0.00,2.30]
  u_pad_rst_n/PAD (PDUW0208SCDG)                                   0.000     0.000     0.000                0.039 *   21.941 r    (-38.28,374.83)
  u_pad_rst_n/C (PDUW0208SCDG)                                               0.313                          1.234     23.175 r    (-21.89,491.90)
  rstn (net)                                    5        0.058                                              0.000     23.175 r    [0.04,0.06]
  U1399/I (INVD0BWP7T)                                             0.000     0.313     0.000                0.002 *   23.177 r    (269.23,227.38)
  U1399/ZN (INVD0BWP7T)                                                      0.459                          0.363     23.541 f    (270.02,227.28)
  n3327 (net)                                   8        0.054                                              0.000     23.541 f    [0.02,0.05]
  U3493/B (AOI21D2BWP7T)                                           0.000     0.459     0.000                0.001 *   23.542 f    (267.45,223.84)
  U3493/ZN (AOI21D2BWP7T)                                                    0.600                          0.490     24.032 r    (269.20,223.88)
  n3322 (net)                                   9        0.057                                              0.000     24.032 r    [0.03,0.06]
  U4859/I (DEL1BWP7T)                                              0.000     0.600     0.000                0.002 *   24.034 r    (270.05,271.58)
  U4859/Z (DEL1BWP7T)                                                        0.295                          1.104     25.138 r    (274.48,271.39)
  n4397 (net)                                   5        0.028                                              0.000     25.138 r    [0.01,0.03]
  U3495/B (OAI31D0BWP7T)                                           0.000     0.295     0.000                0.001 *   25.138 r    (240.02,272.11)
  U3495/ZN (OAI31D0BWP7T)                                                    0.253                          0.233     25.371 f    (239.07,271.99)
  n3152 (net)                                   1        0.010                                              0.000     25.371 f    [0.01,0.01]
  U4854/I (BUFFD1BWP7T)                                            0.000     0.253     0.000                0.000 *   25.372 f    (225.80,302.01)
  U4854/Z (BUFFD1BWP7T)                                                      0.397                          0.437     25.809 f    (226.92,301.88)
  n4390 (net)                                   7        0.093                                              0.000     25.809 f    [0.01,0.09]
  U3496/A2 (CKND2D3BWP7T)                                          0.000     0.397     0.000                0.003 *   25.812 f    (231.48,310.01)
  U3496/ZN (CKND2D3BWP7T)                                                    0.316                          0.279     26.090 r    (233.95,310.35)
  n3090 (net)                                  11        0.079                                              0.000     26.090 r    [0.05,0.08]
  U3485/I (DEL1BWP7T)                                              0.000     0.316     0.000                0.003 *   26.094 r    (105.40,315.60)
  U3485/Z (DEL1BWP7T)                                                        0.468                          1.172     27.265 r    (109.82,315.42)
  n3968 (net)                                  13        0.052                                              0.000     27.265 r    [0.02,0.05]
  U4214/B2 (AOI22D0BWP7T)                                          0.000     0.468     0.000                0.001 *   27.267 r    (111.56,311.72)
  U4214/ZN (AOI22D0BWP7T)                                                    0.206                          0.188     27.455 f    (112.31,311.20)
  n3470 (net)                                   1        0.004                                              0.000     27.455 f    [0.00,0.00]
  U4215/B (OAI21D0BWP7T)                                           0.000     0.206     0.000                0.000 *   27.455 f    (108.35,310.76)
  U4215/ZN (OAI21D0BWP7T)                                                    0.385                          0.202     27.657 r    (106.88,311.19)
  n760 (net)                                    1        0.007                                              0.000     27.657 r    [0.00,0.01]
  SA_B_0_shift_reg_reg_5__4_/D (DFQD0BWP7T)                        0.000     0.385     0.000                0.000 *   27.657 r    (95.86,309.45)
  data arrival time                                                                                                   27.657

  clock clk_p (rise edge)                                                                                  40.000     40.000
  clock network delay (ideal)                                                                               0.000     40.000
  clock uncertainty                                                                                        -0.500     39.500
  SA_B_0_shift_reg_reg_5__4_/CP (DFQD0BWP7T)                                                                0.000     39.500 r
  library setup time                                                                                       -0.119     39.381
  data required time                                                                                                  39.381
  --------------------------------------------------------------------------------------------------------------------------------------------------------------------
  data required time                                                                                                  39.381
  data arrival time                                                                                                  -27.657
  --------------------------------------------------------------------------------------------------------------------------------------------------------------------
  slack (MET)                                                                                                         11.724


  Startpoint: SA_ctrl_state_overall_reg_1_
              (rising edge-triggered flip-flop clocked by clk_p)
  Endpoint: p_shift_out[5]
            (output port clocked by clk_p)
  Path Group: REGOUT
  Path Type: max

Attributes:
    d - dont_touch
    u - dont_use
   mo - map_only
   so - size_only
    i - ideal_net or ideal_network
  inf - infeasible path

  Point                                       Fanout       Cap     DTran     Trans     Delta     Derate      Incr       Path      Location / Load        Attributes
  --------------------------------------------------------------------------------------------------------------------------------------------------------------------
  clock clk_p (rise edge)                                                                                   0.000      0.000
  clock network delay (ideal)                                                                               0.000      0.000
  SA_ctrl_state_overall_reg_1_/CP (DFQD1BWP7T)                     0.000     0.000     0.000                0.000      0.000 r    (275.00,209.23)
  SA_ctrl_state_overall_reg_1_/Q (DFQD1BWP7T)                                0.278                          0.442      0.442 r    (284.28,209.20)
  SA_ctrl_state_overall[1] (net)                5        0.031                                              0.000      0.442 r    [0.01,0.03]
  U2733/I (INVD0BWP7T)                                             0.000     0.278     0.000                0.001 *    0.442 r    (275.65,213.62)
  U2733/ZN (INVD0BWP7T)                                                      0.285                          0.245      0.687 f    (276.45,213.52)
  n3909 (net)                                   5        0.031                                              0.000      0.687 f    [0.01,0.03]
  U1398/A1 (NR2D1BWP7T)                                            0.000     0.285     0.000                0.001 *    0.688 f    (269.01,203.02)
  U1398/ZN (NR2D1BWP7T)                                                      1.777                          1.112      1.799 r    (268.42,203.09)
  ack (net)                                     9        0.108                                              0.000      1.799 r    [0.05,0.11]
  U1417/A3 (ND3D0BWP7T)                                            0.000     1.777     0.000                0.003 *    1.802 r    (227.61,187.88)
  U1417/ZN (ND3D0BWP7T)                                                      1.266                          0.933      2.736 f    (229.28,187.84)
  n3055 (net)                                   5        0.059                                              0.000      2.736 f    [0.03,0.06]
  U3015/I (INVD0BWP7T)                                             0.000     1.266     0.000                0.002 *    2.737 f    (222.18,96.51)
  U3015/ZN (INVD0BWP7T)                                                      0.707                          0.678      3.416 r    (222.98,96.41)
  n3938 (net)                                   8        0.030                                              0.000      3.416 r    [0.01,0.03]
  U1435/A1 (AOI22D0BWP7T)                                          0.000     0.707     0.000                0.001 *    3.417 r    (213.96,106.07)
  U1435/ZN (AOI22D0BWP7T)                                                    0.342                          0.275      3.692 f    (213.34,105.84)
  n1065 (net)                                   1        0.012                                              0.000      3.692 f    [0.01,0.01]
  U1436/A2 (ND2D1BWP7T)                                            0.000     0.342     0.000                0.000 *    3.692 f    (191.48,85.44)
  U1436/ZN (ND2D1BWP7T)                                                      0.362                          0.312      4.005 r    (192.53,85.51)
  shift_out[5] (net)                            1        0.034                                              0.000      4.005 r    [0.01,0.03]
  u_pad_data_out_5/I (PDDW0208CDG)                                 0.000     0.362     0.000                0.001 *    4.006 r    (191.42,-0.50)
  u_pad_data_out_5/PAD (PDDW0208CDG)                                         1.373                          3.985      7.991 r    (204.68,-117.57)
  p_shift_out[5] (net)                          1        2.405                                              0.000      7.991 r    [0.00,2.40]
  p_shift_out[5] (out)                                             0.000     1.373     0.000                0.025 *    8.016 r    (204.68,-117.57)
  data arrival time                                                                                                    8.016

  clock clk_p (rise edge)                                                                                  40.000     40.000
  clock network delay (ideal)                                                                               0.000     40.000
  clock uncertainty                                                                                        -0.500     39.500
  output external delay                                                                                   -12.000     27.500
  data required time                                                                                                  27.500
  --------------------------------------------------------------------------------------------------------------------------------------------------------------------
  data required time                                                                                                  27.500
  data arrival time                                                                                                   -8.016
  --------------------------------------------------------------------------------------------------------------------------------------------------------------------
  slack (MET)                                                                                                         19.484


  Startpoint: SA_core_pe_0_1_Aij_o_reg_0_
              (rising edge-triggered flip-flop clocked by clk_p)
  Endpoint: SA_core_pe_0_2_Cij_o_reg_7_
            (rising edge-triggered flip-flop clocked by clk_p)
  Path Group: clk_p
  Path Type: max

Attributes:
    d - dont_touch
    u - dont_use
   mo - map_only
   so - size_only
    i - ideal_net or ideal_network
  inf - infeasible path

  Point                                       Fanout       Cap     DTran     Trans     Delta     Derate      Incr       Path      Location / Load        Attributes
  --------------------------------------------------------------------------------------------------------------------------------------------------------------------
  clock clk_p (rise edge)                                                                                   0.000      0.000
  clock network delay (ideal)                                                                               0.000      0.000
  SA_core_pe_0_1_Aij_o_reg_0_/CP (DFQD1BWP7T)                      0.000     0.000     0.000                0.000      0.000 r    (65.02,250.88)
  SA_core_pe_0_1_Aij_o_reg_0_/Q (DFQD1BWP7T)                                 0.167                          0.466      0.466 f    (74.29,250.84)
  SA_core_connect[8] (net)                      5        0.035                                              0.000      0.466 f    [0.02,0.03]
  U1401/I (INVD0BWP7T)                                             0.000     0.167     0.000                0.001 *    0.467 f    (96.35,217.31)
  U1401/ZN (INVD0BWP7T)                                                      0.957                          0.604      1.072 r    (97.15,217.21)
  n3766 (net)                                   8        0.057                                              0.000      1.072 r    [0.02,0.06]
  U3129/A2 (NR3D0BWP7T)                                            0.000     0.957     0.000                0.001 *    1.073 r    (88.31,224.59)
  U3129/ZN (NR3D0BWP7T)                                                      0.321                          0.299      1.372 f    (89.42,224.68)
  n2691 (net)                                   3        0.014                                              0.000      1.372 f    [0.00,0.01]
  U4905/B (AOI21D0BWP7T)                                           0.000     0.321     0.000                0.000 *    1.372 f    (83.62,223.53)
  U4905/ZN (AOI21D0BWP7T)                                                    0.364                          0.340      1.713 r    (82.42,223.29)
  n4444 (net)                                   1        0.006                                              0.000      1.713 r    [0.00,0.01]
  U3138/B (MAOI222D0BWP7T)                                         0.000     0.364     0.000                0.000 *    1.713 r    (77.72,223.26)
  U3138/ZN (MAOI222D0BWP7T)                                                  0.253                          0.253      1.966 f    (77.33,223.40)
  n2695 (net)                                   1        0.006                                              0.000      1.966 f    [0.00,0.01]
  U4723/I (INVD0BWP7T)                                             0.000     0.253     0.000                0.000 *    1.966 f    (66.36,228.73)
  U4723/ZN (INVD0BWP7T)                                                      0.129                          0.130      2.096 r    (67.16,228.63)
  n4260 (net)                                   1        0.003                                              0.000      2.096 r    [0.00,0.00]
  U4722/I (INVD0BWP7T)                                             0.000     0.129     0.000                0.000 *    2.096 r    (65.79,228.70)
  U4722/ZN (INVD0BWP7T)                                                      0.093                          0.090      2.186 f    (66.58,228.60)
  n4259 (net)                                   1        0.008                                              0.000      2.186 f    [0.00,0.01]
  U3151/B (FA1D0BWP7T)                                             0.000     0.093     0.000                0.000 *    2.187 f    (64.45,225.99)
  U3151/CO (FA1D0BWP7T)                                                      0.196                          0.598      2.785 f    (72.82,225.46)
  n2705 (net)                                   2        0.015                                              0.000      2.785 f    [0.00,0.02]
  U2270/A (MAOI222D1BWP7T)                                         0.000     0.196     0.000                0.000 *    2.785 f    (69.74,209.44)
  U2270/ZN (MAOI222D1BWP7T)                                                  0.438                          0.284      3.069 r    (72.46,209.50)
  n4208 (net)                                   1        0.008                                              0.000      3.069 r    [0.00,0.01]
  U3167/B (FA1D0BWP7T)                                             0.000     0.438     0.000                0.000 *    3.069 r    (69.83,207.14)
  U3167/CO (FA1D0BWP7T)                                                      0.186                          0.522      3.591 r    (78.21,206.61)
  n2726 (net)                                   2        0.008                                              0.000      3.591 r    [0.00,0.01]
  U3181/B (OAI21D0BWP7T)                                           0.000     0.186     0.000                0.000 *    3.592 r    (83.43,201.98)
  U3181/ZN (OAI21D0BWP7T)                                                    0.151                          0.140      3.732 f    (81.96,202.42)
  n2727 (net)                                   1        0.004                                              0.000      3.732 f    [0.00,0.00]
  U3182/B (IOA21D0BWP7T)                                           0.000     0.151     0.000                0.000 *    3.732 f    (84.99,199.79)
  U3182/ZN (IOA21D0BWP7T)                                                    0.172                          0.146      3.878 r    (84.49,199.82)
  n2774 (net)                                   1        0.006                                              0.000      3.878 r    [0.00,0.01]
  U3203/A (FA1D0BWP7T)                                             0.000     0.172     0.000                0.000 *    3.878 r    (88.39,199.68)
  U3203/CO (FA1D0BWP7T)                                                      0.180                          0.591      4.469 r    (100.41,199.40)
  n2775 (net)                                   1        0.008                                              0.000      4.469 r    [0.00,0.01]
  U3207/A2 (XOR4D0BWP7T)                                           0.000     0.180     0.000                0.000 *    4.469 r    (125.37,200.75)
  U3207/Z (XOR4D0BWP7T)                                                      0.155                          0.597      5.066 r    (124.71,200.65)
  n2793 (net)                                   1        0.005                                              0.000      5.066 r    [0.00,0.00]
  U3217/A2 (XNR4D0BWP7T)                                           0.000     0.155     0.000                0.000 *    5.066 r    (128.73,207.18)
  U3217/ZN (XNR4D0BWP7T)                                                     0.223                          0.671      5.737 f    (128.07,207.08)
  n2795 (net)                                   1        0.011                                              0.000      5.737 f    [0.01,0.01]
  U3218/A2 (MOAI22D0BWP7T)                                         0.000     0.223     0.000                0.000 *    5.737 f    (166.44,193.23)
  U3218/ZN (MOAI22D0BWP7T)                                                   0.324                          0.262      5.998 r    (165.77,193.47)
  SA_core_pe_0_2_N17 (net)                      1        0.006                                              0.000      5.998 r    [0.00,0.01]
  SA_core_pe_0_2_Cij_o_reg_7_/D (DFQD0BWP7T)                       0.000     0.324     0.000                0.000 *    5.999 r    (165.80,184.67)
  data arrival time                                                                                                    5.999

  clock clk_p (rise edge)                                                                                  40.000     40.000
  clock network delay (ideal)                                                                               0.000     40.000
  clock uncertainty                                                                                        -0.500     39.500
  SA_core_pe_0_2_Cij_o_reg_7_/CP (DFQD0BWP7T)                                                               0.000     39.500 r
  library setup time                                                                                       -0.118     39.382
  data required time                                                                                                  39.382
  --------------------------------------------------------------------------------------------------------------------------------------------------------------------
  data required time                                                                                                  39.382
  data arrival time                                                                                                   -5.999
  --------------------------------------------------------------------------------------------------------------------------------------------------------------------
  slack (MET)                                                                                                         33.384


1
