 
****************************************
Report : resources
Design : systolic_array
Version: L-2016.03-SP5
Date   : Wed Dec 21 12:24:55 2022
****************************************


Resource Report for this hierarchy in file ../src/systolic_array/controller.v
=============================================================================
| Cell           | Module         | Parameters | Contained Operations       |
=============================================================================
| add_x_25       | DW01_add       | width=3    | SA/ctrl/add_133 (controller.v:133) |
| eq_x_26        | DW_cmp         | width=3    | SA/ctrl/eq_133 (controller.v:133) |
| add_x_27       | DW01_inc       | width=2    | SA/ctrl/add_135 (controller.v:135) |
| sub_x_28       | DW01_sub       | width=3    | SA/ctrl/sub_136 (controller.v:136) |
| add_x_29       | DW01_inc       | width=3    | SA/ctrl/add_138 (controller.v:138) |
| add_x_30       | DW01_inc       | width=4    | SA/ctrl/add_144 (controller.v:144) |
| add_x_31       | DW01_inc       | width=2    | SA/ctrl/add_152 (controller.v:152) |
| add_x_32       | DW01_inc       | width=2    | SA/ctrl/add_155 (controller.v:155) |
| DP_OP_196J1_122_2998            |            |                            |
|                | DP_OP_196J1_122_2998 |      |                            |
| DP_OP_197J1_123_2998            |            |                            |
|                | DP_OP_197J1_123_2998 |      |                            |
| DP_OP_198J1_124_2998            |            |                            |
|                | DP_OP_198J1_124_2998 |      |                            |
| DP_OP_199J1_125_2998            |            |                            |
|                | DP_OP_199J1_125_2998 |      |                            |
| DP_OP_200J1_126_2998            |            |                            |
|                | DP_OP_200J1_126_2998 |      |                            |
| DP_OP_201J1_127_2998            |            |                            |
|                | DP_OP_201J1_127_2998 |      |                            |
| DP_OP_202J1_128_2998            |            |                            |
|                | DP_OP_202J1_128_2998 |      |                            |
| DP_OP_203J1_129_2998            |            |                            |
|                | DP_OP_203J1_129_2998 |      |                            |
| DP_OP_204J1_130_2998            |            |                            |
|                | DP_OP_204J1_130_2998 |      |                            |
| DP_OP_205J1_131_2998            |            |                            |
|                | DP_OP_205J1_131_2998 |      |                            |
| DP_OP_206J1_132_2998            |            |                            |
|                | DP_OP_206J1_132_2998 |      |                            |
| DP_OP_207J1_133_2998            |            |                            |
|                | DP_OP_207J1_133_2998 |      |                            |
| DP_OP_208J1_134_2998            |            |                            |
|                | DP_OP_208J1_134_2998 |      |                            |
| DP_OP_209J1_135_2998            |            |                            |
|                | DP_OP_209J1_135_2998 |      |                            |
| DP_OP_210J1_136_2998            |            |                            |
|                | DP_OP_210J1_136_2998 |      |                            |
| DP_OP_211J1_137_2998            |            |                            |
|                | DP_OP_211J1_137_2998 |      |                            |
=============================================================================

Datapath Report for DP_OP_196J1_122_2998
==============================================================================
| Cell                 | Contained Operations                                |
==============================================================================
| DP_OP_196J1_122_2998 | SA/core/pe_0_0/mult_20 (pe.v:20)                    |
|                      | SA/core/pe_0_0/add_20 (pe.v:20)                     |
==============================================================================

==============================================================================
|       |      | Data     |       |                                          |
| Var   | Type | Class    | Width | Expression                               |
==============================================================================
| I1    | PI   | Unsigned | 8     |                                          |
| I2    | PI   | Unsigned | 8     |                                          |
| I3    | PI   | Unsigned | 8     |                                          |
| T51   | IFO  | Unsigned | 8     | I1 * I2 (pe.v:20)                        |
| O1    | PO   | Unsigned | 8     | T51 + I3 (pe.v:20)                       |
==============================================================================

Datapath Report for DP_OP_197J1_123_2998
==============================================================================
| Cell                 | Contained Operations                                |
==============================================================================
| DP_OP_197J1_123_2998 | SA/core/pe_3_3/mult_20 (pe.v:20)                    |
|                      | SA/core/pe_3_3/add_20 (pe.v:20)                     |
==============================================================================

==============================================================================
|       |      | Data     |       |                                          |
| Var   | Type | Class    | Width | Expression                               |
==============================================================================
| I1    | PI   | Unsigned | 8     |                                          |
| I2    | PI   | Unsigned | 8     |                                          |
| I3    | PI   | Unsigned | 8     |                                          |
| T56   | IFO  | Unsigned | 8     | I1 * I2 (pe.v:20)                        |
| O1    | PO   | Unsigned | 8     | T56 + I3 (pe.v:20)                       |
==============================================================================

Datapath Report for DP_OP_198J1_124_2998
==============================================================================
| Cell                 | Contained Operations                                |
==============================================================================
| DP_OP_198J1_124_2998 | SA/core/pe_3_2/mult_20 (pe.v:20)                    |
|                      | SA/core/pe_3_2/add_20 (pe.v:20)                     |
==============================================================================

==============================================================================
|       |      | Data     |       |                                          |
| Var   | Type | Class    | Width | Expression                               |
==============================================================================
| I1    | PI   | Unsigned | 8     |                                          |
| I2    | PI   | Unsigned | 8     |                                          |
| I3    | PI   | Unsigned | 8     |                                          |
| T59   | IFO  | Unsigned | 8     | I1 * I2 (pe.v:20)                        |
| O1    | PO   | Unsigned | 8     | T59 + I3 (pe.v:20)                       |
==============================================================================

Datapath Report for DP_OP_199J1_125_2998
==============================================================================
| Cell                 | Contained Operations                                |
==============================================================================
| DP_OP_199J1_125_2998 | SA/core/pe_3_1/mult_20 (pe.v:20)                    |
|                      | SA/core/pe_3_1/add_20 (pe.v:20)                     |
==============================================================================

==============================================================================
|       |      | Data     |       |                                          |
| Var   | Type | Class    | Width | Expression                               |
==============================================================================
| I1    | PI   | Unsigned | 8     |                                          |
| I2    | PI   | Unsigned | 8     |                                          |
| I3    | PI   | Unsigned | 8     |                                          |
| T63   | IFO  | Unsigned | 8     | I1 * I2 (pe.v:20)                        |
| O1    | PO   | Unsigned | 8     | T63 + I3 (pe.v:20)                       |
==============================================================================

Datapath Report for DP_OP_200J1_126_2998
==============================================================================
| Cell                 | Contained Operations                                |
==============================================================================
| DP_OP_200J1_126_2998 | SA/core/pe_3_0/mult_20 (pe.v:20)                    |
|                      | SA/core/pe_3_0/add_20 (pe.v:20)                     |
==============================================================================

==============================================================================
|       |      | Data     |       |                                          |
| Var   | Type | Class    | Width | Expression                               |
==============================================================================
| I1    | PI   | Unsigned | 8     |                                          |
| I2    | PI   | Unsigned | 8     |                                          |
| I3    | PI   | Unsigned | 8     |                                          |
| T67   | IFO  | Unsigned | 8     | I1 * I2 (pe.v:20)                        |
| O1    | PO   | Unsigned | 8     | T67 + I3 (pe.v:20)                       |
==============================================================================

Datapath Report for DP_OP_201J1_127_2998
==============================================================================
| Cell                 | Contained Operations                                |
==============================================================================
| DP_OP_201J1_127_2998 | SA/core/pe_2_3/mult_20 (pe.v:20)                    |
|                      | SA/core/pe_2_3/add_20 (pe.v:20)                     |
==============================================================================

==============================================================================
|       |      | Data     |       |                                          |
| Var   | Type | Class    | Width | Expression                               |
==============================================================================
| I1    | PI   | Unsigned | 8     |                                          |
| I2    | PI   | Unsigned | 8     |                                          |
| I3    | PI   | Unsigned | 8     |                                          |
| T71   | IFO  | Unsigned | 8     | I1 * I2 (pe.v:20)                        |
| O1    | PO   | Unsigned | 8     | T71 + I3 (pe.v:20)                       |
==============================================================================

Datapath Report for DP_OP_202J1_128_2998
==============================================================================
| Cell                 | Contained Operations                                |
==============================================================================
| DP_OP_202J1_128_2998 | SA/core/pe_2_2/mult_20 (pe.v:20)                    |
|                      | SA/core/pe_2_2/add_20 (pe.v:20)                     |
==============================================================================

==============================================================================
|       |      | Data     |       |                                          |
| Var   | Type | Class    | Width | Expression                               |
==============================================================================
| I1    | PI   | Unsigned | 8     |                                          |
| I2    | PI   | Unsigned | 8     |                                          |
| I3    | PI   | Unsigned | 8     |                                          |
| T75   | IFO  | Unsigned | 8     | I1 * I2 (pe.v:20)                        |
| O1    | PO   | Unsigned | 8     | T75 + I3 (pe.v:20)                       |
==============================================================================

Datapath Report for DP_OP_203J1_129_2998
==============================================================================
| Cell                 | Contained Operations                                |
==============================================================================
| DP_OP_203J1_129_2998 | SA/core/pe_2_1/mult_20 (pe.v:20)                    |
|                      | SA/core/pe_2_1/add_20 (pe.v:20)                     |
==============================================================================

==============================================================================
|       |      | Data     |       |                                          |
| Var   | Type | Class    | Width | Expression                               |
==============================================================================
| I1    | PI   | Unsigned | 8     |                                          |
| I2    | PI   | Unsigned | 8     |                                          |
| I3    | PI   | Unsigned | 8     |                                          |
| T80   | IFO  | Unsigned | 8     | I1 * I2 (pe.v:20)                        |
| O1    | PO   | Unsigned | 8     | T80 + I3 (pe.v:20)                       |
==============================================================================

Datapath Report for DP_OP_204J1_130_2998
==============================================================================
| Cell                 | Contained Operations                                |
==============================================================================
| DP_OP_204J1_130_2998 | SA/core/pe_2_0/mult_20 (pe.v:20)                    |
|                      | SA/core/pe_2_0/add_20 (pe.v:20)                     |
==============================================================================

==============================================================================
|       |      | Data     |       |                                          |
| Var   | Type | Class    | Width | Expression                               |
==============================================================================
| I1    | PI   | Unsigned | 8     |                                          |
| I2    | PI   | Unsigned | 8     |                                          |
| I3    | PI   | Unsigned | 8     |                                          |
| T85   | IFO  | Unsigned | 8     | I1 * I2 (pe.v:20)                        |
| O1    | PO   | Unsigned | 8     | T85 + I3 (pe.v:20)                       |
==============================================================================

Datapath Report for DP_OP_205J1_131_2998
==============================================================================
| Cell                 | Contained Operations                                |
==============================================================================
| DP_OP_205J1_131_2998 | SA/core/pe_1_3/mult_20 (pe.v:20)                    |
|                      | SA/core/pe_1_3/add_20 (pe.v:20)                     |
==============================================================================

==============================================================================
|       |      | Data     |       |                                          |
| Var   | Type | Class    | Width | Expression                               |
==============================================================================
| I1    | PI   | Unsigned | 8     |                                          |
| I2    | PI   | Unsigned | 8     |                                          |
| I3    | PI   | Unsigned | 8     |                                          |
| T90   | IFO  | Unsigned | 8     | I1 * I2 (pe.v:20)                        |
| O1    | PO   | Unsigned | 8     | T90 + I3 (pe.v:20)                       |
==============================================================================

Datapath Report for DP_OP_206J1_132_2998
==============================================================================
| Cell                 | Contained Operations                                |
==============================================================================
| DP_OP_206J1_132_2998 | SA/core/pe_1_2/mult_20 (pe.v:20)                    |
|                      | SA/core/pe_1_2/add_20 (pe.v:20)                     |
==============================================================================

==============================================================================
|       |      | Data     |       |                                          |
| Var   | Type | Class    | Width | Expression                               |
==============================================================================
| I1    | PI   | Unsigned | 8     |                                          |
| I2    | PI   | Unsigned | 8     |                                          |
| I3    | PI   | Unsigned | 8     |                                          |
| T94   | IFO  | Unsigned | 8     | I1 * I2 (pe.v:20)                        |
| O1    | PO   | Unsigned | 8     | T94 + I3 (pe.v:20)                       |
==============================================================================

Datapath Report for DP_OP_207J1_133_2998
==============================================================================
| Cell                 | Contained Operations                                |
==============================================================================
| DP_OP_207J1_133_2998 | SA/core/pe_1_1/mult_20 (pe.v:20)                    |
|                      | SA/core/pe_1_1/add_20 (pe.v:20)                     |
==============================================================================

==============================================================================
|       |      | Data     |       |                                          |
| Var   | Type | Class    | Width | Expression                               |
==============================================================================
| I1    | PI   | Unsigned | 8     |                                          |
| I2    | PI   | Unsigned | 8     |                                          |
| I3    | PI   | Unsigned | 8     |                                          |
| T99   | IFO  | Unsigned | 8     | I1 * I2 (pe.v:20)                        |
| O1    | PO   | Unsigned | 8     | T99 + I3 (pe.v:20)                       |
==============================================================================

Datapath Report for DP_OP_208J1_134_2998
==============================================================================
| Cell                 | Contained Operations                                |
==============================================================================
| DP_OP_208J1_134_2998 | SA/core/pe_1_0/mult_20 (pe.v:20)                    |
|                      | SA/core/pe_1_0/add_20 (pe.v:20)                     |
==============================================================================

==============================================================================
|       |      | Data     |       |                                          |
| Var   | Type | Class    | Width | Expression                               |
==============================================================================
| I1    | PI   | Unsigned | 8     |                                          |
| I2    | PI   | Unsigned | 8     |                                          |
| I3    | PI   | Unsigned | 8     |                                          |
| T104  | IFO  | Unsigned | 8     | I1 * I2 (pe.v:20)                        |
| O1    | PO   | Unsigned | 8     | T104 + I3 (pe.v:20)                      |
==============================================================================

Datapath Report for DP_OP_209J1_135_2998
==============================================================================
| Cell                 | Contained Operations                                |
==============================================================================
| DP_OP_209J1_135_2998 | SA/core/pe_0_3/mult_20 (pe.v:20)                    |
|                      | SA/core/pe_0_3/add_20 (pe.v:20)                     |
==============================================================================

==============================================================================
|       |      | Data     |       |                                          |
| Var   | Type | Class    | Width | Expression                               |
==============================================================================
| I1    | PI   | Unsigned | 8     |                                          |
| I2    | PI   | Unsigned | 8     |                                          |
| I3    | PI   | Unsigned | 8     |                                          |
| T109  | IFO  | Unsigned | 8     | I1 * I2 (pe.v:20)                        |
| O1    | PO   | Unsigned | 8     | T109 + I3 (pe.v:20)                      |
==============================================================================

Datapath Report for DP_OP_210J1_136_2998
==============================================================================
| Cell                 | Contained Operations                                |
==============================================================================
| DP_OP_210J1_136_2998 | SA/core/pe_0_2/mult_20 (pe.v:20)                    |
|                      | SA/core/pe_0_2/add_20 (pe.v:20)                     |
==============================================================================

==============================================================================
|       |      | Data     |       |                                          |
| Var   | Type | Class    | Width | Expression                               |
==============================================================================
| I1    | PI   | Unsigned | 8     |                                          |
| I2    | PI   | Unsigned | 8     |                                          |
| I3    | PI   | Unsigned | 8     |                                          |
| T113  | IFO  | Unsigned | 8     | I1 * I2 (pe.v:20)                        |
| O1    | PO   | Unsigned | 8     | T113 + I3 (pe.v:20)                      |
==============================================================================

Datapath Report for DP_OP_211J1_137_2998
==============================================================================
| Cell                 | Contained Operations                                |
==============================================================================
| DP_OP_211J1_137_2998 | SA/core/pe_0_1/mult_20 (pe.v:20)                    |
|                      | SA/core/pe_0_1/add_20 (pe.v:20)                     |
==============================================================================

==============================================================================
|       |      | Data     |       |                                          |
| Var   | Type | Class    | Width | Expression                               |
==============================================================================
| I1    | PI   | Unsigned | 8     |                                          |
| I2    | PI   | Unsigned | 8     |                                          |
| I3    | PI   | Unsigned | 8     |                                          |
| T118  | IFO  | Unsigned | 8     | I1 * I2 (pe.v:20)                        |
| O1    | PO   | Unsigned | 8     | T118 + I3 (pe.v:20)                      |
==============================================================================


Implementation Report
===============================================================================
|                    |                  | Current            | Set            |
| Cell               | Module           | Implementation     | Implementation |
===============================================================================
| add_x_25           | DW01_add         | apparch (area)     |                |
| eq_x_26            | DW_cmp           | apparch (area)     |                |
| add_x_27           | DW01_inc         | apparch (area)     |                |
| sub_x_28           | DW01_sub         | apparch (area)     |                |
| add_x_29           | DW01_inc         | apparch (area)     |                |
| add_x_30           | DW01_inc         | apparch (area)     |                |
| add_x_31           | DW01_inc         | apparch (area)     |                |
| add_x_32           | DW01_inc         | apparch (area)     |                |
| DP_OP_196J1_122_2998                  |                    |                |
|                    | DP_OP_196J1_122_2998 | str (area)     |                |
|                    |                  | mult_arch: and     |                |
| DP_OP_197J1_123_2998                  |                    |                |
|                    | DP_OP_197J1_123_2998 | str (area)     |                |
|                    |                  | mult_arch: and     |                |
| DP_OP_198J1_124_2998                  |                    |                |
|                    | DP_OP_198J1_124_2998 | str (area)     |                |
|                    |                  | mult_arch: and     |                |
| DP_OP_199J1_125_2998                  |                    |                |
|                    | DP_OP_199J1_125_2998 | str (area)     |                |
|                    |                  | mult_arch: and     |                |
| DP_OP_200J1_126_2998                  |                    |                |
|                    | DP_OP_200J1_126_2998 | str (area)     |                |
|                    |                  | mult_arch: and     |                |
| DP_OP_201J1_127_2998                  |                    |                |
|                    | DP_OP_201J1_127_2998 | str (area)     |                |
|                    |                  | mult_arch: and     |                |
| DP_OP_202J1_128_2998                  |                    |                |
|                    | DP_OP_202J1_128_2998 | str (area)     |                |
|                    |                  | mult_arch: and     |                |
| DP_OP_203J1_129_2998                  |                    |                |
|                    | DP_OP_203J1_129_2998 | str (area)     |                |
|                    |                  | mult_arch: and     |                |
| DP_OP_204J1_130_2998                  |                    |                |
|                    | DP_OP_204J1_130_2998 | str (area)     |                |
|                    |                  | mult_arch: and     |                |
| DP_OP_205J1_131_2998                  |                    |                |
|                    | DP_OP_205J1_131_2998 | str (area)     |                |
|                    |                  | mult_arch: and     |                |
| DP_OP_206J1_132_2998                  |                    |                |
|                    | DP_OP_206J1_132_2998 | str (area)     |                |
|                    |                  | mult_arch: and     |                |
| DP_OP_207J1_133_2998                  |                    |                |
|                    | DP_OP_207J1_133_2998 | str (area)     |                |
|                    |                  | mult_arch: and     |                |
| DP_OP_208J1_134_2998                  |                    |                |
|                    | DP_OP_208J1_134_2998 | str (area)     |                |
|                    |                  | mult_arch: and     |                |
| DP_OP_209J1_135_2998                  |                    |                |
|                    | DP_OP_209J1_135_2998 | str (area)     |                |
|                    |                  | mult_arch: and     |                |
| DP_OP_210J1_136_2998                  |                    |                |
|                    | DP_OP_210J1_136_2998 | str (area)     |                |
|                    |                  | mult_arch: and     |                |
| DP_OP_211J1_137_2998                  |                    |                |
|                    | DP_OP_211J1_137_2998 | str (area)     |                |
|                    |                  | mult_arch: and     |                |
===============================================================================

1
