

==================================================================================
=== CALIBRE::DRC-H SUMMARY REPORT
===
Execution Date/Time:       Thu Feb  9 23:11:23 2023
Calibre Version:           v2013.2_18.13    Thu May 16 13:39:43 PDT 2013
Rule File Pathname:        /bks2/PB20000328/ic_design/check/ant/run/_CHV18S_AL_5V_6V_9V_12V_16V_20V_24V_29V_45V_5M.ANT.v13_4a_
Rule File Title:           
Layout System:             GDS
Layout Path(s):            systolic_array.calibre.db
Layout Primary Cell:       systolic_array
Current Directory:         /bks2/PB20000328/ic_design/check/ant/run
User Name:                 PB20000328
Maximum Results/RuleCheck: 1000
Maximum Result Vertices:   4096
DRC Results Database:      systolic_array.drc.results (ASCII)
Layout Depth:              ALL
Text Depth:                PRIMARY
Summary Report File:       systolic_array.drc.summary (REPLACE)
Geometry Flagging:         ACUTE = YES  SKEW = YES  ANGLED = NO  OFFGRID = YES
                           NONSIMPLE POLYGON = YES  NONSIMPLE PATH = YES
Excluded Cells:           
CheckText Mapping:         ALL TEXT
Layers:                    MEMORY-BASED
Keep Empty Checks:         YES
----------------------------------------------------------------------------------
--- RUNTIME WARNINGS
---
Layer 15 contains unmapped objects and is the source layer of LAYER MAP == 15 DATATYPE == 2.
Layer 16 contains unmapped objects and is the source layer of LAYER MAP == 16 DATATYPE == 2.
Layer 16 contains unmapped objects and is the source layer of LAYER MAP == 16 DATATYPE == 1.
Layer 18 contains unmapped objects and is the source layer of LAYER MAP == 18 DATATYPE == 2.
Layer 18 contains unmapped objects and is the source layer of LAYER MAP == 18 DATATYPE == 1.
Layer 28 contains unmapped objects and is the source layer of LAYER MAP == 28 DATATYPE == 2.
Layer 28 contains unmapped objects and is the source layer of LAYER MAP == 28 DATATYPE == 1.
Layer 31 contains unmapped objects and is the source layer of LAYER MAP == 31 DATATYPE == 2.
Layer 31 contains unmapped objects and is the source layer of LAYER MAP == 31 DATATYPE == 1.
Layer 33 contains unmapped objects and is the source layer of LAYER MAP == 33 DATATYPE == 2.
Layer 33 contains unmapped objects and is the source layer of LAYER MAP == 33 DATATYPE == 1.
----------------------------------------------------------------------------------
--- ORIGINAL LAYER STATISTICS
---
LAYER M1DMY ...... TOTAL Original Geometry Count = 0     (0)
LAYER M1SLOTi .... TOTAL Original Geometry Count = 0     (0)
LAYER M1i ........ TOTAL Original Geometry Count = 5005  (730371)
LAYER M2DMY ...... TOTAL Original Geometry Count = 0     (0)
LAYER M2SLOTi .... TOTAL Original Geometry Count = 0     (0)
LAYER M2i ........ TOTAL Original Geometry Count = 30347 (583081)
LAYER M3DMY ...... TOTAL Original Geometry Count = 0     (0)
LAYER M3SLOTi .... TOTAL Original Geometry Count = 0     (0)
LAYER M3i ........ TOTAL Original Geometry Count = 21579 (500894)
LAYER M4DMY ...... TOTAL Original Geometry Count = 0     (0)
LAYER M4SLOTi .... TOTAL Original Geometry Count = 0     (0)
LAYER M4i ........ TOTAL Original Geometry Count = 1836  (21656)
LAYER M5DMY ...... TOTAL Original Geometry Count = 0     (0)
LAYER M5SLOTi .... TOTAL Original Geometry Count = 0     (0)
LAYER M5i ........ TOTAL Original Geometry Count = 15    (12540)
LAYER MDDMY ...... TOTAL Original Geometry Count = 0     (0)
LAYER MDSLOTi .... TOTAL Original Geometry Count = 0     (0)
LAYER MDi ........ TOTAL Original Geometry Count = 0     (0)
LAYER POLYi ...... TOTAL Original Geometry Count = 573   (53762)
LAYER ODi ........ TOTAL Original Geometry Count = 551   (68749)
LAYER CTM3i ...... TOTAL Original Geometry Count = 0     (0)
LAYER VIA3i ...... TOTAL Original Geometry Count = 4962  (60670)
LAYER CTM4i ...... TOTAL Original Geometry Count = 0     (0)
LAYER VIA4i ...... TOTAL Original Geometry Count = 696   (34180)
LAYER VIA1i ...... TOTAL Original Geometry Count = 158   (360413)
LAYER VIA2i ...... TOTAL Original Geometry Count = 273   (258784)
LAYER HVNWi ...... TOTAL Original Geometry Count = 0     (0)
LAYER HVDMYi ..... TOTAL Original Geometry Count = 0     (0)
LAYER NWi ........ TOTAL Original Geometry Count = 161   (18958)
LAYER NPi ........ TOTAL Original Geometry Count = 206   (24039)
LAYER PPi ........ TOTAL Original Geometry Count = 205   (26325)
LAYER NBLi ....... TOTAL Original Geometry Count = 0     (0)
LAYER OD2i ....... TOTAL Original Geometry Count = 41    (5572)
LAYER MSIi ....... TOTAL Original Geometry Count = 0     (0)
LAYER M0i ........ TOTAL Original Geometry Count = 0     (0)
LAYER SICR_V1i ... TOTAL Original Geometry Count = 0     (0)
LAYER COi ........ TOTAL Original Geometry Count = 3114  (563415)
LAYER VIADi ...... TOTAL Original Geometry Count = 0     (0)
LAYER CTM2i ...... TOTAL Original Geometry Count = 0     (0)
----------------------------------------------------------------------------------
--- RULECHECK RESULTS STATISTICS
---
RULECHECK A.R.1.POLY ................ TOTAL Result Count = 0 (0)
RULECHECK A.R.4.CO .................. TOTAL Result Count = 0 (0)
RULECHECK A.R.2_A.R.3.M1 ............ TOTAL Result Count = 0 (0)
RULECHECK A.R.5_A.R.6.VIA1i ......... TOTAL Result Count = 0 (0)
RULECHECK A.R.2_A.R.3.M2 ............ TOTAL Result Count = 0 (0)
RULECHECK A.R.5_A.R.6.VIA2i ......... TOTAL Result Count = 0 (0)
RULECHECK A.R.2_A.R.3.M3 ............ TOTAL Result Count = 0 (0)
RULECHECK A.R.MIM.5.M3_CBM_B ........ TOTAL Result Count = 0 (0)
RULECHECK A.R.5_A.R.6.VIA3t ......... TOTAL Result Count = 0 (0)
RULECHECK A.R.2_A.R.3.M4 ............ TOTAL Result Count = 0 (0)
RULECHECK A.R.MIM.1.CTM3_M4.CBM ..... TOTAL Result Count = 0 (0)
RULECHECK A.R.MIM.1.CTM3_M4.CTM ..... TOTAL Result Count = 0 (0)
RULECHECK A.R.MIM.2.CTM3_M4.CTM.A ... TOTAL Result Count = 0 (0)
RULECHECK A.R.MIM.2.CTM3_M4.CTM.B ... TOTAL Result Count = 0 (0)
RULECHECK A.R.MIM.2.CTM3_M4.CBM ..... TOTAL Result Count = 0 (0)
RULECHECK A.R.MIM.3.CTM3_M4.CTM ..... TOTAL Result Count = 0 (0)
RULECHECK A.R.MIM.3.CTM3_M4.CBM.A ... TOTAL Result Count = 0 (0)
RULECHECK A.R.MIM.3.CTM3_M4.CBM.B ... TOTAL Result Count = 0 (0)
RULECHECK A.R.MIM.4.CTM3_M4.CTM.A ... TOTAL Result Count = 0 (0)
RULECHECK A.R.MIM.4.CTM3_M4.CTM.B ... TOTAL Result Count = 0 (0)
RULECHECK A.R.MIM.4.CTM3_M4.CBM.A ... TOTAL Result Count = 0 (0)
RULECHECK A.R.MIM.4.CTM3_M4.CBM.B ... TOTAL Result Count = 0 (0)
RULECHECK A.R.MIM.5.CTM3_M4_CTM ..... TOTAL Result Count = 0 (0)
RULECHECK A.R.MIM.5.CTM3_M4_CBM ..... TOTAL Result Count = 0 (0)
RULECHECK A.R.MIM.5.M4_CBM_B ........ TOTAL Result Count = 0 (0)
RULECHECK A.R.5_A.R.6.VIA4t ......... TOTAL Result Count = 0 (0)
RULECHECK A.R.2_A.R.3.M5 ............ TOTAL Result Count = 0 (0)
RULECHECK A.R.MIM.1.CTM3_M5.CBM ..... TOTAL Result Count = 0 (0)
RULECHECK A.R.MIM.1.CTM3_M5.CTM ..... TOTAL Result Count = 0 (0)
RULECHECK A.R.MIM.2.CTM3_M5.CTM.A ... TOTAL Result Count = 0 (0)
RULECHECK A.R.MIM.2.CTM3_M5.CTM.B ... TOTAL Result Count = 0 (0)
RULECHECK A.R.MIM.2.CTM3_M5.CBM ..... TOTAL Result Count = 0 (0)
RULECHECK A.R.MIM.3.CTM3_M5.CTM ..... TOTAL Result Count = 0 (0)
RULECHECK A.R.MIM.3.CTM3_M5.CBM.A ... TOTAL Result Count = 0 (0)
RULECHECK A.R.MIM.3.CTM3_M5.CBM.B ... TOTAL Result Count = 0 (0)
RULECHECK A.R.MIM.4.CTM3_M5.CTM.A ... TOTAL Result Count = 0 (0)
RULECHECK A.R.MIM.4.CTM3_M5.CTM.B ... TOTAL Result Count = 0 (0)
RULECHECK A.R.MIM.4.CTM3_M5.CBM.A ... TOTAL Result Count = 0 (0)
RULECHECK A.R.MIM.4.CTM3_M5.CBM.B ... TOTAL Result Count = 0 (0)
RULECHECK A.R.MIM.5.CTM3_M5_CTM ..... TOTAL Result Count = 0 (0)
RULECHECK A.R.MIM.5.CTM3_M5_CBM ..... TOTAL Result Count = 0 (0)
RULECHECK A.R.MIM.1.CTM4_M5.CBM ..... TOTAL Result Count = 0 (0)
RULECHECK A.R.MIM.1.CTM4_M5.CTM ..... TOTAL Result Count = 0 (0)
RULECHECK A.R.MIM.2.CTM4_M5.CTM.A ... TOTAL Result Count = 0 (0)
RULECHECK A.R.MIM.2.CTM4_M5.CTM.B ... TOTAL Result Count = 0 (0)
RULECHECK A.R.MIM.2.CTM4_M5.CBM ..... TOTAL Result Count = 0 (0)
RULECHECK A.R.MIM.3.CTM4_M5.CTM ..... TOTAL Result Count = 0 (0)
RULECHECK A.R.MIM.3.CTM4_M5.CBM.A ... TOTAL Result Count = 0 (0)
RULECHECK A.R.MIM.3.CTM4_M5.CBM.B ... TOTAL Result Count = 0 (0)
RULECHECK A.R.MIM.4.CTM4_M5.CTM.A ... TOTAL Result Count = 0 (0)
RULECHECK A.R.MIM.4.CTM4_M5.CTM.B ... TOTAL Result Count = 0 (0)
RULECHECK A.R.MIM.4.CTM4_M5.CBM.A ... TOTAL Result Count = 0 (0)
RULECHECK A.R.MIM.4.CTM4_M5.CBM.B ... TOTAL Result Count = 0 (0)
RULECHECK A.R.MIM.5.CTM4_M5_CTM ..... TOTAL Result Count = 0 (0)
RULECHECK A.R.MIM.5.CTM4_M5_CBM ..... TOTAL Result Count = 0 (0)
RULECHECK NBL.R.7 ................... TOTAL Result Count = 0 (0)
----------------------------------------------------------------------------------
--- RULECHECK RESULTS STATISTICS (BY CELL)
---
----------------------------------------------------------------------------------
--- SUMMARY
---
TOTAL CPU Time:                  13
TOTAL REAL Time:                 13
TOTAL Original Layer Geometries: 69722 (3323409)
TOTAL DRC RuleChecks Executed:   56
TOTAL DRC Results Generated:     0 (0)
