Information: Propagating switching activity (low effort zero delay simulation). (PWR-6)
Warning: Design has unannotated primary inputs. (PWR-414)
Warning: Design has unannotated sequential cell outputs. (PWR-415)
 
****************************************
Report : power
        -analysis_effort low
Design : systolic_array
Version: L-2016.03-SP5
Date   : Thu Feb  9 12:11:31 2023
****************************************


Library(s) Used:

    tcb018gbwp7twc_ccs (File: /bks2/PB20000328/ic_design/syn/tech/lib/tcb018gbwp7twc_ccs.db)
    tpd018bcdnv5wc (File: /bks2/PB20000328/ic_design/syn/tech/lib/tpd018bcdnv5wc.db)


Operating Conditions: WCCOM   Library: tcb018gbwp7twc_ccs
Wire Load Model Mode: Inactive.


Global Operating Voltage = 1.62 
Power-specific unit information :
    Voltage Units = 1V
    Capacitance Units = 1.000000pf
    Time Units = 1ns
    Dynamic Power Units = 1mW    (derived from V,C,T units)
    Leakage Power Units = 1nW

Warning: Cannot report correlated power unless power prediction mode is set. (PWR-727)
Power Breakdown
---------------

                             Cell        Driven Net  Tot Dynamic      Cell
                             Internal    Switching   Power (mW)       Leakage
Cell                         Power (mW)  Power (mW)  (% Cell/Tot)     Power (nW)
--------------------------------------------------------------------------------
Netlist Power                   1.9706      1.1785   3.149e+00 (63%)  2.007e+03
Estimated Clock Tree Power   N/A         N/A          (N/A)           N/A
--------------------------------------------------------------------------------

                 Internal         Switching           Leakage            Total
Power Group      Power            Power               Power              Power   (   %    )  Attrs
--------------------------------------------------------------------------------------------------
io_pad             0.2008            1.1317          242.9371            1.3328  (  42.30%)
memory             0.0000            0.0000            0.0000            0.0000  (   0.00%)
black_box          0.0000            0.0000            0.0000            0.0000  (   0.00%)
clock_network      0.0000            0.0000            0.0000            0.0000  (   0.00%)
register           1.7405        3.4811e-03          739.6843            1.7447  (  55.37%)
sequential         0.0000            0.0000            0.0000            0.0000  (   0.00%)
combinational  2.9245e-02        4.3272e-02        1.0247e+03        7.3542e-02  (   2.33%)
--------------------------------------------------------------------------------------------------
Total              1.9706 mW         1.1785 mW     2.0073e+03 nW         3.1511 mW
1
