 
****************************************
Report : resources
Design : systolic_array
Version: L-2016.03-SP5
Date   : Thu Feb  9 12:11:30 2023
****************************************


Resource Report for this hierarchy in file ../src/systolic_array/controller.v
=============================================================================
| Cell           | Module         | Parameters | Contained Operations       |
=============================================================================
| add_x_22       | DW01_inc       | width=4    | SA/ctrl/add_183 (controller.v:183) |
| add_x_23       | DW01_inc       | width=2    | SA/ctrl/add_191 (controller.v:191) |
| add_x_24       | DW01_inc       | width=2    | SA/ctrl/add_194 (controller.v:194) |
| add_x_18       | DW01_add       | width=3    | SA/ctrl/add_159 (controller.v:159) |
         |                |            | SA/ctrl/add_169 (controller.v:169) |
| sub_x_20       | DW01_sub       | width=3    | SA/ctrl/sub_162 (controller.v:162) |
         |                |            | SA/ctrl/sub_172 (controller.v:172) |
| add_x_21       | DW01_inc       | width=3    | SA/ctrl/add_164 (controller.v:164) |
         |                |            | SA/ctrl/add_174 (controller.v:174) |
| add_x_19       | DW01_inc       | width=2    | SA/ctrl/add_161 (controller.v:161) |
         |                |            | SA/ctrl/add_171 (controller.v:171) |
| eq_x_126       | DW_cmp         | width=3    | SA/ctrl/eq_159 (controller.v:159) |
          |                |            | SA/ctrl/eq_169 (controller.v:169) |
| DP_OP_217J1_122_2998            |            |                            |
|                | DP_OP_217J1_122_2998 |      |                            |
| DP_OP_218J1_123_2998            |            |                            |
|                | DP_OP_218J1_123_2998 |      |                            |
| DP_OP_219J1_124_2998            |            |                            |
|                | DP_OP_219J1_124_2998 |      |                            |
| DP_OP_220J1_125_2998            |            |                            |
|                | DP_OP_220J1_125_2998 |      |                            |
| DP_OP_221J1_126_2998            |            |                            |
|                | DP_OP_221J1_126_2998 |      |                            |
| DP_OP_222J1_127_2998            |            |                            |
|                | DP_OP_222J1_127_2998 |      |                            |
| DP_OP_223J1_128_2998            |            |                            |
|                | DP_OP_223J1_128_2998 |      |                            |
| DP_OP_224J1_129_2998            |            |                            |
|                | DP_OP_224J1_129_2998 |      |                            |
| DP_OP_225J1_130_2998            |            |                            |
|                | DP_OP_225J1_130_2998 |      |                            |
| DP_OP_226J1_131_2998            |            |                            |
|                | DP_OP_226J1_131_2998 |      |                            |
| DP_OP_227J1_132_2998            |            |                            |
|                | DP_OP_227J1_132_2998 |      |                            |
| DP_OP_228J1_133_2998            |            |                            |
|                | DP_OP_228J1_133_2998 |      |                            |
| DP_OP_229J1_134_2998            |            |                            |
|                | DP_OP_229J1_134_2998 |      |                            |
| DP_OP_230J1_135_2998            |            |                            |
|                | DP_OP_230J1_135_2998 |      |                            |
| DP_OP_231J1_136_2998            |            |                            |
|                | DP_OP_231J1_136_2998 |      |                            |
| DP_OP_232J1_137_2998            |            |                            |
|                | DP_OP_232J1_137_2998 |      |                            |
=============================================================================

Datapath Report for DP_OP_217J1_122_2998
==============================================================================
| Cell                 | Contained Operations                                |
==============================================================================
| DP_OP_217J1_122_2998 | SA/core/pe_0_0/mult_20 (pe.v:20)                    |
|                      | SA/core/pe_0_0/add_20 (pe.v:20)                     |
==============================================================================

==============================================================================
|       |      | Data     |       |                                          |
| Var   | Type | Class    | Width | Expression                               |
==============================================================================
| I1    | PI   | Unsigned | 8     |                                          |
| I2    | PI   | Unsigned | 8     |                                          |
| I3    | PI   | Unsigned | 8     |                                          |
| T65   | IFO  | Unsigned | 8     | I1 * I2 (pe.v:20)                        |
| O1    | PO   | Unsigned | 8     | T65 + I3 (pe.v:20)                       |
==============================================================================

Datapath Report for DP_OP_218J1_123_2998
==============================================================================
| Cell                 | Contained Operations                                |
==============================================================================
| DP_OP_218J1_123_2998 | SA/core/pe_3_3/mult_20 (pe.v:20)                    |
|                      | SA/core/pe_3_3/add_20 (pe.v:20)                     |
==============================================================================

==============================================================================
|       |      | Data     |       |                                          |
| Var   | Type | Class    | Width | Expression                               |
==============================================================================
| I1    | PI   | Unsigned | 8     |                                          |
| I2    | PI   | Unsigned | 8     |                                          |
| I3    | PI   | Unsigned | 8     |                                          |
| T70   | IFO  | Unsigned | 8     | I1 * I2 (pe.v:20)                        |
| O1    | PO   | Unsigned | 8     | T70 + I3 (pe.v:20)                       |
==============================================================================

Datapath Report for DP_OP_219J1_124_2998
==============================================================================
| Cell                 | Contained Operations                                |
==============================================================================
| DP_OP_219J1_124_2998 | SA/core/pe_3_2/mult_20 (pe.v:20)                    |
|                      | SA/core/pe_3_2/add_20 (pe.v:20)                     |
==============================================================================

==============================================================================
|       |      | Data     |       |                                          |
| Var   | Type | Class    | Width | Expression                               |
==============================================================================
| I1    | PI   | Unsigned | 8     |                                          |
| I2    | PI   | Unsigned | 8     |                                          |
| I3    | PI   | Unsigned | 8     |                                          |
| T73   | IFO  | Unsigned | 8     | I1 * I2 (pe.v:20)                        |
| O1    | PO   | Unsigned | 8     | T73 + I3 (pe.v:20)                       |
==============================================================================

Datapath Report for DP_OP_220J1_125_2998
==============================================================================
| Cell                 | Contained Operations                                |
==============================================================================
| DP_OP_220J1_125_2998 | SA/core/pe_3_1/mult_20 (pe.v:20)                    |
|                      | SA/core/pe_3_1/add_20 (pe.v:20)                     |
==============================================================================

==============================================================================
|       |      | Data     |       |                                          |
| Var   | Type | Class    | Width | Expression                               |
==============================================================================
| I1    | PI   | Unsigned | 8     |                                          |
| I2    | PI   | Unsigned | 8     |                                          |
| I3    | PI   | Unsigned | 8     |                                          |
| T77   | IFO  | Unsigned | 8     | I1 * I2 (pe.v:20)                        |
| O1    | PO   | Unsigned | 8     | T77 + I3 (pe.v:20)                       |
==============================================================================

Datapath Report for DP_OP_221J1_126_2998
==============================================================================
| Cell                 | Contained Operations                                |
==============================================================================
| DP_OP_221J1_126_2998 | SA/core/pe_3_0/mult_20 (pe.v:20)                    |
|                      | SA/core/pe_3_0/add_20 (pe.v:20)                     |
==============================================================================

==============================================================================
|       |      | Data     |       |                                          |
| Var   | Type | Class    | Width | Expression                               |
==============================================================================
| I1    | PI   | Unsigned | 8     |                                          |
| I2    | PI   | Unsigned | 8     |                                          |
| I3    | PI   | Unsigned | 8     |                                          |
| T81   | IFO  | Unsigned | 8     | I1 * I2 (pe.v:20)                        |
| O1    | PO   | Unsigned | 8     | T81 + I3 (pe.v:20)                       |
==============================================================================

Datapath Report for DP_OP_222J1_127_2998
==============================================================================
| Cell                 | Contained Operations                                |
==============================================================================
| DP_OP_222J1_127_2998 | SA/core/pe_2_3/mult_20 (pe.v:20)                    |
|                      | SA/core/pe_2_3/add_20 (pe.v:20)                     |
==============================================================================

==============================================================================
|       |      | Data     |       |                                          |
| Var   | Type | Class    | Width | Expression                               |
==============================================================================
| I1    | PI   | Unsigned | 8     |                                          |
| I2    | PI   | Unsigned | 8     |                                          |
| I3    | PI   | Unsigned | 8     |                                          |
| T85   | IFO  | Unsigned | 8     | I1 * I2 (pe.v:20)                        |
| O1    | PO   | Unsigned | 8     | T85 + I3 (pe.v:20)                       |
==============================================================================

Datapath Report for DP_OP_223J1_128_2998
==============================================================================
| Cell                 | Contained Operations                                |
==============================================================================
| DP_OP_223J1_128_2998 | SA/core/pe_2_2/mult_20 (pe.v:20)                    |
|                      | SA/core/pe_2_2/add_20 (pe.v:20)                     |
==============================================================================

==============================================================================
|       |      | Data     |       |                                          |
| Var   | Type | Class    | Width | Expression                               |
==============================================================================
| I1    | PI   | Unsigned | 8     |                                          |
| I2    | PI   | Unsigned | 8     |                                          |
| I3    | PI   | Unsigned | 8     |                                          |
| T89   | IFO  | Unsigned | 8     | I1 * I2 (pe.v:20)                        |
| O1    | PO   | Unsigned | 8     | T89 + I3 (pe.v:20)                       |
==============================================================================

Datapath Report for DP_OP_224J1_129_2998
==============================================================================
| Cell                 | Contained Operations                                |
==============================================================================
| DP_OP_224J1_129_2998 | SA/core/pe_2_1/mult_20 (pe.v:20)                    |
|                      | SA/core/pe_2_1/add_20 (pe.v:20)                     |
==============================================================================

==============================================================================
|       |      | Data     |       |                                          |
| Var   | Type | Class    | Width | Expression                               |
==============================================================================
| I1    | PI   | Unsigned | 8     |                                          |
| I2    | PI   | Unsigned | 8     |                                          |
| I3    | PI   | Unsigned | 8     |                                          |
| T94   | IFO  | Unsigned | 8     | I1 * I2 (pe.v:20)                        |
| O1    | PO   | Unsigned | 8     | T94 + I3 (pe.v:20)                       |
==============================================================================

Datapath Report for DP_OP_225J1_130_2998
==============================================================================
| Cell                 | Contained Operations                                |
==============================================================================
| DP_OP_225J1_130_2998 | SA/core/pe_2_0/mult_20 (pe.v:20)                    |
|                      | SA/core/pe_2_0/add_20 (pe.v:20)                     |
==============================================================================

==============================================================================
|       |      | Data     |       |                                          |
| Var   | Type | Class    | Width | Expression                               |
==============================================================================
| I1    | PI   | Unsigned | 8     |                                          |
| I2    | PI   | Unsigned | 8     |                                          |
| I3    | PI   | Unsigned | 8     |                                          |
| T99   | IFO  | Unsigned | 8     | I1 * I2 (pe.v:20)                        |
| O1    | PO   | Unsigned | 8     | T99 + I3 (pe.v:20)                       |
==============================================================================

Datapath Report for DP_OP_226J1_131_2998
==============================================================================
| Cell                 | Contained Operations                                |
==============================================================================
| DP_OP_226J1_131_2998 | SA/core/pe_1_3/mult_20 (pe.v:20)                    |
|                      | SA/core/pe_1_3/add_20 (pe.v:20)                     |
==============================================================================

==============================================================================
|       |      | Data     |       |                                          |
| Var   | Type | Class    | Width | Expression                               |
==============================================================================
| I1    | PI   | Unsigned | 8     |                                          |
| I2    | PI   | Unsigned | 8     |                                          |
| I3    | PI   | Unsigned | 8     |                                          |
| T104  | IFO  | Unsigned | 8     | I1 * I2 (pe.v:20)                        |
| O1    | PO   | Unsigned | 8     | T104 + I3 (pe.v:20)                      |
==============================================================================

Datapath Report for DP_OP_227J1_132_2998
==============================================================================
| Cell                 | Contained Operations                                |
==============================================================================
| DP_OP_227J1_132_2998 | SA/core/pe_1_2/mult_20 (pe.v:20)                    |
|                      | SA/core/pe_1_2/add_20 (pe.v:20)                     |
==============================================================================

==============================================================================
|       |      | Data     |       |                                          |
| Var   | Type | Class    | Width | Expression                               |
==============================================================================
| I1    | PI   | Unsigned | 8     |                                          |
| I2    | PI   | Unsigned | 8     |                                          |
| I3    | PI   | Unsigned | 8     |                                          |
| T108  | IFO  | Unsigned | 8     | I1 * I2 (pe.v:20)                        |
| O1    | PO   | Unsigned | 8     | T108 + I3 (pe.v:20)                      |
==============================================================================

Datapath Report for DP_OP_228J1_133_2998
==============================================================================
| Cell                 | Contained Operations                                |
==============================================================================
| DP_OP_228J1_133_2998 | SA/core/pe_1_1/mult_20 (pe.v:20)                    |
|                      | SA/core/pe_1_1/add_20 (pe.v:20)                     |
==============================================================================

==============================================================================
|       |      | Data     |       |                                          |
| Var   | Type | Class    | Width | Expression                               |
==============================================================================
| I1    | PI   | Unsigned | 8     |                                          |
| I2    | PI   | Unsigned | 8     |                                          |
| I3    | PI   | Unsigned | 8     |                                          |
| T113  | IFO  | Unsigned | 8     | I1 * I2 (pe.v:20)                        |
| O1    | PO   | Unsigned | 8     | T113 + I3 (pe.v:20)                      |
==============================================================================

Datapath Report for DP_OP_229J1_134_2998
==============================================================================
| Cell                 | Contained Operations                                |
==============================================================================
| DP_OP_229J1_134_2998 | SA/core/pe_1_0/mult_20 (pe.v:20)                    |
|                      | SA/core/pe_1_0/add_20 (pe.v:20)                     |
==============================================================================

==============================================================================
|       |      | Data     |       |                                          |
| Var   | Type | Class    | Width | Expression                               |
==============================================================================
| I1    | PI   | Unsigned | 8     |                                          |
| I2    | PI   | Unsigned | 8     |                                          |
| I3    | PI   | Unsigned | 8     |                                          |
| T118  | IFO  | Unsigned | 8     | I1 * I2 (pe.v:20)                        |
| O1    | PO   | Unsigned | 8     | T118 + I3 (pe.v:20)                      |
==============================================================================

Datapath Report for DP_OP_230J1_135_2998
==============================================================================
| Cell                 | Contained Operations                                |
==============================================================================
| DP_OP_230J1_135_2998 | SA/core/pe_0_3/mult_20 (pe.v:20)                    |
|                      | SA/core/pe_0_3/add_20 (pe.v:20)                     |
==============================================================================

==============================================================================
|       |      | Data     |       |                                          |
| Var   | Type | Class    | Width | Expression                               |
==============================================================================
| I1    | PI   | Unsigned | 8     |                                          |
| I2    | PI   | Unsigned | 8     |                                          |
| I3    | PI   | Unsigned | 8     |                                          |
| T123  | IFO  | Unsigned | 8     | I1 * I2 (pe.v:20)                        |
| O1    | PO   | Unsigned | 8     | T123 + I3 (pe.v:20)                      |
==============================================================================

Datapath Report for DP_OP_231J1_136_2998
==============================================================================
| Cell                 | Contained Operations                                |
==============================================================================
| DP_OP_231J1_136_2998 | SA/core/pe_0_2/mult_20 (pe.v:20)                    |
|                      | SA/core/pe_0_2/add_20 (pe.v:20)                     |
==============================================================================

==============================================================================
|       |      | Data     |       |                                          |
| Var   | Type | Class    | Width | Expression                               |
==============================================================================
| I1    | PI   | Unsigned | 8     |                                          |
| I2    | PI   | Unsigned | 8     |                                          |
| I3    | PI   | Unsigned | 8     |                                          |
| T127  | IFO  | Unsigned | 8     | I1 * I2 (pe.v:20)                        |
| O1    | PO   | Unsigned | 8     | T127 + I3 (pe.v:20)                      |
==============================================================================

Datapath Report for DP_OP_232J1_137_2998
==============================================================================
| Cell                 | Contained Operations                                |
==============================================================================
| DP_OP_232J1_137_2998 | SA/core/pe_0_1/mult_20 (pe.v:20)                    |
|                      | SA/core/pe_0_1/add_20 (pe.v:20)                     |
==============================================================================

==============================================================================
|       |      | Data     |       |                                          |
| Var   | Type | Class    | Width | Expression                               |
==============================================================================
| I1    | PI   | Unsigned | 8     |                                          |
| I2    | PI   | Unsigned | 8     |                                          |
| I3    | PI   | Unsigned | 8     |                                          |
| T132  | IFO  | Unsigned | 8     | I1 * I2 (pe.v:20)                        |
| O1    | PO   | Unsigned | 8     | T132 + I3 (pe.v:20)                      |
==============================================================================


Implementation Report
===============================================================================
|                    |                  | Current            | Set            |
| Cell               | Module           | Implementation     | Implementation |
===============================================================================
| add_x_22           | DW01_inc         | apparch (area)     |                |
| add_x_23           | DW01_inc         | apparch (area)     |                |
| add_x_24           | DW01_inc         | apparch (area)     |                |
| add_x_18           | DW01_add         | apparch (area)     |                |
| sub_x_20           | DW01_sub         | apparch (area)     |                |
| add_x_21           | DW01_inc         | apparch (area)     |                |
| add_x_19           | DW01_inc         | apparch (area)     |                |
| eq_x_126           | DW_cmp           | apparch (area)     |                |
| DP_OP_217J1_122_2998                  |                    |                |
|                    | DP_OP_217J1_122_2998 | str (area)     |                |
|                    |                  | mult_arch: and     |                |
| DP_OP_218J1_123_2998                  |                    |                |
|                    | DP_OP_218J1_123_2998 | str (area)     |                |
|                    |                  | mult_arch: and     |                |
| DP_OP_219J1_124_2998                  |                    |                |
|                    | DP_OP_219J1_124_2998 | str (area)     |                |
|                    |                  | mult_arch: and     |                |
| DP_OP_220J1_125_2998                  |                    |                |
|                    | DP_OP_220J1_125_2998 | str (area)     |                |
|                    |                  | mult_arch: and     |                |
| DP_OP_221J1_126_2998                  |                    |                |
|                    | DP_OP_221J1_126_2998 | str (area)     |                |
|                    |                  | mult_arch: and     |                |
| DP_OP_222J1_127_2998                  |                    |                |
|                    | DP_OP_222J1_127_2998 | str (area)     |                |
|                    |                  | mult_arch: and     |                |
| DP_OP_223J1_128_2998                  |                    |                |
|                    | DP_OP_223J1_128_2998 | str (area)     |                |
|                    |                  | mult_arch: and     |                |
| DP_OP_224J1_129_2998                  |                    |                |
|                    | DP_OP_224J1_129_2998 | str (area)     |                |
|                    |                  | mult_arch: and     |                |
| DP_OP_225J1_130_2998                  |                    |                |
|                    | DP_OP_225J1_130_2998 | str (area)     |                |
|                    |                  | mult_arch: and     |                |
| DP_OP_226J1_131_2998                  |                    |                |
|                    | DP_OP_226J1_131_2998 | str (area)     |                |
|                    |                  | mult_arch: and     |                |
| DP_OP_227J1_132_2998                  |                    |                |
|                    | DP_OP_227J1_132_2998 | str (area)     |                |
|                    |                  | mult_arch: and     |                |
| DP_OP_228J1_133_2998                  |                    |                |
|                    | DP_OP_228J1_133_2998 | str (area)     |                |
|                    |                  | mult_arch: and     |                |
| DP_OP_229J1_134_2998                  |                    |                |
|                    | DP_OP_229J1_134_2998 | str (area)     |                |
|                    |                  | mult_arch: and     |                |
| DP_OP_230J1_135_2998                  |                    |                |
|                    | DP_OP_230J1_135_2998 | str (area)     |                |
|                    |                  | mult_arch: and     |                |
| DP_OP_231J1_136_2998                  |                    |                |
|                    | DP_OP_231J1_136_2998 | str (area)     |                |
|                    |                  | mult_arch: and     |                |
| DP_OP_232J1_137_2998                  |                    |                |
|                    | DP_OP_232J1_137_2998 | str (area)     |                |
|                    |                  | mult_arch: and     |                |
===============================================================================

1
