Information: Base Cell (com): cell CKXOR2D1BWP7T, w=5040, h=3920 (npin=3)
Information: Base Cell (seq): cell DFKSND2BWP7T, w=15120, h=3920 (npin=4)
Information: Layer METAL5 is ignored for resistance and capacitance computation. (RCEX-019)
****************************************************************
Information: TLUPlus based RC computation is enabled. (RCEX-141)
****************************************************************
Information: The distance unit in Capacitance and Resistance is 1 micron. (RCEX-007)
Information: The RC model used is TLU+. (RCEX-015)
Information: Library Derived Cap for layer METAL1 : 0.00021 0.00021 (RCEX-011)
Information: Library Derived Res for layer METAL1 : 0.00045 0.00031 (RCEX-011)
Information: Library Derived Cap for layer METAL2 : 0.00024 0.00024 (RCEX-011)
Information: Library Derived Res for layer METAL2 : 0.00037 0.00025 (RCEX-011)
Information: Library Derived Cap for layer METAL3 : 0.00024 0.00024 (RCEX-011)
Information: Library Derived Res for layer METAL3 : 0.00037 0.00025 (RCEX-011)
Information: Library Derived Cap for layer METAL4 : 0.00024 0.00024 (RCEX-011)
Information: Library Derived Res for layer METAL4 : 0.00037 0.00025 (RCEX-011)
Information: Library Derived Cap for layer METAL5 : 0.00029 0.00029 (RCEX-011)
Information: Library Derived Res for layer METAL5 : 0.00011 7.4e-05 (RCEX-011)
Information: Library Derived Horizontal Cap : 0.00022 0.00022 (RCEX-011)
Information: Library Derived Horizontal Res : 0.00041 0.00028 (RCEX-011)
Information: Library Derived Vertical Cap : 0.00024 0.00024 (RCEX-011)
Information: Library Derived Vertical Res : 0.00037 0.00025 (RCEX-011)
Information: Using derived R and C coefficients. (RCEX-008)
Information: Using region-based R and C coefficients. (RCEX-013)
Information: Library Derived Via Res : 0.007 0.0062 (RCEX-011)

Generating congestion map using Zroute global route ...
Start Global Route ... 
[Init] Elapsed real time: 0:00:00 
[Init] Elapsed cpu  time: sys=0:00:00 usr=0:00:00 total=0:00:00
[Init] Stage (MB): Used    0  Alloctr    0  Proc    0 
[Init] Total (MB): Used    6  Alloctr    6  Proc 2141 
Printing options for 'set_route_zrt_common_options'

Printing options for 'set_route_zrt_global_options'

Begin global routing.
Turn off antenna since no rule is specified
Cell Min-Routing-Layer = METAL1
Cell Max-Routing-Layer = METAL4
Information: Multiple default contact VIA12H found for layer VIA12. (ZRT-021)
Information: Multiple default contact VIA12V found for layer VIA12. (ZRT-021)
Warning: Pin systolic_array/clk_p of net clk_p has no valid shapes to connect. (ZRT-100)
Warning: Pin systolic_array/rstn_p of net rstn_p has no valid shapes to connect. (ZRT-100)
Warning: Pin systolic_array/en_p of net en_p has no valid shapes to connect. (ZRT-100)
Warning: Pin systolic_array/p_shift_in[7] of net p_shift_in[7] has no valid shapes to connect. (ZRT-100)
Warning: Pin systolic_array/p_shift_in[6] of net p_shift_in[6] has no valid shapes to connect. (ZRT-100)
Warning: Pin systolic_array/p_shift_in[5] of net p_shift_in[5] has no valid shapes to connect. (ZRT-100)
Warning: Pin systolic_array/p_shift_in[4] of net p_shift_in[4] has no valid shapes to connect. (ZRT-100)
Warning: Pin systolic_array/p_shift_in[3] of net p_shift_in[3] has no valid shapes to connect. (ZRT-100)
Warning: Pin systolic_array/p_shift_in[2] of net p_shift_in[2] has no valid shapes to connect. (ZRT-100)
Warning: Pin systolic_array/p_shift_in[1] of net p_shift_in[1] has no valid shapes to connect. (ZRT-100)
Warning: Pin systolic_array/p_shift_in[0] of net p_shift_in[0] has no valid shapes to connect. (ZRT-100)
Warning: Pin systolic_array/p_shift_out[7] of net p_shift_out[7] has no valid shapes to connect. (ZRT-100)
Warning: Pin systolic_array/p_shift_out[6] of net p_shift_out[6] has no valid shapes to connect. (ZRT-100)
Warning: Pin systolic_array/p_shift_out[5] of net p_shift_out[5] has no valid shapes to connect. (ZRT-100)
Warning: Pin systolic_array/p_shift_out[4] of net p_shift_out[4] has no valid shapes to connect. (ZRT-100)
Warning: Pin systolic_array/p_shift_out[3] of net p_shift_out[3] has no valid shapes to connect. (ZRT-100)
Warning: Pin systolic_array/p_shift_out[2] of net p_shift_out[2] has no valid shapes to connect. (ZRT-100)
Warning: Pin systolic_array/p_shift_out[1] of net p_shift_out[1] has no valid shapes to connect. (ZRT-100)
Warning: Pin systolic_array/p_shift_out[0] of net p_shift_out[0] has no valid shapes to connect. (ZRT-100)
Warning: Pin systolic_array/ack_p of net ack_p has no valid shapes to connect. (ZRT-100)
Warning: Pin u_pad_clk/PAD of net clk_p has no valid shapes to connect. (ZRT-100)
Warning: Pin u_pad_rst_n/PAD of net rstn_p has no valid shapes to connect. (ZRT-100)
Warning: Pin u_pad_data_in_0/PAD of net p_shift_in[0] has no valid shapes to connect. (ZRT-100)
Warning: Pin u_pad_data_in_1/PAD of net p_shift_in[1] has no valid shapes to connect. (ZRT-100)
Warning: Pin u_pad_data_in_2/PAD of net p_shift_in[2] has no valid shapes to connect. (ZRT-100)
Warning: Pin u_pad_data_in_3/PAD of net p_shift_in[3] has no valid shapes to connect. (ZRT-100)
Warning: Pin u_pad_data_in_4/PAD of net p_shift_in[4] has no valid shapes to connect. (ZRT-100)
Warning: Pin u_pad_data_in_5/PAD of net p_shift_in[5] has no valid shapes to connect. (ZRT-100)
Warning: Pin u_pad_data_in_6/PAD of net p_shift_in[6] has no valid shapes to connect. (ZRT-100)
Warning: Pin u_pad_data_in_7/PAD of net p_shift_in[7] has no valid shapes to connect. (ZRT-100)
Warning: Pin u_pad_data_in_8/PAD of net en_p has no valid shapes to connect. (ZRT-100)
Warning: Pin u_pad_data_out_0/PAD of net p_shift_out[0] has no valid shapes to connect. (ZRT-100)
Warning: Pin u_pad_data_out_1/PAD of net p_shift_out[1] has no valid shapes to connect. (ZRT-100)
Warning: Pin u_pad_data_out_2/PAD of net p_shift_out[2] has no valid shapes to connect. (ZRT-100)
Warning: Pin u_pad_data_out_3/PAD of net p_shift_out[3] has no valid shapes to connect. (ZRT-100)
Warning: Pin u_pad_data_out_4/PAD of net p_shift_out[4] has no valid shapes to connect. (ZRT-100)
Warning: Pin u_pad_data_out_5/PAD of net p_shift_out[5] has no valid shapes to connect. (ZRT-100)
Warning: Pin u_pad_data_out_6/PAD of net p_shift_out[6] has no valid shapes to connect. (ZRT-100)
Warning: Pin u_pad_data_out_7/PAD of net p_shift_out[7] has no valid shapes to connect. (ZRT-100)
Warning: Pin u_pad_data_out_8/PAD of net ack_p has no valid shapes to connect. (ZRT-100)
Via on layer (VIA45) needs more than one tracks
Warning: Layer METAL4 pitch 0.560 may be too small: wire/via-down 0.560, wire/via-up 0.610. (ZRT-026)
Via on layer (VIA45) needs more than one tracks
Warning: Layer METAL5 pitch 0.900 may be too small: wire/via-down 0.950, wire/via-up 0.900. (ZRT-026)
Current Stage stats:
[End of Read DB] Elapsed real time: 0:00:00 
[End of Read DB] Elapsed cpu  time: sys=0:00:00 usr=0:00:00 total=0:00:00
[End of Read DB] Stage (MB): Used   13  Alloctr   13  Proc    0 
[End of Read DB] Total (MB): Used   19  Alloctr   20  Proc 2141 
Constructing data structure ...
Design statistics:
Design Bounding Box (0.00,0.00,371.28,372.40)
Number of routing layers = 5
layer METAL1, dir Hor, min width = 0.23, min space = 0.23 pitch = 0.56
layer METAL2, dir Ver, min width = 0.28, min space = 0.28 pitch = 0.56
layer METAL3, dir Hor, min width = 0.28, min space = 0.28 pitch = 0.56
layer METAL4, dir Ver, min width = 0.28, min space = 0.28 pitch = 0.56
layer METAL5, dir Hor, min width = 0.44, min space = 0.46 pitch = 0.90
Current Stage stats:
[End of Build Tech Data] Elapsed real time: 0:00:00 
[End of Build Tech Data] Elapsed cpu  time: sys=0:00:00 usr=0:00:00 total=0:00:00
[End of Build Tech Data] Stage (MB): Used    0  Alloctr    0  Proc    0 
[End of Build Tech Data] Total (MB): Used   20  Alloctr   21  Proc 2141 
Net statistics:
Total number of nets     = 4176
Number of nets to route  = 4107
69 nets are fully connected,
 of which 69 are detail routed and 0 are global routed.
Current Stage stats:
[End of Build All Nets] Elapsed real time: 0:00:00 
[End of Build All Nets] Elapsed cpu  time: sys=0:00:00 usr=0:00:00 total=0:00:00
[End of Build All Nets] Stage (MB): Used    1  Alloctr    1  Proc    0 
[End of Build All Nets] Total (MB): Used   21  Alloctr   22  Proc 2141 
Average gCell capacity  1.78	 on layer (1)	 METAL1
Average gCell capacity  6.97	 on layer (2)	 METAL2
Average gCell capacity  6.99	 on layer (3)	 METAL3
Average gCell capacity  6.97	 on layer (4)	 METAL4
Average gCell capacity  4.35	 on layer (5)	 METAL5
Average number of tracks per gCell 7.01	 on layer (1)	 METAL1
Average number of tracks per gCell 6.99	 on layer (2)	 METAL2
Average number of tracks per gCell 7.01	 on layer (3)	 METAL3
Average number of tracks per gCell 6.99	 on layer (4)	 METAL4
Average number of tracks per gCell 4.37	 on layer (5)	 METAL5
Number of gCells = 45125
Current Stage stats:
[End of Build Congestion map] Elapsed real time: 0:00:00 
[End of Build Congestion map] Elapsed cpu  time: sys=0:00:00 usr=0:00:00 total=0:00:00
[End of Build Congestion map] Stage (MB): Used    0  Alloctr    0  Proc    0 
[End of Build Congestion map] Total (MB): Used   22  Alloctr   22  Proc 2141 
Total stats:
[End of Build Data] Elapsed real time: 0:00:00 
[End of Build Data] Elapsed cpu  time: sys=0:00:00 usr=0:00:00 total=0:00:00
[End of Build Data] Stage (MB): Used    2  Alloctr    2  Proc    0 
[End of Build Data] Total (MB): Used   22  Alloctr   22  Proc 2141 
Current Stage stats:
[End of Blocked Pin Detection] Elapsed real time: 0:00:00 
[End of Blocked Pin Detection] Elapsed cpu  time: sys=0:00:00 usr=0:00:00 total=0:00:00
[End of Blocked Pin Detection] Stage (MB): Used    0  Alloctr    0  Proc    0 
[End of Blocked Pin Detection] Total (MB): Used   22  Alloctr   22  Proc 2141 
Information: Using 1 threads for routing. (ZRT-444)
multi gcell levels ON

Start GR phase 0
Current Stage stats:
[End of Initial Routing] Elapsed real time: 0:00:00 
[End of Initial Routing] Elapsed cpu  time: sys=0:00:00 usr=0:00:00 total=0:00:00
[End of Initial Routing] Stage (MB): Used    2  Alloctr    2  Proc    0 
[End of Initial Routing] Total (MB): Used   24  Alloctr   24  Proc 2141 
Initial. Routing result:
Initial. Both Dirs: Overflow =    28 Max = 1 GRCs =    45 (0.25%)
Initial. H routing: Overflow =    14 Max = 1 (GRCs = 13) GRCs =    16 (0.18%)
Initial. V routing: Overflow =    14 Max = 1 (GRCs =  3) GRCs =    29 (0.32%)
Initial. METAL1     Overflow =    10 Max = 1 (GRCs =  9) GRCs =    12 (0.13%)
Initial. METAL2     Overflow =    14 Max = 1 (GRCs =  3) GRCs =    29 (0.32%)
Initial. METAL3     Overflow =     4 Max = 1 (GRCs =  4) GRCs =     4 (0.04%)
Initial. METAL4     Overflow =     0 Max = 0 (GRCs =  0) GRCs =     0 (0.00%)
Initial. METAL5     Overflow =     0 Max = 0 (GRCs =  0) GRCs =     0 (0.00%)

Initial. Total Wire Length = 134356.18
Initial. Layer METAL1 wire length = 4614.39
Initial. Layer METAL2 wire length = 53804.05
Initial. Layer METAL3 wire length = 71062.86
Initial. Layer METAL4 wire length = 4874.88
Initial. Layer METAL5 wire length = 0.00
Initial. Total Number of Contacts = 23086
Initial. Via VIA12 count = 12792
Initial. Via VIA23 count = 10058
Initial. Via VIA34 count = 236
Initial. Via VIA45 count = 0
Initial. completed.

Start GR phase 1
Current Stage stats:
[End of Phase1 Routing] Elapsed real time: 0:00:00 
[End of Phase1 Routing] Elapsed cpu  time: sys=0:00:00 usr=0:00:00 total=0:00:00
[End of Phase1 Routing] Stage (MB): Used    0  Alloctr    0  Proc    0 
[End of Phase1 Routing] Total (MB): Used   24  Alloctr   24  Proc 2141 
phase1. Routing result:
phase1. Both Dirs: Overflow =     9 Max = 1 GRCs =    14 (0.08%)
phase1. H routing: Overflow =     5 Max = 1 (GRCs =  4) GRCs =     7 (0.08%)
phase1. V routing: Overflow =     3 Max = 1 (GRCs =  1) GRCs =     7 (0.08%)
phase1. METAL1     Overflow =     5 Max = 1 (GRCs =  4) GRCs =     7 (0.08%)
phase1. METAL2     Overflow =     3 Max = 1 (GRCs =  1) GRCs =     7 (0.08%)
phase1. METAL3     Overflow =     0 Max = 0 (GRCs =  0) GRCs =     0 (0.00%)
phase1. METAL4     Overflow =     0 Max = 0 (GRCs =  0) GRCs =     0 (0.00%)
phase1. METAL5     Overflow =     0 Max = 0 (GRCs =  0) GRCs =     0 (0.00%)

phase1. Total Wire Length = 134364.56
phase1. Layer METAL1 wire length = 4599.29
phase1. Layer METAL2 wire length = 53165.13
phase1. Layer METAL3 wire length = 71057.34
phase1. Layer METAL4 wire length = 5542.80
phase1. Layer METAL5 wire length = 0.00
phase1. Total Number of Contacts = 23127
phase1. Via VIA12 count = 12791
phase1. Via VIA23 count = 10072
phase1. Via VIA34 count = 264
phase1. Via VIA45 count = 0
phase1. completed.

Start GR phase 2
Current Stage stats:
[End of Phase2 Routing] Elapsed real time: 0:00:00 
[End of Phase2 Routing] Elapsed cpu  time: sys=0:00:00 usr=0:00:00 total=0:00:00
[End of Phase2 Routing] Stage (MB): Used    0  Alloctr    0  Proc    0 
[End of Phase2 Routing] Total (MB): Used   24  Alloctr   24  Proc 2141 
phase2. Routing result:
phase2. Both Dirs: Overflow =     8 Max = 2 GRCs =    11 (0.06%)
phase2. H routing: Overflow =     6 Max = 2 (GRCs =  1) GRCs =     7 (0.08%)
phase2. V routing: Overflow =     2 Max = 1 (GRCs =  1) GRCs =     4 (0.04%)
phase2. METAL1     Overflow =     6 Max = 2 (GRCs =  1) GRCs =     7 (0.08%)
phase2. METAL2     Overflow =     2 Max = 1 (GRCs =  1) GRCs =     4 (0.04%)
phase2. METAL3     Overflow =     0 Max = 0 (GRCs =  0) GRCs =     0 (0.00%)
phase2. METAL4     Overflow =     0 Max = 0 (GRCs =  0) GRCs =     0 (0.00%)
phase2. METAL5     Overflow =     0 Max = 0 (GRCs =  0) GRCs =     0 (0.00%)

phase2. Total Wire Length = 134364.56
phase2. Layer METAL1 wire length = 4598.08
phase2. Layer METAL2 wire length = 53165.13
phase2. Layer METAL3 wire length = 71058.55
phase2. Layer METAL4 wire length = 5542.80
phase2. Layer METAL5 wire length = 0.00
phase2. Total Number of Contacts = 23129
phase2. Via VIA12 count = 12791
phase2. Via VIA23 count = 10074
phase2. Via VIA34 count = 264
phase2. Via VIA45 count = 0
phase2. completed.

Start GR phase 3
Current Stage stats:
[End of Phase3 Routing] Elapsed real time: 0:00:00 
[End of Phase3 Routing] Elapsed cpu  time: sys=0:00:00 usr=0:00:00 total=0:00:00
[End of Phase3 Routing] Stage (MB): Used    0  Alloctr    0  Proc    0 
[End of Phase3 Routing] Total (MB): Used   24  Alloctr   24  Proc 2141 
phase3. Routing result:
phase3. Both Dirs: Overflow =     8 Max = 2 GRCs =    11 (0.06%)
phase3. H routing: Overflow =     6 Max = 2 (GRCs =  1) GRCs =     7 (0.08%)
phase3. V routing: Overflow =     2 Max = 1 (GRCs =  1) GRCs =     4 (0.04%)
phase3. METAL1     Overflow =     6 Max = 2 (GRCs =  1) GRCs =     7 (0.08%)
phase3. METAL2     Overflow =     2 Max = 1 (GRCs =  1) GRCs =     4 (0.04%)
phase3. METAL3     Overflow =     0 Max = 0 (GRCs =  0) GRCs =     0 (0.00%)
phase3. METAL4     Overflow =     0 Max = 0 (GRCs =  0) GRCs =     0 (0.00%)
phase3. METAL5     Overflow =     0 Max = 0 (GRCs =  0) GRCs =     0 (0.00%)

phase3. Total Wire Length = 134364.56
phase3. Layer METAL1 wire length = 4598.08
phase3. Layer METAL2 wire length = 53165.13
phase3. Layer METAL3 wire length = 71058.55
phase3. Layer METAL4 wire length = 5542.80
phase3. Layer METAL5 wire length = 0.00
phase3. Total Number of Contacts = 23129
phase3. Via VIA12 count = 12791
phase3. Via VIA23 count = 10074
phase3. Via VIA34 count = 264
phase3. Via VIA45 count = 0
phase3. completed.
[End of Whole Chip Routing] Elapsed real time: 0:00:00 
[End of Whole Chip Routing] Elapsed cpu  time: sys=0:00:00 usr=0:00:00 total=0:00:00
[End of Whole Chip Routing] Stage (MB): Used    4  Alloctr    4  Proc    0 
[End of Whole Chip Routing] Total (MB): Used   24  Alloctr   24  Proc 2141 

Information: Global Routing terminated early: false (ZRT-103)

Congestion utilization per direction:
Average vertical track utilization   = 16.75 %
Peak    vertical track utilization   = 71.43 %
Average horizontal track utilization = 19.84 %
Peak    horizontal track utilization = 63.64 %

Current Stage stats:
[GR: Done] Elapsed real time: 0:00:00 
[GR: Done] Elapsed cpu  time: sys=0:00:00 usr=0:00:00 total=0:00:00
[GR: Done] Stage (MB): Used    0  Alloctr    0  Proc    0 
[GR: Done] Total (MB): Used   24  Alloctr   24  Proc 2141 
GR Total stats:
[GR: Done] Elapsed real time: 0:00:01 
[GR: Done] Elapsed cpu  time: sys=0:00:00 usr=0:00:00 total=0:00:00
[GR: Done] Stage (MB): Used   17  Alloctr   17  Proc    0 
[GR: Done] Total (MB): Used   24  Alloctr   24  Proc 2141 
Updating congestion ...
Final total stats:
[End of Global Routing] Elapsed real time: 0:00:01 
[End of Global Routing] Elapsed cpu  time: sys=0:00:00 usr=0:00:01 total=0:00:01
[End of Global Routing] Stage (MB): Used   15  Alloctr   16  Proc    0 
[End of Global Routing] Total (MB): Used   21  Alloctr   22  Proc 2141 
 
****************************************
Report : congestion
Design : systolic_array
Version: L-2016.03-SP5
Date   : Thu Feb  9 12:11:33 2023
****************************************

Both Dirs: Overflow = 0 Max = 0 (0 GRCs) GRCs = 0 (0.00%)
H routing: Overflow = 0 Max = 0 (0 GRCs) GRCs = 0  (0.00%)
V routing: Overflow = 0 Max = 0 (0 GRCs) GRCs = 0  (0.00%)
1
