Information: Base Cell (com): cell CKXOR2D1BWP7T, w=5040, h=3920 (npin=3)
Information: Base Cell (seq): cell DFKSND2BWP7T, w=15120, h=3920 (npin=4)
 
****************************************
Report : area
Design : systolic_array
Version: L-2016.03-SP5
Date   : Thu Feb  9 12:11:30 2023
****************************************

Library(s) Used:

    tcb018gbwp7twc_ccs (File: /bks2/PB20000328/ic_design/syn/tech/lib/tcb018gbwp7twc_ccs.db)
    tpd018bcdnv5wc (File: /bks2/PB20000328/ic_design/syn/tech/lib/tpd018bcdnv5wc.db)

Number of ports:                           20
Number of nets:                          4329
Number of cells:                         4030
Number of combinational cells:           3226
Number of sequential cells:               784
Number of macros/black boxes:              20
Number of buf/inv:                        506
Number of references:                      78

Combinational area:              50202.028795
Buf/Inv area:                     4370.643133
Noncombinational area:           32747.994553
Macro/Black Box area:                0.000000
Net Interconnect area:      undefined  (Wire load has zero net area)

Total cell area:                 82950.023348
Total area:                 undefined

Core Area:                    138264
Aspect Ratio:                 1.0030
Utilization Ratio:            0.6000


The above information was reported from the logical library. The following are from the physical library:

  Total moveable cell area: 274950.0
  Total fixed cell area: 0.0
  Total physical cell area: 274950.0
 Core area: 0.000, 0.000, 371.280, 372.400
1
