 
****************************************
Report : timing
        -path full_clock
        -delay max
        -physical
        -derate
        -input_pins
        -nets
        -max_paths 1
        -transition_time
        -crosstalk_delta
        -capacitance
Design : systolic_array
Version: L-2016.03-SP5
Date   : Thu Feb  9 12:11:30 2023
****************************************

 * Some/all delay information is back-annotated.

Operating Conditions: WCCOM   Library: tcb018gbwp7twc_ccs
Wire Load Model Mode: Inactive.

  Startpoint: rstn_p (input port clocked by clk_p)
  Endpoint: SA_A_2_shift_reg_reg_0__2_
            (rising edge-triggered flip-flop clocked by clk_p)
  Path Group: REGIN
  Path Type: max

Attributes:
    d - dont_touch
    u - dont_use
   mo - map_only
   so - size_only
    i - ideal_net or ideal_network
  inf - infeasible path

  Point                                       Fanout       Cap     DTran     Trans     Delta     Derate      Incr       Path      Location / Load        Attributes
  --------------------------------------------------------------------------------------------------------------------------------------------------------------------
  clock clk_p (rise edge)                                                                                   0.000      0.000
  clock network delay (ideal)                                                                               0.000      0.000
  input external delay                                                                                     12.000     12.000 f
  rstn_p (in)                                                                0.000                          0.000     12.000 f    (222.04,489.96)        i 
  rstn_p (net)                                  1        2.301                                              0.000     12.000 f    [0.00,2.30]
  u_pad_rst_n/PAD (PDUW0208SCDG)                                   0.000     0.000     0.000                0.039 *   12.039 f    (-62.04,-249.96)
  u_pad_rst_n/C (PDUW0208SCDG)                                               0.440                          1.490     13.529 f    (-45.65,-132.90)
  rstn (net)                                    7        0.075                                              0.000     13.529 f    [0.04,0.08]
  U2995/I (CKND0BWP7T)                                             0.000     0.440     0.000                0.003 *   13.532 f    (240.64,225.49)
  U2995/ZN (CKND0BWP7T)                                                      0.803                          0.592     14.124 r    (241.62,225.41)
  n3743 (net)                                  10        0.076                                              0.000     14.124 r    [0.03,0.08]
  U2985/B (AOI21D2BWP7T)                                           0.000     0.803     0.000                0.002 *   14.126 r    (240.96,225.38)
  U2985/ZN (AOI21D2BWP7T)                                                    0.385                          0.327     14.453 f    (242.71,225.43)
  n3658 (net)                                  13        0.090                                              0.000     14.453 f    [0.03,0.09]
  U4839/I (DEL1BWP7T)                                              0.000     0.385     0.000                0.003 *   14.456 f    (269.54,230.97)
  U4839/Z (DEL1BWP7T)                                                        0.289                          1.135     15.591 f    (273.96,230.79)
  n4277 (net)                                   4        0.039                                              0.000     15.591 f    [0.02,0.04]
  U4335/B (OAI31D0BWP7T)                                           0.000     0.289     0.000                0.001 *   15.592 f    (274.12,213.63)
  U4335/ZN (OAI31D0BWP7T)                                                    0.567                          0.254     15.846 r    (273.16,213.51)
  n3638 (net)                                   1        0.006                                              0.000     15.846 r    [0.00,0.01]
  U4832/I (DEL1BWP7T)                                              0.000     0.567     0.000                0.000 *   15.846 r    (271.48,196.78)
  U4832/Z (DEL1BWP7T)                                                        0.475                          1.213     17.059 r    (275.90,196.59)
  n4270 (net)                                   7        0.052                                              0.000     17.059 r    [0.02,0.05]
  U4341/A1 (INR2D1BWP7T)                                           0.000     0.475     0.000                0.002 *   17.061 r    (306.73,230.38)
  U4341/ZN (INR2D1BWP7T)                                                     1.123                          0.796     17.858 r    (308.36,230.03)
  n3588 (net)                                  16        0.066                                              0.000     17.858 r    [0.02,0.07]
  U4347/B2 (MAOI22D0BWP7T)                                         0.000     1.123     0.000                0.002 *   17.860 r    (311.74,224.89)
  U4347/ZN (MAOI22D0BWP7T)                                                   0.426                          0.460     18.319 r    (313.74,224.80)
  n736 (net)                                    1        0.008                                              0.000     18.319 r    [0.00,0.01]
  SA_A_2_shift_reg_reg_0__2_/D (DFQD0BWP7T)                        0.000     0.426     0.000                0.000 *   18.319 r    (308.72,238.69)
  data arrival time                                                                                                   18.319

  clock clk_p (rise edge)                                                                                  40.000     40.000
  clock network delay (ideal)                                                                               0.000     40.000
  clock uncertainty                                                                                        -0.500     39.500
  SA_A_2_shift_reg_reg_0__2_/CP (DFQD0BWP7T)                                                                0.000     39.500 r
  library setup time                                                                                       -0.119     39.381
  data required time                                                                                                  39.381
  --------------------------------------------------------------------------------------------------------------------------------------------------------------------
  data required time                                                                                                  39.381
  data arrival time                                                                                                  -18.319
  --------------------------------------------------------------------------------------------------------------------------------------------------------------------
  slack (MET)                                                                                                         21.061


  Startpoint: SA_ctrl_state_overall_reg_0_
              (rising edge-triggered flip-flop clocked by clk_p)
  Endpoint: p_shift_out[2]
            (output port clocked by clk_p)
  Path Group: REGOUT
  Path Type: max

Attributes:
    d - dont_touch
    u - dont_use
   mo - map_only
   so - size_only
    i - ideal_net or ideal_network
  inf - infeasible path

  Point                                       Fanout       Cap     DTran     Trans     Delta     Derate      Incr       Path      Location / Load        Attributes
  --------------------------------------------------------------------------------------------------------------------------------------------------------------------
  clock clk_p (rise edge)                                                                                   0.000      0.000
  clock network delay (ideal)                                                                               0.000      0.000
  SA_ctrl_state_overall_reg_0_/CP (DFQD0BWP7T)                     0.000     0.000     0.000                0.000      0.000 r    (212.84,216.31)
  SA_ctrl_state_overall_reg_0_/Q (DFQD0BWP7T)                                0.231                          0.404      0.404 r    (222.11,216.24)
  SA_ctrl_state_overall[0] (net)                2        0.012                                              0.000      0.404 r    [0.00,0.01]
  U2999/I (CKND0BWP7T)                                             0.000     0.231     0.000                0.000 *    0.405 r    (240.64,225.49)
  U2999/ZN (CKND0BWP7T)                                                      0.576                          0.419      0.823 f    (241.62,225.41)
  n3915 (net)                                  10        0.060                                              0.000      0.823 f    [0.01,0.06]
  U1426/A2 (NR2D1BWP7T)                                            0.000     0.576     0.000                0.003 *    0.827 f    (204.43,213.71)
  U1426/ZN (NR2D1BWP7T)                                                      0.496                          0.408      1.235 r    (205.22,213.52)
  ack (net)                                     3        0.024                                              0.000      1.235 r    [0.01,0.02]
  U3254/I (INVD0BWP7T)                                             0.000     0.496     0.000                0.001 *    1.236 r    (181.28,209.35)
  U3254/ZN (INVD0BWP7T)                                                      0.267                          0.241      1.476 f    (182.08,209.25)
  n3944 (net)                                   4        0.022                                              0.000      1.476 f    [0.01,0.02]
  U1433/A2 (NR3D0BWP7T)                                            0.000     0.267     0.000                0.001 *    1.477 f    (166.34,199.20)
  U1433/ZN (NR3D0BWP7T)                                                      2.416                          1.482      2.959 r    (167.45,199.29)
  n3088 (net)                                  11        0.097                                              0.000      2.959 r    [0.06,0.10]
  U1443/B1 (AOI22D0BWP7T)                                          0.000     2.416     0.000                0.005 *    2.964 r    (102.45,113.41)
  U1443/ZN (AOI22D0BWP7T)                                                    0.637                          0.465      3.429 f    (101.10,113.27)
  n1097 (net)                                   1        0.011                                              0.000      3.429 f    [0.01,0.01]
  U1445/A1 (ND2D1BWP7T)                                            0.000     0.637     0.000                0.000 *    3.429 f    (95.37,145.48)
  U1445/ZN (ND2D1BWP7T)                                                      0.432                          0.403      3.832 r    (94.76,145.55)
  shift_out[2] (net)                            1        0.039                                              0.000      3.832 r    [0.02,0.04]
  u_pad_data_out_2/I (PDDW0208CDG)                                 0.000     0.432     0.000                0.002 *    3.834 r    (127.02,319.50)
  u_pad_data_out_2/PAD (PDDW0208CDG)                                         1.371                          4.013      7.847 r    (140.28,202.43)
  p_shift_out[2] (net)                          1        2.405                                              0.000      7.847 r    [0.00,2.40]
  p_shift_out[2] (out)                                             0.000     1.371     0.000                0.025 *    7.872 r    (-117.57,140.28)
  data arrival time                                                                                                    7.872

  clock clk_p (rise edge)                                                                                  40.000     40.000
  clock network delay (ideal)                                                                               0.000     40.000
  clock uncertainty                                                                                        -0.500     39.500
  output external delay                                                                                   -12.000     27.500
  data required time                                                                                                  27.500
  --------------------------------------------------------------------------------------------------------------------------------------------------------------------
  data required time                                                                                                  27.500
  data arrival time                                                                                                   -7.872
  --------------------------------------------------------------------------------------------------------------------------------------------------------------------
  slack (MET)                                                                                                         19.628


  Startpoint: SA_B_1_shift_reg_reg_6__1_
              (rising edge-triggered flip-flop clocked by clk_p)
  Endpoint: SA_core_pe_0_1_Cij_o_reg_7_
            (rising edge-triggered flip-flop clocked by clk_p)
  Path Group: clk_p
  Path Type: max

Attributes:
    d - dont_touch
    u - dont_use
   mo - map_only
   so - size_only
    i - ideal_net or ideal_network
  inf - infeasible path

  Point                                       Fanout       Cap     DTran     Trans     Delta     Derate      Incr       Path      Location / Load        Attributes
  --------------------------------------------------------------------------------------------------------------------------------------------------------------------
  clock clk_p (rise edge)                                                                                   0.000      0.000
  clock network delay (ideal)                                                                               0.000      0.000
  SA_B_1_shift_reg_reg_6__1_/CP (DFQD2BWP7T)                       0.000     0.000     0.000                0.000      0.000 r    (270.68,352.91)
  SA_B_1_shift_reg_reg_6__1_/Q (DFQD2BWP7T)                                  0.209                          0.521      0.521 f    (279.85,352.88)
  SA_col_1[1] (net)                             8        0.090                                              0.000      0.521 f    [0.06,0.09]
  U2739/I (INVD0BWP7T)                                             0.000     0.209     0.000                0.004 *    0.526 f    (65.13,352.09)
  U2739/ZN (INVD0BWP7T)                                                      1.056                          0.675      1.201 r    (65.93,351.99)
  n3885 (net)                                   7        0.063                                              0.000      1.201 r    [0.03,0.06]
  U3277/A1 (NR3D0BWP7T)                                            0.000     1.056     0.000                0.003 *    1.204 r    (23.17,344.42)
  U3277/ZN (NR3D0BWP7T)                                                      0.328                          0.280      1.484 f    (23.44,344.26)
  n2852 (net)                                   2        0.015                                              0.000      1.484 f    [0.01,0.01]
  U3278/B (AOI21D0BWP7T)                                           0.000     0.328     0.000                0.000 *    1.484 f    (20.52,346.93)
  U3278/ZN (AOI21D0BWP7T)                                                    0.277                          0.288      1.772 r    (19.32,346.70)
  n2846 (net)                                   1        0.003                                              0.000      1.772 r    [0.00,0.00]
  U4964/I (INVD0BWP7T)                                             0.000     0.277     0.000                0.000 *    1.772 r    (17.91,349.02)
  U4964/ZN (INVD0BWP7T)                                                      0.101                          0.092      1.865 f    (18.71,348.92)
  n4419 (net)                                   1        0.004                                              0.000      1.865 f    [0.00,0.00]
  U4963/I (INVD0BWP7T)                                             0.000     0.101     0.000                0.000 *    1.865 f    (13.78,352.49)
  U4963/ZN (INVD0BWP7T)                                                      0.319                          0.223      2.088 r    (14.58,352.39)
  n4418 (net)                                   2        0.017                                              0.000      2.088 r    [0.00,0.02]
  U2211/B (MAOI222D1BWP7T)                                         0.000     0.319     0.000                0.000 *    2.088 r    ( 6.80,366.19)
  U2211/ZN (MAOI222D1BWP7T)                                                  0.223                          0.211      2.300 f    ( 6.93,366.30)
  n4211 (net)                                   1        0.008                                              0.000      2.300 f    [0.00,0.01]
  U3299/B (FA1D0BWP7T)                                             0.000     0.223     0.000                0.000 *    2.300 f    ( 4.21,369.03)
  U3299/CO (FA1D0BWP7T)                                                      0.145                          0.595      2.894 f    (12.58,368.50)
  n2862 (net)                                   2        0.008                                              0.000      2.894 f    [0.00,0.01]
  U3303/I (INVD0BWP7T)                                             0.000     0.145     0.000                0.000 *    2.895 f    (13.89,370.44)
  U3303/ZN (INVD0BWP7T)                                                      0.137                          0.124      3.019 r    (14.69,370.34)
  n2865 (net)                                   1        0.005                                              0.000      3.019 r    [0.00,0.00]
  U3304/A (MAOI222D0BWP7T)                                         0.000     0.137     0.000                0.000 *    3.019 r    (14.68,370.63)
  U3304/ZN (MAOI222D0BWP7T)                                                  0.216                          0.172      3.191 f    (16.11,370.52)
  n2866 (net)                                   1        0.004                                              0.000      3.191 f    [0.00,0.00]
  U3561/I (INVD0BWP7T)                                             0.000     0.216     0.000                0.000 *    3.191 f    (25.42,370.44)
  U3561/ZN (INVD0BWP7T)                                                      0.195                          0.176      3.368 r    (26.22,370.34)
  n3981 (net)                                   1        0.008                                              0.000      3.368 r    [0.00,0.01]
  U3315/B (FA1D0BWP7T)                                             0.000     0.195     0.000                0.000 *    3.368 r    (34.87,369.08)
  U3315/CO (FA1D0BWP7T)                                                      0.188                          0.470      3.837 r    (43.24,368.56)
  n2887 (net)                                   2        0.008                                              0.000      3.837 r    [0.00,0.01]
  U3329/B (OAI21D0BWP7T)                                           0.000     0.188     0.000                0.000 *    3.838 r    (39.69,366.01)
  U3329/ZN (OAI21D0BWP7T)                                                    0.160                          0.147      3.985 f    (38.22,366.44)
  n2888 (net)                                   1        0.005                                              0.000      3.985 f    [0.00,0.00]
  U3330/B (IOA21D0BWP7T)                                           0.000     0.160     0.000                0.000 *    3.985 f    (47.23,366.14)
  U3330/ZN (IOA21D0BWP7T)                                                    0.252                          0.198      4.183 r    (46.73,366.16)
  n2936 (net)                                   1        0.011                                              0.000      4.183 r    [0.01,0.01]
  U3351/A (FA1D0BWP7T)                                             0.000     0.252     0.000                0.000 *    4.183 r    (77.85,369.37)
  U3351/CO (FA1D0BWP7T)                                                      0.138                          0.576      4.760 r    (89.87,369.09)
  n2937 (net)                                   1        0.005                                              0.000      4.760 r    [0.00,0.00]
  U3355/A2 (XOR4D0BWP7T)                                           0.000     0.138     0.000                0.000 *    4.760 r    (96.72,364.99)
  U3355/Z (XOR4D0BWP7T)                                                      0.149                          0.586      5.346 r    (96.06,364.89)
  n2955 (net)                                   1        0.005                                              0.000      5.346 r    [0.00,0.00]
  U3365/A2 (XNR4D0BWP7T)                                           0.000     0.149     0.000                0.000 *    5.346 r    (98.14,358.31)
  U3365/ZN (XNR4D0BWP7T)                                                     0.190                          0.633      5.978 f    (97.49,358.21)
  n2958 (net)                                   1        0.007                                              0.000      5.978 f    [0.00,0.01]
  U3366/A2 (MOAI22D0BWP7T)                                         0.000     0.190     0.000                0.000 *    5.979 f    (99.16,331.16)
  U3366/ZN (MOAI22D0BWP7T)                                                   0.323                          0.259      6.237 r    (98.50,331.41)
  SA_core_pe_0_1_N17 (net)                      1        0.006                                              0.000      6.237 r    [0.00,0.01]
  SA_core_pe_0_1_Cij_o_reg_7_/D (DFQD0BWP7T)                       0.000     0.323     0.000                0.000 *    6.237 r    (93.63,335.84)
  data arrival time                                                                                                    6.237

  clock clk_p (rise edge)                                                                                  40.000     40.000
  clock network delay (ideal)                                                                               0.000     40.000
  clock uncertainty                                                                                        -0.500     39.500
  SA_core_pe_0_1_Cij_o_reg_7_/CP (DFQD0BWP7T)                                                               0.000     39.500 r
  library setup time                                                                                       -0.118     39.382
  data required time                                                                                                  39.382
  --------------------------------------------------------------------------------------------------------------------------------------------------------------------
  data required time                                                                                                  39.382
  data arrival time                                                                                                   -6.237
  --------------------------------------------------------------------------------------------------------------------------------------------------------------------
  slack (MET)                                                                                                         33.145


1
