 
****************************************
Report : resources
Design : clefia_128
Version: L-2016.03-SP5
Date   : Sun Jan  2 03:01:42 2022
****************************************


Resource Report for this hierarchy in file ../src/clefia_128.v
=============================================================================
| Cell           | Module         | Parameters | Contained Operations       |
=============================================================================
| add_x_1        | DW01_inc       | width=5    | add_57 (clefia_128.v:57)   |
=============================================================================


Implementation Report
===============================================================================
|                    |                  | Current            | Set            |
| Cell               | Module           | Implementation     | Implementation |
===============================================================================
| add_x_1            | DW01_inc         | apparch (area)     |                |
===============================================================================


No resource sharing information to report.
 
****************************************
Design : clefia_round
****************************************

No implementations to report

No resource sharing information to report.
 
****************************************
Design : clefia_sbox1_1
****************************************

No implementations to report

No resource sharing information to report.
 
****************************************
Design : clefia_sbox1_0
****************************************

No implementations to report

No resource sharing information to report.
 
****************************************
Design : clefia_sbox1_2
****************************************

No implementations to report
1
