 
****************************************
Report : area
Design : clefia_128
Version: L-2016.03-SP5
Date   : Sun Jan  2 03:01:42 2022
****************************************

Library(s) Used:

    tcb018gbwp7twc_ccs (File: /js1/baixf/teaching/PCD2021/example/syn/tech/lib/tcb018gbwp7twc_ccs.db)

Number of ports:                          756
Number of nets:                          6507
Number of cells:                         5791
Number of combinational cells:           5526
Number of sequential cells:               261
Number of macros/black boxes:               0
Number of buf/inv:                       1551
Number of references:                      87

Combinational area:              69919.314281
Buf/Inv area:                    12558.739008
Noncombinational area:           13138.272003
Macro/Black Box area:                0.000000
Net Interconnect area:      undefined  (Wire load has zero net area)

Total cell area:                 83057.586285
Total area:                 undefined

Area of detected synthetic parts
--------------------------------
  No DW parts to report!

Estimated area of ungrouped synthetic parts
-------------------------------------------
                           Estimated  Perc. of
  Module   Implem.  Count       Area cell area
  -------- -------  ----- ---------- ---------
  DW01_inc apparch      1   118.5408      0.1%
  -------- -------  ----- ---------- ---------
  Total:                1   118.5408      0.1%

Total synthetic cell area:              118.5408  0.1%  (estimated)

1
