 
****************************************
Report : timing
        -path full
        -delay max
        -nets
        -max_paths 1
        -transition_time
Design : clefia_128
Version: L-2016.03-SP5
Date   : Sun Jan  2 03:01:42 2022
****************************************

 * Some/all delay information is back-annotated.

Operating Conditions: WCCOM   Library: tcb018gbwp7twc_ccs
Wire Load Model Mode: Inactive.

  Startpoint: k[4] (input port clocked by clk)
  Endpoint: c[11] (output port clocked by clk)
  Path Group: FEEDTHROUGH
  Path Type: max

Attributes:
    d - dont_touch
    u - dont_use
   mo - map_only
   so - size_only
    i - ideal_net or ideal_network
  inf - infeasible path

  Point                                       Fanout     Trans      Incr       Path      Attributes
  ---------------------------------------------------------------------------------------------------------
  clock clk (rise edge)                                             0.00       0.00
  clock network delay (ideal)                                       0.00       0.00
  input external delay                                             12.00      12.00 f
  k[4] (in)                                               0.20      0.12      12.12 f
  k[4] (net)                                    3                   0.00      12.12 f
  U1695/ZN (INVD0BWP7T)                                   0.23      0.20 *    12.31 r
  n1329 (net)                                   2                   0.00      12.31 r
  U1978/ZN (XNR2D1BWP7T)                                  0.10      0.38 *    12.70 f
  n1330 (net)                                   1                   0.00      12.70 f
  U1979/ZN (AOI22D0BWP7T)                                 0.35      0.30 *    12.99 r
  n1332 (net)                                   1                   0.00      12.99 r
  U1980/ZN (OAI211D0BWP7T)                                0.34      0.30 *    13.29 f
  rk1[4] (net)                                  1                   0.00      13.29 f
  u_clefia_round/rk1[4] (clefia_round)                              0.00      13.29 f
  u_clefia_round/rk1[4] (net)                                       0.00      13.29 f
  u_clefia_round/U2470/Z (DEL1BWP7T)                      0.14      0.99 *    14.28 f
  u_clefia_round/n2590 (net)                    1                   0.00      14.28 f
  u_clefia_round/U1277/ZN (XNR2D1BWP7T)                   0.30      0.41 *    14.69 f
  u_clefia_round/n1245 (net)                    3                   0.00      14.69 f
  u_clefia_round/U1296/ZN (INVD0BWP7T)                    0.50      0.39 *    15.07 r
  u_clefia_round/n1038 (net)                    3                   0.00      15.07 r
  u_clefia_round/U1297/ZN (NR2XD1BWP7T)                   0.29      0.28 *    15.36 f
  u_clefia_round/n1055 (net)                    4                   0.00      15.36 f
  u_clefia_round/U1359/ZN (ND2D1BWP7T)                    0.32      0.27 *    15.62 r
  u_clefia_round/n1562 (net)                    5                   0.00      15.62 r
  u_clefia_round/U1372/ZN (CKND1BWP7T)                    0.44      0.36 *    15.98 f
  u_clefia_round/n1829 (net)                    7                   0.00      15.98 f
  u_clefia_round/U1405/ZN (ND2D1BWP7T)                    0.36      0.31 *    16.30 r
  u_clefia_round/n1457 (net)                    5                   0.00      16.30 r
  u_clefia_round/U1406/ZN (INVD0BWP7T)                    0.18      0.17 *    16.46 f
  u_clefia_round/n1474 (net)                    2                   0.00      16.46 f
  u_clefia_round/U1407/ZN (NR2D1BWP7T)                    0.38      0.27 *    16.74 r
  u_clefia_round/n1067 (net)                    2                   0.00      16.74 r
  u_clefia_round/U1458/ZN (ND4D0BWP7T)                    0.48      0.37 *    17.10 f
  u_clefia_round/n1846 (net)                    2                   0.00      17.10 f
  u_clefia_round/U1459/ZN (NR4D0BWP7T)                    0.46      0.44 *    17.54 r
  u_clefia_round/n1069 (net)                    1                   0.00      17.54 r
  u_clefia_round/U1461/ZN (ND4D0BWP7T)                    0.51      0.39 *    17.94 f
  u_clefia_round/n1553 (net)                    2                   0.00      17.94 f
  u_clefia_round/U2006/ZN (INR4D1BWP7T)                   0.37      0.39 *    18.32 r
  u_clefia_round/n1556 (net)                    1                   0.00      18.32 r
  u_clefia_round/U2007/ZN (AOI21D0BWP7T)                  0.20      0.15 *    18.48 f
  u_clefia_round/n1590 (net)                    1                   0.00      18.48 f
  u_clefia_round/U2017/ZN (NR4D0BWP7T)                    0.85      0.57 *    19.05 r
  u_clefia_round/n2001 (net)                    1                   0.00      19.05 r
  u_clefia_round/U2498/Z (DEL1BWP7T)                      0.43      1.21 *    20.25 r
  u_clefia_round/n2618 (net)                    4                   0.00      20.25 r
  u_clefia_round/U2018/ZN (XNR3D0BWP7T)                   0.41      0.57 *    20.82 r
  u_clefia_round/n1788 (net)                    2                   0.00      20.82 r
  u_clefia_round/U2118/ZN (XNR4D0BWP7T)                   0.31      0.63 *    21.46 r
  u_clefia_round/rout[43] (net)                 1                   0.00      21.46 r
  u_clefia_round/rout[43] (clefia_round)                            0.00      21.46 r
  rout[43] (net)                                                    0.00      21.46 r
  U3333/ZN (INVD1BWP7T)                                   0.22      0.20 *    21.66 f
  n2985 (net)                                   1                   0.00      21.66 f
  U3332/ZN (INVD0BWP7T)                                   0.36      0.28 *    21.94 r
  n2984 (net)                                   3                   0.00      21.94 r
  U2993/ZN (INVD0BWP7T)                                   0.18      0.16 *    22.10 f
  n2729 (net)                                   2                   0.00      22.10 f
  U1637/Z (AO221D0BWP7T)                                  0.15      0.59 *    22.69 f
  n3539 (net)                                   1                   0.00      22.69 f
  U3167/ZN (INVD0BWP7T)                                   2.07      1.21 *    23.90 r
  c[11] (net)                                   1                   0.00      23.90 r
  c[11] (out)                                             2.07      0.01 *    23.91 r
  data arrival time                                                           23.91

  clock clk (rise edge)                                            40.00      40.00
  clock network delay (ideal)                                       0.00      40.00
  clock uncertainty                                                -0.50      39.50
  output external delay                                           -12.00      27.50
  data required time                                                          27.50
  ---------------------------------------------------------------------------------------------------------
  data required time                                                          27.50
  data arrival time                                                          -23.91
  ---------------------------------------------------------------------------------------------------------
  slack (MET)                                                                  3.59


  Startpoint: p[11] (input port clocked by clk)
  Endpoint: rin_reg_11_
            (rising edge-triggered flip-flop clocked by clk)
  Path Group: REGIN
  Path Type: max

Attributes:
    d - dont_touch
    u - dont_use
   mo - map_only
   so - size_only
    i - ideal_net or ideal_network
  inf - infeasible path

  Point                        Fanout     Trans      Incr       Path      Attributes
  ------------------------------------------------------------------------------------------
  clock clk (rise edge)                              0.00       0.00
  clock network delay (ideal)                        0.00       0.00
  input external delay                              24.00      24.00 f
  p[11] (in)                               0.15      0.08      24.08 f
  p[11] (net)                    2                   0.00      24.08 f
  U2683/ZN (MAOI22D0BWP7T)                 0.21      0.33 *    24.41 f
  n2015 (net)                    1                   0.00      24.41 f
  U2685/ZN (OAI21D0BWP7T)                  1.60      0.98 *    25.40 r
  N108 (net)                     1                   0.00      25.40 r
  rin_reg_11_/D (DFCNQD1BWP7T)             1.60      0.00 *    25.40 r
  data arrival time                                            25.40

  clock clk (rise edge)                             40.00      40.00
  clock network delay (ideal)                        0.00      40.00
  clock uncertainty                                 -0.50      39.50
  rin_reg_11_/CP (DFCNQD1BWP7T)                      0.00      39.50 r
  library setup time                                -0.18      39.32
  data required time                                           39.32
  ------------------------------------------------------------------------------------------
  data required time                                           39.32
  data arrival time                                           -25.40
  ------------------------------------------------------------------------------------------
  slack (MET)                                                  13.92


  Startpoint: round_reg_1_
              (rising edge-triggered flip-flop clocked by clk)
  Endpoint: c[12] (output port clocked by clk)
  Path Group: REGOUT
  Path Type: max

Attributes:
    d - dont_touch
    u - dont_use
   mo - map_only
   so - size_only
    i - ideal_net or ideal_network
  inf - infeasible path

  Point                                       Fanout     Trans      Incr       Path      Attributes
  ---------------------------------------------------------------------------------------------------------
  clock clk (rise edge)                                             0.00       0.00
  clock network delay (ideal)                                       0.00       0.00
  round_reg_1_/CP (EDFCND2BWP7T)                          0.00      0.00       0.00 r    i 
  round_reg_1_/Q (EDFCND2BWP7T)                           0.46      0.74       0.74 r
  n2313 (net)                                  16                   0.00       0.74 r
  U3104/Z (DEL1BWP7T)                                     0.36      1.13 *     1.87 r
  n2766 (net)                                   7                   0.00       1.87 r
  U1867/ZN (NR2D1BWP7T)                                   0.22      0.17 *     2.04 f
  n1528 (net)                                   4                   0.00       2.04 f
  U1724/ZN (INVD0BWP7T)                                   1.36      0.85 *     2.89 r
  n2527 (net)                                  12                   0.00       2.89 r
  U2243/ZN (AOI22D0BWP7T)                                 0.33      0.25 *     3.15 f
  n1529 (net)                                   1                   0.00       3.15 f
  U2922/Z (AO211D0BWP7T)                                  0.13      0.55 *     3.70 f
  n3628 (net)                                   1                   0.00       3.70 f
  U2917/ZN (INVD0BWP7T)                                   0.51      0.34 *     4.04 r
  n1531 (net)                                   3                   0.00       4.04 r
  U3694/ZN (OAI211D0BWP7T)                                0.39      0.30 *     4.34 f
  n3362 (net)                                   1                   0.00       4.34 f
  U3471/Z (DEL1BWP7T)                                     0.29      1.14 *     5.48 f
  n3120 (net)                                   1                   0.00       5.48 f
  U2251/ZN (XNR2D1BWP7T)                                  0.31      0.46 *     5.94 r
  n1532 (net)                                   2                   0.00       5.94 r
  U2252/Z (CKXOR2D1BWP7T)                                 0.11      0.36 *     6.29 r
  n1533 (net)                                   1                   0.00       6.29 r
  U2253/ZN (OAI22D1BWP7T)                                 0.33      0.14 *     6.44 f
  n1534 (net)                                   1                   0.00       6.44 f
  U2254/ZN (AOI211D1BWP7T)                                0.37      0.36 *     6.80 r
  n1536 (net)                                   1                   0.00       6.80 r
  U2255/ZN (OAI21D0BWP7T)                                 0.24      0.23 *     7.03 f
  rk1[25] (net)                                 1                   0.00       7.03 f
  u_clefia_round/rk1[25] (clefia_round)                             0.00       7.03 f
  u_clefia_round/rk1[25] (net)                                      0.00       7.03 f
  u_clefia_round/U79/Z (CKXOR2D1BWP7T)                    0.43      0.54 *     7.56 r
  u_clefia_round/sin1[25] (net)                 5                   0.00       7.56 r
  u_clefia_round/x_sbox10/sin[1] (clefia_sbox1_1)                   0.00       7.56 r
  u_clefia_round/x_sbox10/sin[1] (net)                              0.00       7.56 r
  u_clefia_round/x_sbox10/U6/ZN (INVD0BWP7T)              0.25      0.23 *     7.79 f
  u_clefia_round/x_sbox10/n19 (net)             3                   0.00       7.79 f
  u_clefia_round/x_sbox10/U33/ZN (ND2D2BWP7T)             0.27      0.24 *     8.03 r
  u_clefia_round/x_sbox10/n297 (net)            7                   0.00       8.03 r
  u_clefia_round/x_sbox10/U55/ZN (INVD0BWP7T)             0.35      0.29 *     8.32 f
  u_clefia_round/x_sbox10/n370 (net)            6                   0.00       8.32 f
  u_clefia_round/x_sbox10/U172/ZN (ND2D1BWP7T)            0.48      0.39 *     8.71 r
  u_clefia_round/x_sbox10/n202 (net)            5                   0.00       8.71 r
  u_clefia_round/x_sbox10/U173/ZN (OAI21D2BWP7T)          0.20      0.20 *     8.91 f
  u_clefia_round/x_sbox10/n90 (net)             3                   0.00       8.91 f
  u_clefia_round/x_sbox10/U174/ZN (AOI31D0BWP7T)          0.99      0.70 *     9.61 r
  u_clefia_round/x_sbox10/n276 (net)            2                   0.00       9.61 r
  u_clefia_round/x_sbox10/U176/ZN (ND4D0BWP7T)            0.48      0.41 *    10.02 f
  u_clefia_round/x_sbox10/n32 (net)             1                   0.00      10.02 f
  u_clefia_round/x_sbox10/U177/ZN (NR4D0BWP7T)            0.52      0.47 *    10.49 r
  u_clefia_round/x_sbox10/n237 (net)            2                   0.00      10.49 r
  u_clefia_round/x_sbox10/U337/ZN (AOI31D0BWP7T)          0.27      0.24 *    10.73 f
  u_clefia_round/x_sbox10/n251 (net)            1                   0.00      10.73 f
  u_clefia_round/x_sbox10/U242/Z (AO211D0BWP7T)           0.13      0.54 *    11.27 f
  u_clefia_round/x_sbox10/n432 (net)            1                   0.00      11.27 f
  u_clefia_round/x_sbox10/U240/ZN (INVD0BWP7T)            0.23      0.18 *    11.44 r
  u_clefia_round/x_sbox10/n257 (net)            2                   0.00      11.44 r
  u_clefia_round/x_sbox10/U342/ZN (AOI32D0BWP7T)          0.29      0.21 *    11.66 f
  u_clefia_round/x_sbox10/sout[3] (net)         1                   0.00      11.66 f
  u_clefia_round/x_sbox10/sout[3] (clefia_sbox1_1)                  0.00      11.66 f
  u_clefia_round/sout1[27] (net)                                    0.00      11.66 f
  u_clefia_round/U2370/Z (DEL1BWP7T)                      0.32      1.14 *    12.79 f
  u_clefia_round/n2490 (net)                    4                   0.00      12.79 f
  u_clefia_round/U2112/ZN (AOI22D0BWP7T)                  0.93      0.63 *    13.42 r
  u_clefia_round/n1872 (net)                    2                   0.00      13.42 r
  u_clefia_round/U2113/ZN (XNR4D0BWP7T)                   0.21      0.80 *    14.22 f
  u_clefia_round/n1782 (net)                    1                   0.00      14.22 f
  u_clefia_round/U2114/ZN (XNR4D0BWP7T)                   0.27      0.56 *    14.79 r
  u_clefia_round/rout[44] (net)                 1                   0.00      14.79 r
  u_clefia_round/rout[44] (clefia_round)                            0.00      14.79 r
  rout[44] (net)                                                    0.00      14.79 r
  U3356/ZN (INVD1BWP7T)                                   0.24      0.21 *    15.00 f
  n3012 (net)                                   1                   0.00      15.00 f
  U3355/ZN (INVD0BWP7T)                                   0.33      0.27 *    15.27 r
  n3011 (net)                                   3                   0.00      15.27 r
  U2947/ZN (INVD0BWP7T)                                   0.13      0.12 *    15.39 f
  n2716 (net)                                   2                   0.00      15.39 f
  U1662/Z (AO221D0BWP7T)                                  0.15      0.57 *    15.96 f
  n3550 (net)                                   1                   0.00      15.96 f
  U3169/ZN (INVD0BWP7T)                                   1.82      1.08 *    17.04 r
  c[12] (net)                                   1                   0.00      17.04 r
  c[12] (out)                                             1.82      0.00 *    17.04 r
  data arrival time                                                           17.04

  clock clk (rise edge)                                            40.00      40.00
  clock network delay (ideal)                                       0.00      40.00
  clock uncertainty                                                -0.50      39.50
  output external delay                                           -12.00      27.50
  data required time                                                          27.50
  ---------------------------------------------------------------------------------------------------------
  data required time                                                          27.50
  data arrival time                                                          -17.04
  ---------------------------------------------------------------------------------------------------------
  slack (MET)                                                                 10.46


  Startpoint: round_reg_1_
              (rising edge-triggered flip-flop clocked by clk)
  Endpoint: l_reg_22_ (rising edge-triggered flip-flop clocked by clk)
  Path Group: clk
  Path Type: max

Attributes:
    d - dont_touch
    u - dont_use
   mo - map_only
   so - size_only
    i - ideal_net or ideal_network
  inf - infeasible path

  Point                                       Fanout     Trans      Incr       Path      Attributes
  ---------------------------------------------------------------------------------------------------------
  clock clk (rise edge)                                             0.00       0.00
  clock network delay (ideal)                                       0.00       0.00
  round_reg_1_/CP (EDFCND2BWP7T)                          0.00      0.00       0.00 r    i 
  round_reg_1_/Q (EDFCND2BWP7T)                           0.46      0.74       0.74 r
  n2313 (net)                                  16                   0.00       0.74 r
  U3104/Z (DEL1BWP7T)                                     0.36      1.13 *     1.87 r
  n2766 (net)                                   7                   0.00       1.87 r
  U1867/ZN (NR2D1BWP7T)                                   0.22      0.17 *     2.04 f
  n1528 (net)                                   4                   0.00       2.04 f
  U1724/ZN (INVD0BWP7T)                                   1.36      0.85 *     2.89 r
  n2527 (net)                                  12                   0.00       2.89 r
  U2243/ZN (AOI22D0BWP7T)                                 0.33      0.25 *     3.15 f
  n1529 (net)                                   1                   0.00       3.15 f
  U2922/Z (AO211D0BWP7T)                                  0.13      0.55 *     3.70 f
  n3628 (net)                                   1                   0.00       3.70 f
  U2917/ZN (INVD0BWP7T)                                   0.51      0.34 *     4.04 r
  n1531 (net)                                   3                   0.00       4.04 r
  U3694/ZN (OAI211D0BWP7T)                                0.39      0.30 *     4.34 f
  n3362 (net)                                   1                   0.00       4.34 f
  U3471/Z (DEL1BWP7T)                                     0.29      1.14 *     5.48 f
  n3120 (net)                                   1                   0.00       5.48 f
  U2251/ZN (XNR2D1BWP7T)                                  0.31      0.46 *     5.94 r
  n1532 (net)                                   2                   0.00       5.94 r
  U2252/Z (CKXOR2D1BWP7T)                                 0.11      0.36 *     6.29 r
  n1533 (net)                                   1                   0.00       6.29 r
  U2253/ZN (OAI22D1BWP7T)                                 0.33      0.14 *     6.44 f
  n1534 (net)                                   1                   0.00       6.44 f
  U2254/ZN (AOI211D1BWP7T)                                0.37      0.36 *     6.80 r
  n1536 (net)                                   1                   0.00       6.80 r
  U2255/ZN (OAI21D0BWP7T)                                 0.24      0.23 *     7.03 f
  rk1[25] (net)                                 1                   0.00       7.03 f
  u_clefia_round/rk1[25] (clefia_round)                             0.00       7.03 f
  u_clefia_round/rk1[25] (net)                                      0.00       7.03 f
  u_clefia_round/U79/Z (CKXOR2D1BWP7T)                    0.43      0.54 *     7.56 r
  u_clefia_round/sin1[25] (net)                 5                   0.00       7.56 r
  u_clefia_round/x_sbox10/sin[1] (clefia_sbox1_1)                   0.00       7.56 r
  u_clefia_round/x_sbox10/sin[1] (net)                              0.00       7.56 r
  u_clefia_round/x_sbox10/U6/ZN (INVD0BWP7T)              0.25      0.23 *     7.79 f
  u_clefia_round/x_sbox10/n19 (net)             3                   0.00       7.79 f
  u_clefia_round/x_sbox10/U33/ZN (ND2D2BWP7T)             0.27      0.24 *     8.03 r
  u_clefia_round/x_sbox10/n297 (net)            7                   0.00       8.03 r
  u_clefia_round/x_sbox10/U55/ZN (INVD0BWP7T)             0.35      0.29 *     8.32 f
  u_clefia_round/x_sbox10/n370 (net)            6                   0.00       8.32 f
  u_clefia_round/x_sbox10/U172/ZN (ND2D1BWP7T)            0.48      0.39 *     8.71 r
  u_clefia_round/x_sbox10/n202 (net)            5                   0.00       8.71 r
  u_clefia_round/x_sbox10/U173/ZN (OAI21D2BWP7T)          0.20      0.20 *     8.91 f
  u_clefia_round/x_sbox10/n90 (net)             3                   0.00       8.91 f
  u_clefia_round/x_sbox10/U174/ZN (AOI31D0BWP7T)          0.99      0.70 *     9.61 r
  u_clefia_round/x_sbox10/n276 (net)            2                   0.00       9.61 r
  u_clefia_round/x_sbox10/U176/ZN (ND4D0BWP7T)            0.48      0.41 *    10.02 f
  u_clefia_round/x_sbox10/n32 (net)             1                   0.00      10.02 f
  u_clefia_round/x_sbox10/U177/ZN (NR4D0BWP7T)            0.52      0.47 *    10.49 r
  u_clefia_round/x_sbox10/n237 (net)            2                   0.00      10.49 r
  u_clefia_round/x_sbox10/U337/ZN (AOI31D0BWP7T)          0.27      0.24 *    10.73 f
  u_clefia_round/x_sbox10/n251 (net)            1                   0.00      10.73 f
  u_clefia_round/x_sbox10/U242/Z (AO211D0BWP7T)           0.13      0.54 *    11.27 f
  u_clefia_round/x_sbox10/n432 (net)            1                   0.00      11.27 f
  u_clefia_round/x_sbox10/U240/ZN (INVD0BWP7T)            0.23      0.18 *    11.44 r
  u_clefia_round/x_sbox10/n257 (net)            2                   0.00      11.44 r
  u_clefia_round/x_sbox10/U342/ZN (AOI32D0BWP7T)          0.29      0.21 *    11.66 f
  u_clefia_round/x_sbox10/sout[3] (net)         1                   0.00      11.66 f
  u_clefia_round/x_sbox10/sout[3] (clefia_sbox1_1)                  0.00      11.66 f
  u_clefia_round/sout1[27] (net)                                    0.00      11.66 f
  u_clefia_round/U2370/Z (DEL1BWP7T)                      0.32      1.14 *    12.79 f
  u_clefia_round/n2490 (net)                    4                   0.00      12.79 f
  u_clefia_round/U2112/ZN (AOI22D0BWP7T)                  0.93      0.63 *    13.42 r
  u_clefia_round/n1872 (net)                    2                   0.00      13.42 r
  u_clefia_round/U2151/ZN (XNR2D1BWP7T)                   0.27      0.53 *    13.95 r
  u_clefia_round/n1881 (net)                    2                   0.00      13.95 r
  u_clefia_round/U2160/ZN (XNR4D0BWP7T)                   0.19      0.56 *    14.51 r
  u_clefia_round/rout[54] (net)                 1                   0.00      14.51 r
  u_clefia_round/rout[54] (clefia_round)                            0.00      14.51 r
  rout[54] (net)                                                    0.00      14.51 r
  U3380/ZN (INVD1BWP7T)                                   0.23      0.19 *    14.70 f
  n3041 (net)                                   3                   0.00      14.70 f
  U3038/ZN (OAI222D0BWP7T)                                0.69      0.46 *    15.16 r
  n1086 (net)                                   1                   0.00      15.16 r
  U3341/Z (DEL1BWP7T)                                     0.15      1.00 *    16.17 r
  n2998 (net)                                   1                   0.00      16.17 r
  l_reg_22_/D (DFCND0BWP7T)                               0.15      0.00 *    16.17 r
  data arrival time                                                           16.17

  clock clk (rise edge)                                            40.00      40.00
  clock network delay (ideal)                                       0.00      40.00
  clock uncertainty                                                -0.50      39.50
  l_reg_22_/CP (DFCND0BWP7T)                                        0.00      39.50 r
  library setup time                                               -0.11      39.39
  data required time                                                          39.39
  ---------------------------------------------------------------------------------------------------------
  data required time                                                          39.39
  data arrival time                                                          -16.17
  ---------------------------------------------------------------------------------------------------------
  slack (MET)                                                                 23.23


1
